Archive member included to satisfy reference by file (symbol)

c:/program files (x86)/atollic/truestudio for stm32 9.3.0/armtools/bin/../lib/gcc/arm-atollic-eabi/6.3.1/../../../../arm-atollic-eabi/lib/armv7-m\libc_nano.a(lib_a-init.o)
                              src\startup_stm32l152xe.o (__libc_init_array)
c:/program files (x86)/atollic/truestudio for stm32 9.3.0/armtools/bin/../lib/gcc/arm-atollic-eabi/6.3.1/../../../../arm-atollic-eabi/lib/armv7-m\libc_nano.a(lib_a-strcpy.o)
                              src\debug_log\debug_logs.o (strcpy)
c:/program files (x86)/atollic/truestudio for stm32 9.3.0/armtools/bin/../lib/gcc/arm-atollic-eabi/6.3.1/../../../../arm-atollic-eabi/lib/armv7-m\libc_nano.a(lib_a-strlen.o)
                              src\debug_log\debug_logs.o (strlen)
c:/program files (x86)/atollic/truestudio for stm32 9.3.0/armtools/bin/../lib/gcc/arm-atollic-eabi/6.3.1/../../../../arm-atollic-eabi/lib/armv7-m\libc_nano.a(lib_a-strncat.o)
                              src\debug_log\debug_logs.o (strncat)
c:/program files (x86)/atollic/truestudio for stm32 9.3.0/armtools/bin/../lib/gcc/arm-atollic-eabi/6.3.1/../../../../arm-atollic-eabi/lib/armv7-m\libnosys.a(write.o)
                              src\tiny_printf.o (_write)
c:/program files (x86)/atollic/truestudio for stm32 9.3.0/armtools/bin/../lib/gcc/arm-atollic-eabi/6.3.1/../../../../arm-atollic-eabi/lib/armv7-m\libnosys.a(errno.o)
                              c:/program files (x86)/atollic/truestudio for stm32 9.3.0/armtools/bin/../lib/gcc/arm-atollic-eabi/6.3.1/../../../../arm-atollic-eabi/lib/armv7-m\libnosys.a(write.o) (errno)

Allocating common symbols
Common symbol       size              file

errno               0x4               c:/program files (x86)/atollic/truestudio for stm32 9.3.0/armtools/bin/../lib/gcc/arm-atollic-eabi/6.3.1/../../../../arm-atollic-eabi/lib/armv7-m\libnosys.a(errno.o)

Discarded input sections

 .text          0x00000000        0x0 c:/program files (x86)/atollic/truestudio for stm32 9.3.0/armtools/bin/../lib/gcc/arm-atollic-eabi/6.3.1/armv7-m/crti.o
 .data          0x00000000        0x0 c:/program files (x86)/atollic/truestudio for stm32 9.3.0/armtools/bin/../lib/gcc/arm-atollic-eabi/6.3.1/armv7-m/crti.o
 .bss           0x00000000        0x0 c:/program files (x86)/atollic/truestudio for stm32 9.3.0/armtools/bin/../lib/gcc/arm-atollic-eabi/6.3.1/armv7-m/crti.o
 .data          0x00000000        0x4 c:/program files (x86)/atollic/truestudio for stm32 9.3.0/armtools/bin/../lib/gcc/arm-atollic-eabi/6.3.1/armv7-m/crtbegin.o
 .text          0x00000000        0x0 src\am2302\am2302.o
 .data          0x00000000        0x0 src\am2302\am2302.o
 .bss           0x00000000        0x0 src\am2302\am2302.o
 .text.am2302Request
                0x00000000      0x174 src\am2302\am2302.o
 .rodata        0x00000000       0x19 src\am2302\am2302.o
 .text.am2302ShowUart2
                0x00000000       0xf0 src\am2302\am2302.o
 .debug_info    0x00000000      0xc26 src\am2302\am2302.o
 .debug_abbrev  0x00000000      0x215 src\am2302\am2302.o
 .debug_aranges
                0x00000000       0x28 src\am2302\am2302.o
 .debug_ranges  0x00000000       0x18 src\am2302\am2302.o
 .debug_line    0x00000000      0x358 src\am2302\am2302.o
 .debug_str     0x00000000      0x750 src\am2302\am2302.o
 .comment       0x00000000       0x7d src\am2302\am2302.o
 .debug_frame   0x00000000       0x60 src\am2302\am2302.o
 .ARM.attributes
                0x00000000       0x33 src\am2302\am2302.o
 .text          0x00000000        0x0 src\debug_log\conv_int_ascii.o
 .data          0x00000000        0x0 src\debug_log\conv_int_ascii.o
 .bss           0x00000000        0x0 src\debug_log\conv_int_ascii.o
 .text.conv_int_ascii
                0x00000000       0x88 src\debug_log\conv_int_ascii.o
 .debug_info    0x00000000       0xa5 src\debug_log\conv_int_ascii.o
 .debug_abbrev  0x00000000       0x83 src\debug_log\conv_int_ascii.o
 .debug_aranges
                0x00000000       0x20 src\debug_log\conv_int_ascii.o
 .debug_ranges  0x00000000       0x10 src\debug_log\conv_int_ascii.o
 .debug_line    0x00000000       0x60 src\debug_log\conv_int_ascii.o
 .debug_str     0x00000000      0x112 src\debug_log\conv_int_ascii.o
 .comment       0x00000000       0x7d src\debug_log\conv_int_ascii.o
 .debug_frame   0x00000000       0x38 src\debug_log\conv_int_ascii.o
 .ARM.attributes
                0x00000000       0x33 src\debug_log\conv_int_ascii.o
 .text          0x00000000        0x0 src\debug_log\debug_logs.o
 .data          0x00000000        0x0 src\debug_log\debug_logs.o
 .bss           0x00000000        0x0 src\debug_log\debug_logs.o
 .rodata        0x00000000       0x9f src\debug_log\debug_logs.o
 .text.check_pass
                0x00000000      0x200 src\debug_log\debug_logs.o
 .debug_info    0x00000000      0x97a src\debug_log\debug_logs.o
 .debug_abbrev  0x00000000      0x1e2 src\debug_log\debug_logs.o
 .debug_aranges
                0x00000000       0x20 src\debug_log\debug_logs.o
 .debug_ranges  0x00000000       0x10 src\debug_log\debug_logs.o
 .debug_line    0x00000000      0x20d src\debug_log\debug_logs.o
 .debug_str     0x00000000      0x67f src\debug_log\debug_logs.o
 .comment       0x00000000       0x7d src\debug_log\debug_logs.o
 .debug_frame   0x00000000       0x34 src\debug_log\debug_logs.o
 .ARM.attributes
                0x00000000       0x33 src\debug_log\debug_logs.o
 .text          0x00000000        0x0 src\i2c\i2c_functions.o
 .data          0x00000000        0x0 src\i2c\i2c_functions.o
 .bss           0x00000000        0x0 src\i2c\i2c_functions.o
 .text.I2C_Start
                0x00000000       0x2c src\i2c\i2c_functions.o
 .text.I2C_Write_Addr
                0x00000000       0x3c src\i2c\i2c_functions.o
 .text.I2C_Write_Data
                0x00000000       0x4c src\i2c\i2c_functions.o
 .text.I2C_Read_Data
                0x00000000       0x34 src\i2c\i2c_functions.o
 .text.I2C_Stop
                0x00000000       0x20 src\i2c\i2c_functions.o
 .text.I2C1_Bus_Test
                0x00000000       0x64 src\i2c\i2c_functions.o
 .text.I2C_POS_Read
                0x00000000       0x20 src\i2c\i2c_functions.o
 .text.I2C_EN_ACK
                0x00000000       0x20 src\i2c\i2c_functions.o
 .text.I2C_DI_ACK
                0x00000000       0x20 src\i2c\i2c_functions.o
 .text.I2C_Check_ACK_Failure
                0x00000000       0x30 src\i2c\i2c_functions.o
 .text.I2C_Check_Overrun
                0x00000000       0x30 src\i2c\i2c_functions.o
 .text.I2C_Clear_AddrFlag
                0x00000000       0x1c src\i2c\i2c_functions.o
 .debug_info    0x00000000      0xb97 src\i2c\i2c_functions.o
 .debug_abbrev  0x00000000      0x244 src\i2c\i2c_functions.o
 .debug_aranges
                0x00000000       0x78 src\i2c\i2c_functions.o
 .debug_ranges  0x00000000       0x68 src\i2c\i2c_functions.o
 .debug_line    0x00000000      0x376 src\i2c\i2c_functions.o
 .debug_str     0x00000000      0x792 src\i2c\i2c_functions.o
 .comment       0x00000000       0x7d src\i2c\i2c_functions.o
 .debug_frame   0x00000000      0x1ac src\i2c\i2c_functions.o
 .ARM.attributes
                0x00000000       0x33 src\i2c\i2c_functions.o
 .text          0x00000000        0x0 src\i2c\i2c_init.o
 .data          0x00000000        0x0 src\i2c\i2c_init.o
 .bss           0x00000000        0x0 src\i2c\i2c_init.o
 .text.I2C1_GPIO_Init
                0x00000000       0x60 src\i2c\i2c_init.o
 .text.I2C1_Init
                0x00000000       0x60 src\i2c\i2c_init.o
 .debug_info    0x00000000      0xbcf src\i2c\i2c_init.o
 .debug_abbrev  0x00000000      0x19d src\i2c\i2c_init.o
 .debug_aranges
                0x00000000       0x28 src\i2c\i2c_init.o
 .debug_ranges  0x00000000       0x18 src\i2c\i2c_init.o
 .debug_line    0x00000000      0x27f src\i2c\i2c_init.o
 .debug_str     0x00000000      0x774 src\i2c\i2c_init.o
 .comment       0x00000000       0x7d src\i2c\i2c_init.o
 .debug_frame   0x00000000       0x50 src\i2c\i2c_init.o
 .ARM.attributes
                0x00000000       0x33 src\i2c\i2c_init.o
 .text          0x00000000        0x0 src\i2c\i2c_read_data.o
 .data          0x00000000        0x0 src\i2c\i2c_read_data.o
 .bss           0x00000000        0x0 src\i2c\i2c_read_data.o
 .debug_line    0x00000000        0x0 src\i2c\i2c_read_data.o
 .debug_str     0x00000000       0xe5 src\i2c\i2c_read_data.o
 .comment       0x00000000       0x7d src\i2c\i2c_read_data.o
 .ARM.attributes
                0x00000000       0x33 src\i2c\i2c_read_data.o
 .text          0x00000000        0x0 src\i2c\i2c_write_command.o
 .data          0x00000000        0x0 src\i2c\i2c_write_command.o
 .bss           0x00000000        0x0 src\i2c\i2c_write_command.o
 .debug_line    0x00000000        0x0 src\i2c\i2c_write_command.o
 .debug_str     0x00000000       0xe9 src\i2c\i2c_write_command.o
 .comment       0x00000000       0x7d src\i2c\i2c_write_command.o
 .ARM.attributes
                0x00000000       0x33 src\i2c\i2c_write_command.o
 .text          0x00000000        0x0 src\main.o
 .data          0x00000000        0x0 src\main.o
 .bss           0x00000000        0x0 src\main.o
 .text          0x00000000        0x0 src\sensor\ds1621\ds1621.o
 .data          0x00000000        0x0 src\sensor\ds1621\ds1621.o
 .bss           0x00000000        0x0 src\sensor\ds1621\ds1621.o
 .text.ds1621_start
                0x00000000       0x16 src\sensor\ds1621\ds1621.o
 .text.ds1621_read_temperature
                0x00000000       0x1c src\sensor\ds1621\ds1621.o
 .text.ds1621_read_count_per_c
                0x00000000       0x1a src\sensor\ds1621\ds1621.o
 .text.ds1621_read_count_remain
                0x00000000       0x1a src\sensor\ds1621\ds1621.o
 .debug_info    0x00000000       0xfd src\sensor\ds1621\ds1621.o
 .debug_abbrev  0x00000000       0x9d src\sensor\ds1621\ds1621.o
 .debug_aranges
                0x00000000       0x38 src\sensor\ds1621\ds1621.o
 .debug_ranges  0x00000000       0x28 src\sensor\ds1621\ds1621.o
 .debug_line    0x00000000       0x83 src\sensor\ds1621\ds1621.o
 .debug_str     0x00000000      0x182 src\sensor\ds1621\ds1621.o
 .comment       0x00000000       0x7d src\sensor\ds1621\ds1621.o
 .debug_frame   0x00000000       0x98 src\sensor\ds1621\ds1621.o
 .ARM.attributes
                0x00000000       0x33 src\sensor\ds1621\ds1621.o
 .text          0x00000000        0x0 src\sensor\sgp30\sgp30.o
 .data          0x00000000        0x0 src\sensor\sgp30\sgp30.o
 .bss           0x00000000        0x0 src\sensor\sgp30\sgp30.o
 .rodata        0x00000000       0x46 src\sensor\sgp30\sgp30.o
 .text.SGP30_Init
                0x00000000       0x3c src\sensor\sgp30\sgp30.o
 .text.SGP30_Measure
                0x00000000       0x54 src\sensor\sgp30\sgp30.o
 .debug_info    0x00000000      0xa4a src\sensor\sgp30\sgp30.o
 .debug_abbrev  0x00000000      0x1ef src\sensor\sgp30\sgp30.o
 .debug_aranges
                0x00000000       0x28 src\sensor\sgp30\sgp30.o
 .debug_ranges  0x00000000       0x18 src\sensor\sgp30\sgp30.o
 .debug_line    0x00000000      0x276 src\sensor\sgp30\sgp30.o
 .debug_str     0x00000000      0x6ff src\sensor\sgp30\sgp30.o
 .comment       0x00000000       0x7d src\sensor\sgp30\sgp30.o
 .debug_frame   0x00000000       0x50 src\sensor\sgp30\sgp30.o
 .ARM.attributes
                0x00000000       0x33 src\sensor\sgp30\sgp30.o
 .text          0x00000000        0x0 src\sensor\sgp30\sgp30_function.o
 .data          0x00000000        0x0 src\sensor\sgp30\sgp30_function.o
 .bss           0x00000000        0x0 src\sensor\sgp30\sgp30_function.o
 .rodata        0x00000000       0x9c src\sensor\sgp30\sgp30_function.o
 .text.SGP30_Write_Cmd
                0x00000000       0x88 src\sensor\sgp30\sgp30_function.o
 .text.SGP30_Read_Data
                0x00000000      0x14c src\sensor\sgp30\sgp30_function.o
 .text.sgp30_crc
                0x00000000       0x6e src\sensor\sgp30\sgp30_function.o
 .debug_info    0x00000000      0xb73 src\sensor\sgp30\sgp30_function.o
 .debug_abbrev  0x00000000      0x236 src\sensor\sgp30\sgp30_function.o
 .debug_aranges
                0x00000000       0x30 src\sensor\sgp30\sgp30_function.o
 .debug_ranges  0x00000000       0x20 src\sensor\sgp30\sgp30_function.o
 .debug_line    0x00000000      0x364 src\sensor\sgp30\sgp30_function.o
 .debug_str     0x00000000      0x745 src\sensor\sgp30\sgp30_function.o
 .comment       0x00000000       0x7d src\sensor\sgp30\sgp30_function.o
 .debug_frame   0x00000000       0x80 src\sensor\sgp30\sgp30_function.o
 .ARM.attributes
                0x00000000       0x33 src\sensor\sgp30\sgp30_function.o
 .text          0x00000000       0x14 src\startup_stm32l152xe.o
 .data          0x00000000        0x0 src\startup_stm32l152xe.o
 .bss           0x00000000        0x0 src\startup_stm32l152xe.o
 .text          0x00000000        0x0 src\system_clock\pllclk_32MHz.o
 .data          0x00000000        0x0 src\system_clock\pllclk_32MHz.o
 .bss           0x00000000        0x0 src\system_clock\pllclk_32MHz.o
 .text.SetSysClk
                0x00000000      0x10c src\system_clock\pllclk_32MHz.o
 .debug_info    0x00000000      0x32a src\system_clock\pllclk_32MHz.o
 .debug_abbrev  0x00000000       0xd8 src\system_clock\pllclk_32MHz.o
 .debug_aranges
                0x00000000       0x20 src\system_clock\pllclk_32MHz.o
 .debug_ranges  0x00000000       0x10 src\system_clock\pllclk_32MHz.o
 .debug_line    0x00000000      0x1e8 src\system_clock\pllclk_32MHz.o
 .debug_str     0x00000000      0x2d7 src\system_clock\pllclk_32MHz.o
 .comment       0x00000000       0x7d src\system_clock\pllclk_32MHz.o
 .debug_frame   0x00000000       0x34 src\system_clock\pllclk_32MHz.o
 .ARM.attributes
                0x00000000       0x33 src\system_clock\pllclk_32MHz.o
 .text          0x00000000        0x0 src\system_stm32l1xx.o
 .data          0x00000000        0x0 src\system_stm32l1xx.o
 .bss           0x00000000        0x0 src\system_stm32l1xx.o
 .data.SystemCoreClock
                0x00000000        0x4 src\system_stm32l1xx.o
 .rodata.PLLMulTable
                0x00000000        0x9 src\system_stm32l1xx.o
 .rodata.AHBPrescTable
                0x00000000       0x10 src\system_stm32l1xx.o
 .rodata.APBPrescTable
                0x00000000        0x8 src\system_stm32l1xx.o
 .text.SystemCoreClockUpdate
                0x00000000      0x150 src\system_stm32l1xx.o
 .text          0x00000000        0x0 src\timer\1_systick.o
 .data          0x00000000        0x0 src\timer\1_systick.o
 .bss           0x00000000        0x0 src\timer\1_systick.o
 .text.systickDelayMs
                0x00000000       0x54 src\timer\1_systick.o
 .text.systickDelayUs
                0x00000000       0x50 src\timer\1_systick.o
 .debug_info    0x00000000      0x201 src\timer\1_systick.o
 .debug_abbrev  0x00000000      0x10a src\timer\1_systick.o
 .debug_aranges
                0x00000000       0x28 src\timer\1_systick.o
 .debug_ranges  0x00000000       0x18 src\timer\1_systick.o
 .debug_line    0x00000000      0x1d8 src\timer\1_systick.o
 .debug_str     0x00000000      0x23a src\timer\1_systick.o
 .comment       0x00000000       0x7d src\timer\1_systick.o
 .debug_frame   0x00000000       0x60 src\timer\1_systick.o
 .ARM.attributes
                0x00000000       0x33 src\timer\1_systick.o
 .text          0x00000000        0x0 src\timer\5.1_timer_output_toggle_compare.o
 .data          0x00000000        0x0 src\timer\5.1_timer_output_toggle_compare.o
 .bss           0x00000000        0x0 src\timer\5.1_timer_output_toggle_compare.o
 .text.tim2_output_compare_init
                0x00000000       0x80 src\timer\5.1_timer_output_toggle_compare.o
 .debug_info    0x00000000      0x3f0 src\timer\5.1_timer_output_toggle_compare.o
 .debug_abbrev  0x00000000       0xc9 src\timer\5.1_timer_output_toggle_compare.o
 .debug_aranges
                0x00000000       0x20 src\timer\5.1_timer_output_toggle_compare.o
 .debug_ranges  0x00000000       0x10 src\timer\5.1_timer_output_toggle_compare.o
 .debug_line    0x00000000      0x1c7 src\timer\5.1_timer_output_toggle_compare.o
 .debug_str     0x00000000      0x315 src\timer\5.1_timer_output_toggle_compare.o
 .comment       0x00000000       0x7d src\timer\5.1_timer_output_toggle_compare.o
 .debug_frame   0x00000000       0x30 src\timer\5.1_timer_output_toggle_compare.o
 .ARM.attributes
                0x00000000       0x33 src\timer\5.1_timer_output_toggle_compare.o
 .text          0x00000000        0x0 src\timer\5.2_timer_input_capture.o
 .data          0x00000000        0x0 src\timer\5.2_timer_input_capture.o
 .bss           0x00000000        0x0 src\timer\5.2_timer_input_capture.o
 .text.tim3_input_capture_init
                0x00000000       0x68 src\timer\5.2_timer_input_capture.o
 .debug_info    0x00000000      0x3f0 src\timer\5.2_timer_input_capture.o
 .debug_abbrev  0x00000000       0xc9 src\timer\5.2_timer_input_capture.o
 .debug_aranges
                0x00000000       0x20 src\timer\5.2_timer_input_capture.o
 .debug_ranges  0x00000000       0x10 src\timer\5.2_timer_input_capture.o
 .debug_line    0x00000000      0x1bd src\timer\5.2_timer_input_capture.o
 .debug_str     0x00000000      0x30c src\timer\5.2_timer_input_capture.o
 .comment       0x00000000       0x7d src\timer\5.2_timer_input_capture.o
 .debug_frame   0x00000000       0x30 src\timer\5.2_timer_input_capture.o
 .ARM.attributes
                0x00000000       0x33 src\timer\5.2_timer_input_capture.o
 .text          0x00000000        0x0 src\timer\5_timer_autoreload.o
 .data          0x00000000        0x0 src\timer\5_timer_autoreload.o
 .bss           0x00000000        0x0 src\timer\5_timer_autoreload.o
 .text.tim2_1hz_init
                0x00000000       0x40 src\timer\5_timer_autoreload.o
 .debug_info    0x00000000      0x343 src\timer\5_timer_autoreload.o
 .debug_abbrev  0x00000000       0xc9 src\timer\5_timer_autoreload.o
 .debug_aranges
                0x00000000       0x20 src\timer\5_timer_autoreload.o
 .debug_ranges  0x00000000       0x10 src\timer\5_timer_autoreload.o
 .debug_line    0x00000000      0x1b7 src\timer\5_timer_autoreload.o
 .debug_str     0x00000000      0x2cb src\timer\5_timer_autoreload.o
 .comment       0x00000000       0x7d src\timer\5_timer_autoreload.o
 .debug_frame   0x00000000       0x30 src\timer\5_timer_autoreload.o
 .ARM.attributes
                0x00000000       0x33 src\timer\5_timer_autoreload.o
 .text          0x00000000        0x0 src\tiny_printf.o
 .data          0x00000000        0x0 src\tiny_printf.o
 .bss           0x00000000        0x0 src\tiny_printf.o
 .text.ts_itoa  0x00000000       0x90 src\tiny_printf.o
 .text.ts_formatstring
                0x00000000      0x12e src\tiny_printf.o
 .text.ts_formatlength
                0x00000000      0x12c src\tiny_printf.o
 .text.siprintf
                0x00000000       0x2c src\tiny_printf.o
 .text.fiprintf
                0x00000000       0x9a src\tiny_printf.o
 .text.iprintf  0x00000000       0x92 src\tiny_printf.o
 .rodata        0x00000000        0x2 src\tiny_printf.o
 .text.fputs    0x00000000       0x68 src\tiny_printf.o
 .text.puts     0x00000000       0x58 src\tiny_printf.o
 .text.fwrite   0x00000000       0x38 src\tiny_printf.o
 .debug_info    0x00000000      0xc78 src\tiny_printf.o
 .debug_abbrev  0x00000000      0x262 src\tiny_printf.o
 .debug_aranges
                0x00000000       0x60 src\tiny_printf.o
 .debug_ranges  0x00000000       0x50 src\tiny_printf.o
 .debug_line    0x00000000      0x2bf src\tiny_printf.o
 .debug_str     0x00000000      0x655 src\tiny_printf.o
 .comment       0x00000000       0x7d src\tiny_printf.o
 .debug_frame   0x00000000      0x1bc src\tiny_printf.o
 .ARM.attributes
                0x00000000       0x33 src\tiny_printf.o
 .text          0x00000000        0x0 src\uart2\uart2.o
 .data          0x00000000        0x0 src\uart2\uart2.o
 .bss           0x00000000        0x0 src\uart2\uart2.o
 .text.compute_uart_bd
                0x00000000       0x24 src\uart2\uart2.o
 .text.uart_set_baudrate
                0x00000000       0x24 src\uart2\uart2.o
 .text.uart2_init
                0x00000000       0x80 src\uart2\uart2.o
 .text.uart2_write
                0x00000000       0x2c src\uart2\uart2.o
 .text.uart2_write_string
                0x00000000       0x3a src\uart2\uart2.o
 .text.uart2_read
                0x00000000       0x24 src\uart2\uart2.o
 .debug_info    0x00000000      0x43c src\uart2\uart2.o
 .debug_abbrev  0x00000000      0x163 src\uart2\uart2.o
 .debug_aranges
                0x00000000       0x48 src\uart2\uart2.o
 .debug_ranges  0x00000000       0x38 src\uart2\uart2.o
 .debug_line    0x00000000      0x218 src\uart2\uart2.o
 .debug_str     0x00000000      0x329 src\uart2\uart2.o
 .comment       0x00000000       0x7d src\uart2\uart2.o
 .debug_frame   0x00000000       0xe4 src\uart2\uart2.o
 .ARM.attributes
                0x00000000       0x33 src\uart2\uart2.o
 .text          0x00000000        0x0 c:/program files (x86)/atollic/truestudio for stm32 9.3.0/armtools/bin/../lib/gcc/arm-atollic-eabi/6.3.1/../../../../arm-atollic-eabi/lib/armv7-m\libc_nano.a(lib_a-init.o)
 .data          0x00000000        0x0 c:/program files (x86)/atollic/truestudio for stm32 9.3.0/armtools/bin/../lib/gcc/arm-atollic-eabi/6.3.1/../../../../arm-atollic-eabi/lib/armv7-m\libc_nano.a(lib_a-init.o)
 .bss           0x00000000        0x0 c:/program files (x86)/atollic/truestudio for stm32 9.3.0/armtools/bin/../lib/gcc/arm-atollic-eabi/6.3.1/../../../../arm-atollic-eabi/lib/armv7-m\libc_nano.a(lib_a-init.o)
 .text          0x00000000        0x0 c:/program files (x86)/atollic/truestudio for stm32 9.3.0/armtools/bin/../lib/gcc/arm-atollic-eabi/6.3.1/../../../../arm-atollic-eabi/lib/armv7-m\libc_nano.a(lib_a-strcpy.o)
 .data          0x00000000        0x0 c:/program files (x86)/atollic/truestudio for stm32 9.3.0/armtools/bin/../lib/gcc/arm-atollic-eabi/6.3.1/../../../../arm-atollic-eabi/lib/armv7-m\libc_nano.a(lib_a-strcpy.o)
 .bss           0x00000000        0x0 c:/program files (x86)/atollic/truestudio for stm32 9.3.0/armtools/bin/../lib/gcc/arm-atollic-eabi/6.3.1/../../../../arm-atollic-eabi/lib/armv7-m\libc_nano.a(lib_a-strcpy.o)
 .text.strcpy   0x00000000       0x10 c:/program files (x86)/atollic/truestudio for stm32 9.3.0/armtools/bin/../lib/gcc/arm-atollic-eabi/6.3.1/../../../../arm-atollic-eabi/lib/armv7-m\libc_nano.a(lib_a-strcpy.o)
 .debug_frame   0x00000000       0x20 c:/program files (x86)/atollic/truestudio for stm32 9.3.0/armtools/bin/../lib/gcc/arm-atollic-eabi/6.3.1/../../../../arm-atollic-eabi/lib/armv7-m\libc_nano.a(lib_a-strcpy.o)
 .ARM.attributes
                0x00000000       0x2d c:/program files (x86)/atollic/truestudio for stm32 9.3.0/armtools/bin/../lib/gcc/arm-atollic-eabi/6.3.1/../../../../arm-atollic-eabi/lib/armv7-m\libc_nano.a(lib_a-strcpy.o)
 .text          0x00000000       0x10 c:/program files (x86)/atollic/truestudio for stm32 9.3.0/armtools/bin/../lib/gcc/arm-atollic-eabi/6.3.1/../../../../arm-atollic-eabi/lib/armv7-m\libc_nano.a(lib_a-strlen.o)
 .data          0x00000000        0x0 c:/program files (x86)/atollic/truestudio for stm32 9.3.0/armtools/bin/../lib/gcc/arm-atollic-eabi/6.3.1/../../../../arm-atollic-eabi/lib/armv7-m\libc_nano.a(lib_a-strlen.o)
 .bss           0x00000000        0x0 c:/program files (x86)/atollic/truestudio for stm32 9.3.0/armtools/bin/../lib/gcc/arm-atollic-eabi/6.3.1/../../../../arm-atollic-eabi/lib/armv7-m\libc_nano.a(lib_a-strlen.o)
 .ARM.attributes
                0x00000000       0x17 c:/program files (x86)/atollic/truestudio for stm32 9.3.0/armtools/bin/../lib/gcc/arm-atollic-eabi/6.3.1/../../../../arm-atollic-eabi/lib/armv7-m\libc_nano.a(lib_a-strlen.o)
 .text          0x00000000        0x0 c:/program files (x86)/atollic/truestudio for stm32 9.3.0/armtools/bin/../lib/gcc/arm-atollic-eabi/6.3.1/../../../../arm-atollic-eabi/lib/armv7-m\libc_nano.a(lib_a-strncat.o)
 .data          0x00000000        0x0 c:/program files (x86)/atollic/truestudio for stm32 9.3.0/armtools/bin/../lib/gcc/arm-atollic-eabi/6.3.1/../../../../arm-atollic-eabi/lib/armv7-m\libc_nano.a(lib_a-strncat.o)
 .bss           0x00000000        0x0 c:/program files (x86)/atollic/truestudio for stm32 9.3.0/armtools/bin/../lib/gcc/arm-atollic-eabi/6.3.1/../../../../arm-atollic-eabi/lib/armv7-m\libc_nano.a(lib_a-strncat.o)
 .text.strncat  0x00000000       0x28 c:/program files (x86)/atollic/truestudio for stm32 9.3.0/armtools/bin/../lib/gcc/arm-atollic-eabi/6.3.1/../../../../arm-atollic-eabi/lib/armv7-m\libc_nano.a(lib_a-strncat.o)
 .debug_frame   0x00000000       0x2c c:/program files (x86)/atollic/truestudio for stm32 9.3.0/armtools/bin/../lib/gcc/arm-atollic-eabi/6.3.1/../../../../arm-atollic-eabi/lib/armv7-m\libc_nano.a(lib_a-strncat.o)
 .ARM.attributes
                0x00000000       0x2d c:/program files (x86)/atollic/truestudio for stm32 9.3.0/armtools/bin/../lib/gcc/arm-atollic-eabi/6.3.1/../../../../arm-atollic-eabi/lib/armv7-m\libc_nano.a(lib_a-strncat.o)
 .text          0x00000000        0x0 c:/program files (x86)/atollic/truestudio for stm32 9.3.0/armtools/bin/../lib/gcc/arm-atollic-eabi/6.3.1/../../../../arm-atollic-eabi/lib/armv7-m\libnosys.a(write.o)
 .data          0x00000000        0x0 c:/program files (x86)/atollic/truestudio for stm32 9.3.0/armtools/bin/../lib/gcc/arm-atollic-eabi/6.3.1/../../../../arm-atollic-eabi/lib/armv7-m\libnosys.a(write.o)
 .bss           0x00000000        0x0 c:/program files (x86)/atollic/truestudio for stm32 9.3.0/armtools/bin/../lib/gcc/arm-atollic-eabi/6.3.1/../../../../arm-atollic-eabi/lib/armv7-m\libnosys.a(write.o)
 .stab          0x00000000       0x24 c:/program files (x86)/atollic/truestudio for stm32 9.3.0/armtools/bin/../lib/gcc/arm-atollic-eabi/6.3.1/../../../../arm-atollic-eabi/lib/armv7-m\libnosys.a(write.o)
 .text._write   0x00000000       0x10 c:/program files (x86)/atollic/truestudio for stm32 9.3.0/armtools/bin/../lib/gcc/arm-atollic-eabi/6.3.1/../../../../arm-atollic-eabi/lib/armv7-m\libnosys.a(write.o)
 .debug_frame   0x00000000       0x20 c:/program files (x86)/atollic/truestudio for stm32 9.3.0/armtools/bin/../lib/gcc/arm-atollic-eabi/6.3.1/../../../../arm-atollic-eabi/lib/armv7-m\libnosys.a(write.o)
 .ARM.attributes
                0x00000000       0x2d c:/program files (x86)/atollic/truestudio for stm32 9.3.0/armtools/bin/../lib/gcc/arm-atollic-eabi/6.3.1/../../../../arm-atollic-eabi/lib/armv7-m\libnosys.a(write.o)
 .text          0x00000000        0x0 c:/program files (x86)/atollic/truestudio for stm32 9.3.0/armtools/bin/../lib/gcc/arm-atollic-eabi/6.3.1/../../../../arm-atollic-eabi/lib/armv7-m\libnosys.a(errno.o)
 .data          0x00000000        0x0 c:/program files (x86)/atollic/truestudio for stm32 9.3.0/armtools/bin/../lib/gcc/arm-atollic-eabi/6.3.1/../../../../arm-atollic-eabi/lib/armv7-m\libnosys.a(errno.o)
 .bss           0x00000000        0x0 c:/program files (x86)/atollic/truestudio for stm32 9.3.0/armtools/bin/../lib/gcc/arm-atollic-eabi/6.3.1/../../../../arm-atollic-eabi/lib/armv7-m\libnosys.a(errno.o)
 .ARM.attributes
                0x00000000       0x2d c:/program files (x86)/atollic/truestudio for stm32 9.3.0/armtools/bin/../lib/gcc/arm-atollic-eabi/6.3.1/../../../../arm-atollic-eabi/lib/armv7-m\libnosys.a(errno.o)
 COMMON         0x00000000        0x4 c:/program files (x86)/atollic/truestudio for stm32 9.3.0/armtools/bin/../lib/gcc/arm-atollic-eabi/6.3.1/../../../../arm-atollic-eabi/lib/armv7-m\libnosys.a(errno.o)
 .text          0x00000000        0x0 c:/program files (x86)/atollic/truestudio for stm32 9.3.0/armtools/bin/../lib/gcc/arm-atollic-eabi/6.3.1/armv7-m/crtend.o
 .data          0x00000000        0x0 c:/program files (x86)/atollic/truestudio for stm32 9.3.0/armtools/bin/../lib/gcc/arm-atollic-eabi/6.3.1/armv7-m/crtend.o
 .bss           0x00000000        0x0 c:/program files (x86)/atollic/truestudio for stm32 9.3.0/armtools/bin/../lib/gcc/arm-atollic-eabi/6.3.1/armv7-m/crtend.o
 .eh_frame      0x00000000        0x4 c:/program files (x86)/atollic/truestudio for stm32 9.3.0/armtools/bin/../lib/gcc/arm-atollic-eabi/6.3.1/armv7-m/crtend.o
 .ARM.attributes
                0x00000000       0x2d c:/program files (x86)/atollic/truestudio for stm32 9.3.0/armtools/bin/../lib/gcc/arm-atollic-eabi/6.3.1/armv7-m/crtend.o
 .text          0x00000000        0x0 c:/program files (x86)/atollic/truestudio for stm32 9.3.0/armtools/bin/../lib/gcc/arm-atollic-eabi/6.3.1/armv7-m/crtn.o
 .data          0x00000000        0x0 c:/program files (x86)/atollic/truestudio for stm32 9.3.0/armtools/bin/../lib/gcc/arm-atollic-eabi/6.3.1/armv7-m/crtn.o
 .bss           0x00000000        0x0 c:/program files (x86)/atollic/truestudio for stm32 9.3.0/armtools/bin/../lib/gcc/arm-atollic-eabi/6.3.1/armv7-m/crtn.o

Memory Configuration

Name             Origin             Length             Attributes
FLASH            0x08000000         0x00080000         xr
RAM              0x20000000         0x00014000         xrw
MEMORY_B1        0x60000000         0x00000000         xr
*default*        0x00000000         0xffffffff

Linker script and memory map

LOAD c:/program files (x86)/atollic/truestudio for stm32 9.3.0/armtools/bin/../lib/gcc/arm-atollic-eabi/6.3.1/armv7-m/crti.o
LOAD c:/program files (x86)/atollic/truestudio for stm32 9.3.0/armtools/bin/../lib/gcc/arm-atollic-eabi/6.3.1/armv7-m/crtbegin.o
LOAD src\am2302\am2302.o
LOAD src\debug_log\conv_int_ascii.o
LOAD src\debug_log\debug_logs.o
LOAD src\i2c\i2c_functions.o
LOAD src\i2c\i2c_init.o
LOAD src\i2c\i2c_read_data.o
LOAD src\i2c\i2c_write_command.o
LOAD src\main.o
LOAD src\sensor\ds1621\ds1621.o
LOAD src\sensor\sgp30\sgp30.o
LOAD src\sensor\sgp30\sgp30_function.o
LOAD src\startup_stm32l152xe.o
LOAD src\system_clock\pllclk_32MHz.o
LOAD src\system_stm32l1xx.o
LOAD src\timer\1_systick.o
LOAD src\timer\5.1_timer_output_toggle_compare.o
LOAD src\timer\5.2_timer_input_capture.o
LOAD src\timer\5_timer_autoreload.o
LOAD src\tiny_printf.o
LOAD src\uart2\uart2.o
                0x00000080                malloc_getpagesize_P = 0x80
START GROUP
LOAD c:/program files (x86)/atollic/truestudio for stm32 9.3.0/armtools/bin/../lib/gcc/arm-atollic-eabi/6.3.1/../../../../arm-atollic-eabi/lib/armv7-m\libc_nano.a
LOAD c:/program files (x86)/atollic/truestudio for stm32 9.3.0/armtools/bin/../lib/gcc/arm-atollic-eabi/6.3.1/../../../../arm-atollic-eabi/lib/armv7-m\libm.a
END GROUP
START GROUP
LOAD c:/program files (x86)/atollic/truestudio for stm32 9.3.0/armtools/bin/../lib/gcc/arm-atollic-eabi/6.3.1/armv7-m\libgcc.a
LOAD c:/program files (x86)/atollic/truestudio for stm32 9.3.0/armtools/bin/../lib/gcc/arm-atollic-eabi/6.3.1/../../../../arm-atollic-eabi/lib/armv7-m\libc_nano.a
END GROUP
START GROUP
LOAD c:/program files (x86)/atollic/truestudio for stm32 9.3.0/armtools/bin/../lib/gcc/arm-atollic-eabi/6.3.1/armv7-m\libgcc.a
LOAD c:/program files (x86)/atollic/truestudio for stm32 9.3.0/armtools/bin/../lib/gcc/arm-atollic-eabi/6.3.1/../../../../arm-atollic-eabi/lib/armv7-m\libc_nano.a
LOAD c:/program files (x86)/atollic/truestudio for stm32 9.3.0/armtools/bin/../lib/gcc/arm-atollic-eabi/6.3.1/../../../../arm-atollic-eabi/lib/armv7-m\libnosys.a
END GROUP
START GROUP
LOAD c:/program files (x86)/atollic/truestudio for stm32 9.3.0/armtools/bin/../lib/gcc/arm-atollic-eabi/6.3.1/armv7-m\libgcc.a
LOAD c:/program files (x86)/atollic/truestudio for stm32 9.3.0/armtools/bin/../lib/gcc/arm-atollic-eabi/6.3.1/../../../../arm-atollic-eabi/lib/armv7-m\libc_nano.a
LOAD c:/program files (x86)/atollic/truestudio for stm32 9.3.0/armtools/bin/../lib/gcc/arm-atollic-eabi/6.3.1/../../../../arm-atollic-eabi/lib/armv7-m\libnosys.a
END GROUP
LOAD c:/program files (x86)/atollic/truestudio for stm32 9.3.0/armtools/bin/../lib/gcc/arm-atollic-eabi/6.3.1/armv7-m/crtend.o
LOAD c:/program files (x86)/atollic/truestudio for stm32 9.3.0/armtools/bin/../lib/gcc/arm-atollic-eabi/6.3.1/armv7-m/crtn.o
                0x20014000                _estack = 0x20014000
                0x00000000                _Min_Heap_Size = 0x0
                0x00000400                _Min_Stack_Size = 0x400

.isr_vector     0x08000000      0x13c
                0x08000000                . = ALIGN (0x4)
 *(.isr_vector)
 .isr_vector    0x08000000      0x13c src\startup_stm32l152xe.o
                0x08000000                g_pfnVectors
                0x0800013c                . = ALIGN (0x4)

.text           0x0800013c      0x160
                0x0800013c                . = ALIGN (0x4)
 *(.text)
 .text          0x0800013c       0x40 c:/program files (x86)/atollic/truestudio for stm32 9.3.0/armtools/bin/../lib/gcc/arm-atollic-eabi/6.3.1/armv7-m/crtbegin.o
 *(.text*)
 .text.main     0x0800017c        0xc src\main.o
                0x0800017c                main
 .text.Reset_Handler
                0x08000188       0x48 src\startup_stm32l152xe.o
                0x08000188                Reset_Handler
 .text.Default_Handler
                0x080001d0        0x2 src\startup_stm32l152xe.o
                0x080001d0                RTC_Alarm_IRQHandler
                0x080001d0                EXTI2_IRQHandler
                0x080001d0                COMP_ACQ_IRQHandler
                0x080001d0                DebugMon_Handler
                0x080001d0                HardFault_Handler
                0x080001d0                TIM10_IRQHandler
                0x080001d0                USB_HP_IRQHandler
                0x080001d0                TIM6_IRQHandler
                0x080001d0                SysTick_Handler
                0x080001d0                PVD_IRQHandler
                0x080001d0                PendSV_Handler
                0x080001d0                NMI_Handler
                0x080001d0                EXTI3_IRQHandler
                0x080001d0                EXTI0_IRQHandler
                0x080001d0                I2C2_EV_IRQHandler
                0x080001d0                UsageFault_Handler
                0x080001d0                SPI1_IRQHandler
                0x080001d0                USB_FS_WKUP_IRQHandler
                0x080001d0                DMA2_Channel2_IRQHandler
                0x080001d0                DMA1_Channel4_IRQHandler
                0x080001d0                ADC1_IRQHandler
                0x080001d0                USART3_IRQHandler
                0x080001d0                DMA1_Channel7_IRQHandler
                0x080001d0                LCD_IRQHandler
                0x080001d0                UART5_IRQHandler
                0x080001d0                TIM4_IRQHandler
                0x080001d0                DMA2_Channel1_IRQHandler
                0x080001d0                I2C1_EV_IRQHandler
                0x080001d0                DMA1_Channel6_IRQHandler
                0x080001d0                UART4_IRQHandler
                0x080001d0                DMA2_Channel4_IRQHandler
                0x080001d0                TIM3_IRQHandler
                0x080001d0                RCC_IRQHandler
                0x080001d0                DMA1_Channel1_IRQHandler
                0x080001d0                Default_Handler
                0x080001d0                EXTI15_10_IRQHandler
                0x080001d0                TIM7_IRQHandler
                0x080001d0                TIM5_IRQHandler
                0x080001d0                EXTI9_5_IRQHandler
                0x080001d0                TIM9_IRQHandler
                0x080001d0                TAMPER_STAMP_IRQHandler
                0x080001d0                RTC_WKUP_IRQHandler
                0x080001d0                SPI2_IRQHandler
                0x080001d0                MemManage_Handler
                0x080001d0                SVC_Handler
                0x080001d0                DMA2_Channel5_IRQHandler
                0x080001d0                DMA1_Channel5_IRQHandler
                0x080001d0                USB_LP_IRQHandler
                0x080001d0                EXTI4_IRQHandler
                0x080001d0                DMA1_Channel3_IRQHandler
                0x080001d0                COMP_IRQHandler
                0x080001d0                WWDG_IRQHandler
                0x080001d0                TIM2_IRQHandler
                0x080001d0                DAC_IRQHandler
                0x080001d0                EXTI1_IRQHandler
                0x080001d0                TIM11_IRQHandler
                0x080001d0                USART2_IRQHandler
                0x080001d0                I2C2_ER_IRQHandler
                0x080001d0                DMA1_Channel2_IRQHandler
                0x080001d0                FLASH_IRQHandler
                0x080001d0                BusFault_Handler
                0x080001d0                USART1_IRQHandler
                0x080001d0                SPI3_IRQHandler
                0x080001d0                I2C1_ER_IRQHandler
                0x080001d0                DMA2_Channel3_IRQHandler
 *fill*         0x080001d2        0x2 
 .text.SystemInit
                0x080001d4       0x68 src\system_stm32l1xx.o
                0x080001d4                SystemInit
 .text.__libc_init_array
                0x0800023c       0x48 c:/program files (x86)/atollic/truestudio for stm32 9.3.0/armtools/bin/../lib/gcc/arm-atollic-eabi/6.3.1/../../../../arm-atollic-eabi/lib/armv7-m\libc_nano.a(lib_a-init.o)
                0x0800023c                __libc_init_array
 *(.glue_7)
 .glue_7        0x08000284        0x0 linker stubs
 *(.glue_7t)
 .glue_7t       0x08000284        0x0 linker stubs
 *(.eh_frame)
 .eh_frame      0x08000284        0x0 c:/program files (x86)/atollic/truestudio for stm32 9.3.0/armtools/bin/../lib/gcc/arm-atollic-eabi/6.3.1/armv7-m/crtbegin.o
 *(.init)
 .init          0x08000284        0x4 c:/program files (x86)/atollic/truestudio for stm32 9.3.0/armtools/bin/../lib/gcc/arm-atollic-eabi/6.3.1/armv7-m/crti.o
                0x08000284                _init
 .init          0x08000288        0x8 c:/program files (x86)/atollic/truestudio for stm32 9.3.0/armtools/bin/../lib/gcc/arm-atollic-eabi/6.3.1/armv7-m/crtn.o
 *(.fini)
 .fini          0x08000290        0x4 c:/program files (x86)/atollic/truestudio for stm32 9.3.0/armtools/bin/../lib/gcc/arm-atollic-eabi/6.3.1/armv7-m/crti.o
                0x08000290                _fini
 .fini          0x08000294        0x8 c:/program files (x86)/atollic/truestudio for stm32 9.3.0/armtools/bin/../lib/gcc/arm-atollic-eabi/6.3.1/armv7-m/crtn.o
                0x0800029c                . = ALIGN (0x4)
                0x0800029c                _etext = .

.vfp11_veneer   0x0800029c        0x0
 .vfp11_veneer  0x0800029c        0x0 linker stubs

.v4_bx          0x0800029c        0x0
 .v4_bx         0x0800029c        0x0 linker stubs

.iplt           0x0800029c        0x0
 .iplt          0x0800029c        0x0 c:/program files (x86)/atollic/truestudio for stm32 9.3.0/armtools/bin/../lib/gcc/arm-atollic-eabi/6.3.1/armv7-m/crtbegin.o

.rel.dyn        0x0800029c        0x0
 .rel.iplt      0x0800029c        0x0 c:/program files (x86)/atollic/truestudio for stm32 9.3.0/armtools/bin/../lib/gcc/arm-atollic-eabi/6.3.1/armv7-m/crtbegin.o

.rodata         0x0800029c        0x0
                0x0800029c                . = ALIGN (0x4)
 *(.rodata)
 *(.rodata*)
                0x0800029c                . = ALIGN (0x4)

.ARM.extab
 *(.ARM.extab* .gnu.linkonce.armextab.*)

.ARM            0x0800029c        0x0
                0x0800029c                __exidx_start = .
 *(.ARM.exidx*)
                0x0800029c                __exidx_end = .

.preinit_array  0x0800029c        0x0
                0x0800029c                PROVIDE (__preinit_array_start, .)
 *(.preinit_array*)
                0x0800029c                PROVIDE (__preinit_array_end, .)

.init_array     0x0800029c        0x4
                0x0800029c                PROVIDE (__init_array_start, .)
 *(SORT(.init_array.*))
 *(.init_array*)
 .init_array    0x0800029c        0x4 c:/program files (x86)/atollic/truestudio for stm32 9.3.0/armtools/bin/../lib/gcc/arm-atollic-eabi/6.3.1/armv7-m/crtbegin.o
                0x080002a0                PROVIDE (__init_array_end, .)

.fini_array     0x080002a0        0x4
                [!provide]                PROVIDE (__fini_array_start, .)
 *(SORT(.fini_array.*))
 *(.fini_array*)
 .fini_array    0x080002a0        0x4 c:/program files (x86)/atollic/truestudio for stm32 9.3.0/armtools/bin/../lib/gcc/arm-atollic-eabi/6.3.1/armv7-m/crtbegin.o
                [!provide]                PROVIDE (__fini_array_end, .)
                0x080002a4                _sidata = LOADADDR (.data)

.data           0x20000000        0x0 load address 0x080002a4
                0x20000000                . = ALIGN (0x4)
                0x20000000                _sdata = .
 *(.data)
 *(.data*)
                0x20000000                . = ALIGN (0x4)
                0x20000000                _edata = .

.igot.plt       0x20000000        0x0 load address 0x080002a4
 .igot.plt      0x20000000        0x0 c:/program files (x86)/atollic/truestudio for stm32 9.3.0/armtools/bin/../lib/gcc/arm-atollic-eabi/6.3.1/armv7-m/crtbegin.o
                0x20000000                . = ALIGN (0x4)

.bss            0x20000000       0x1c load address 0x080002a4
                0x20000000                _sbss = .
                0x20000000                __bss_start__ = _sbss
 *(.bss)
 .bss           0x20000000       0x1c c:/program files (x86)/atollic/truestudio for stm32 9.3.0/armtools/bin/../lib/gcc/arm-atollic-eabi/6.3.1/armv7-m/crtbegin.o
 *(.bss*)
 *(COMMON)
                0x2000001c                . = ALIGN (0x4)
                0x2000001c                _ebss = .
                0x2000001c                __bss_end__ = _ebss

._user_heap_stack
                0x2000001c      0x400 load address 0x080002a4
                0x2000001c                . = ALIGN (0x4)
                [!provide]                PROVIDE (end, .)
                [!provide]                PROVIDE (_end, .)
                0x2000001c                . = (. + _Min_Heap_Size)
                0x2000041c                . = (. + _Min_Stack_Size)
 *fill*         0x2000001c      0x400 
                0x2000041c                . = ALIGN (0x4)

.memory_b1_text
 *(.mb1text)
 *(.mb1text*)
 *(.mb1rodata)
 *(.mb1rodata*)

/DISCARD/
 libc.a(*)
 libm.a(*)
 libgcc.a(*)

.ARM.attributes
                0x00000000       0x29
 *(.ARM.attributes)
 .ARM.attributes
                0x00000000       0x1d c:/program files (x86)/atollic/truestudio for stm32 9.3.0/armtools/bin/../lib/gcc/arm-atollic-eabi/6.3.1/armv7-m/crti.o
 .ARM.attributes
                0x0000001d       0x2d c:/program files (x86)/atollic/truestudio for stm32 9.3.0/armtools/bin/../lib/gcc/arm-atollic-eabi/6.3.1/armv7-m/crtbegin.o
 .ARM.attributes
                0x0000004a       0x33 src\main.o
 .ARM.attributes
                0x0000007d       0x21 src\startup_stm32l152xe.o
 .ARM.attributes
                0x0000009e       0x33 src\system_stm32l1xx.o
 .ARM.attributes
                0x000000d1       0x2d c:/program files (x86)/atollic/truestudio for stm32 9.3.0/armtools/bin/../lib/gcc/arm-atollic-eabi/6.3.1/../../../../arm-atollic-eabi/lib/armv7-m\libc_nano.a(lib_a-init.o)
 .ARM.attributes
                0x000000fe       0x1d c:/program files (x86)/atollic/truestudio for stm32 9.3.0/armtools/bin/../lib/gcc/arm-atollic-eabi/6.3.1/armv7-m/crtn.o
OUTPUT(stm32_programing.elf elf32-littlearm)

.debug_info     0x00000000      0xe23
 .debug_info    0x00000000      0x971 src\main.o
 .debug_info    0x00000971       0x67 src\startup_stm32l152xe.o
 .debug_info    0x000009d8      0x44b src\system_stm32l1xx.o

.debug_abbrev   0x00000000      0x2a9
 .debug_abbrev  0x00000000      0x189 src\main.o
 .debug_abbrev  0x00000189       0x12 src\startup_stm32l152xe.o
 .debug_abbrev  0x0000019b      0x10e src\system_stm32l1xx.o

.debug_aranges  0x00000000       0x70
 .debug_aranges
                0x00000000       0x20 src\main.o
 .debug_aranges
                0x00000020       0x28 src\startup_stm32l152xe.o
 .debug_aranges
                0x00000048       0x28 src\system_stm32l1xx.o

.debug_ranges   0x00000000       0x48
 .debug_ranges  0x00000000       0x10 src\main.o
 .debug_ranges  0x00000010       0x20 src\startup_stm32l152xe.o
 .debug_ranges  0x00000030       0x18 src\system_stm32l1xx.o

.debug_line     0x00000000      0x483
 .debug_line    0x00000000      0x22b src\main.o
 .debug_line    0x0000022b       0x79 src\startup_stm32l152xe.o
 .debug_line    0x000002a4      0x1df src\system_stm32l1xx.o

.debug_str      0x00000000      0x6a9
 .debug_str     0x00000000      0x58a src\main.o
                                0x614 (size before relaxing)
 .debug_str     0x0000058a      0x11f src\system_stm32l1xx.o
                                0x2f3 (size before relaxing)

.comment        0x00000000       0x7c
 .comment       0x00000000       0x7c src\main.o
                                 0x7d (size before relaxing)
 .comment       0x0000007c       0x7d src\system_stm32l1xx.o

.debug_frame    0x00000000       0xb0
 .debug_frame   0x00000000       0x2c src\main.o
 .debug_frame   0x0000002c       0x58 src\system_stm32l1xx.o
 .debug_frame   0x00000084       0x2c c:/program files (x86)/atollic/truestudio for stm32 9.3.0/armtools/bin/../lib/gcc/arm-atollic-eabi/6.3.1/../../../../arm-atollic-eabi/lib/armv7-m\libc_nano.a(lib_a-init.o)

.stabstr        0x00000000       0x3f
 .stabstr       0x00000000       0x3f c:/program files (x86)/atollic/truestudio for stm32 9.3.0/armtools/bin/../lib/gcc/arm-atollic-eabi/6.3.1/../../../../arm-atollic-eabi/lib/armv7-m\libnosys.a(write.o)

Cross Reference Table

Symbol                                            File
ADC1_IRQHandler                                   src\startup_stm32l152xe.o
AHBPrescTable                                     src\system_stm32l1xx.o
APBPrescTable                                     src\system_stm32l1xx.o
BusFault_Handler                                  src\startup_stm32l152xe.o
COMP_ACQ_IRQHandler                               src\startup_stm32l152xe.o
COMP_IRQHandler                                   src\startup_stm32l152xe.o
DAC_IRQHandler                                    src\startup_stm32l152xe.o
DMA1_Channel1_IRQHandler                          src\startup_stm32l152xe.o
DMA1_Channel2_IRQHandler                          src\startup_stm32l152xe.o
DMA1_Channel3_IRQHandler                          src\startup_stm32l152xe.o
DMA1_Channel4_IRQHandler                          src\startup_stm32l152xe.o
DMA1_Channel5_IRQHandler                          src\startup_stm32l152xe.o
DMA1_Channel6_IRQHandler                          src\startup_stm32l152xe.o
DMA1_Channel7_IRQHandler                          src\startup_stm32l152xe.o
DMA2_Channel1_IRQHandler                          src\startup_stm32l152xe.o
DMA2_Channel2_IRQHandler                          src\startup_stm32l152xe.o
DMA2_Channel3_IRQHandler                          src\startup_stm32l152xe.o
DMA2_Channel4_IRQHandler                          src\startup_stm32l152xe.o
DMA2_Channel5_IRQHandler                          src\startup_stm32l152xe.o
DebugMon_Handler                                  src\startup_stm32l152xe.o
Default_Handler                                   src\startup_stm32l152xe.o
EXTI0_IRQHandler                                  src\startup_stm32l152xe.o
EXTI15_10_IRQHandler                              src\startup_stm32l152xe.o
EXTI1_IRQHandler                                  src\startup_stm32l152xe.o
EXTI2_IRQHandler                                  src\startup_stm32l152xe.o
EXTI3_IRQHandler                                  src\startup_stm32l152xe.o
EXTI4_IRQHandler                                  src\startup_stm32l152xe.o
EXTI9_5_IRQHandler                                src\startup_stm32l152xe.o
FLASH_IRQHandler                                  src\startup_stm32l152xe.o
HardFault_Handler                                 src\startup_stm32l152xe.o
I2C1_Bus_Test                                     src\i2c\i2c_functions.o
                                                  src\sensor\sgp30\sgp30.o
I2C1_ByteWrite                                    src\sensor\ds1621\ds1621.o
I2C1_ER_IRQHandler                                src\startup_stm32l152xe.o
I2C1_EV_IRQHandler                                src\startup_stm32l152xe.o
I2C1_GPIO_Init                                    src\i2c\i2c_init.o
I2C1_Init                                         src\i2c\i2c_init.o
I2C1_bursRead                                     src\sensor\ds1621\ds1621.o
I2C1_byteRead                                     src\sensor\ds1621\ds1621.o
I2C2_ER_IRQHandler                                src\startup_stm32l152xe.o
I2C2_EV_IRQHandler                                src\startup_stm32l152xe.o
I2C_Check_ACK_Failure                             src\i2c\i2c_functions.o
I2C_Check_Overrun                                 src\i2c\i2c_functions.o
I2C_Clear_AddrFlag                                src\i2c\i2c_functions.o
I2C_DI_ACK                                        src\i2c\i2c_functions.o
                                                  src\sensor\sgp30\sgp30_function.o
I2C_EN_ACK                                        src\i2c\i2c_functions.o
                                                  src\sensor\sgp30\sgp30_function.o
I2C_POS_Read                                      src\i2c\i2c_functions.o
I2C_Read_Data                                     src\i2c\i2c_functions.o
I2C_Start                                         src\i2c\i2c_functions.o
                                                  src\sensor\sgp30\sgp30_function.o
I2C_Stop                                          src\i2c\i2c_functions.o
                                                  src\sensor\sgp30\sgp30_function.o
I2C_Write_Addr                                    src\i2c\i2c_functions.o
                                                  src\sensor\sgp30\sgp30_function.o
I2C_Write_Data                                    src\i2c\i2c_functions.o
                                                  src\sensor\sgp30\sgp30_function.o
LCD_IRQHandler                                    src\startup_stm32l152xe.o
MemManage_Handler                                 src\startup_stm32l152xe.o
NMI_Handler                                       src\startup_stm32l152xe.o
PLLMulTable                                       src\system_stm32l1xx.o
PVD_IRQHandler                                    src\startup_stm32l152xe.o
PendSV_Handler                                    src\startup_stm32l152xe.o
RCC_IRQHandler                                    src\startup_stm32l152xe.o
RTC_Alarm_IRQHandler                              src\startup_stm32l152xe.o
RTC_WKUP_IRQHandler                               src\startup_stm32l152xe.o
Reset_Handler                                     src\startup_stm32l152xe.o
SGP30_Init                                        src\sensor\sgp30\sgp30.o
SGP30_Measure                                     src\sensor\sgp30\sgp30.o
SGP30_Read_Data                                   src\sensor\sgp30\sgp30_function.o
                                                  src\sensor\sgp30\sgp30.o
SGP30_Write_Cmd                                   src\sensor\sgp30\sgp30_function.o
                                                  src\sensor\sgp30\sgp30.o
SPI1_IRQHandler                                   src\startup_stm32l152xe.o
SPI2_IRQHandler                                   src\startup_stm32l152xe.o
SPI3_IRQHandler                                   src\startup_stm32l152xe.o
SVC_Handler                                       src\startup_stm32l152xe.o
SetSysClk                                         src\system_clock\pllclk_32MHz.o
SysTick_Handler                                   src\startup_stm32l152xe.o
SystemCoreClock                                   src\system_stm32l1xx.o
SystemCoreClockUpdate                             src\system_stm32l1xx.o
                                                  src\system_clock\pllclk_32MHz.o
SystemInit                                        src\system_stm32l1xx.o
                                                  src\startup_stm32l152xe.o
TAMPER_STAMP_IRQHandler                           src\startup_stm32l152xe.o
TIM10_IRQHandler                                  src\startup_stm32l152xe.o
TIM11_IRQHandler                                  src\startup_stm32l152xe.o
TIM2_IRQHandler                                   src\startup_stm32l152xe.o
TIM3_IRQHandler                                   src\startup_stm32l152xe.o
TIM4_IRQHandler                                   src\startup_stm32l152xe.o
TIM5_IRQHandler                                   src\startup_stm32l152xe.o
TIM6_IRQHandler                                   src\startup_stm32l152xe.o
TIM7_IRQHandler                                   src\startup_stm32l152xe.o
TIM9_IRQHandler                                   src\startup_stm32l152xe.o
UART4_IRQHandler                                  src\startup_stm32l152xe.o
UART5_IRQHandler                                  src\startup_stm32l152xe.o
USART1_IRQHandler                                 src\startup_stm32l152xe.o
USART2_IRQHandler                                 src\startup_stm32l152xe.o
USART3_IRQHandler                                 src\startup_stm32l152xe.o
USB_FS_WKUP_IRQHandler                            src\startup_stm32l152xe.o
USB_HP_IRQHandler                                 src\startup_stm32l152xe.o
USB_LP_IRQHandler                                 src\startup_stm32l152xe.o
UsageFault_Handler                                src\startup_stm32l152xe.o
WWDG_IRQHandler                                   src\startup_stm32l152xe.o
__deregister_frame_info                           c:/program files (x86)/atollic/truestudio for stm32 9.3.0/armtools/bin/../lib/gcc/arm-atollic-eabi/6.3.1/armv7-m/crtbegin.o
__dso_handle                                      c:/program files (x86)/atollic/truestudio for stm32 9.3.0/armtools/bin/../lib/gcc/arm-atollic-eabi/6.3.1/armv7-m/crtbegin.o
__init_array_end                                  c:/program files (x86)/atollic/truestudio for stm32 9.3.0/armtools/bin/../lib/gcc/arm-atollic-eabi/6.3.1/../../../../arm-atollic-eabi/lib/armv7-m\libc_nano.a(lib_a-init.o)
__init_array_start                                c:/program files (x86)/atollic/truestudio for stm32 9.3.0/armtools/bin/../lib/gcc/arm-atollic-eabi/6.3.1/../../../../arm-atollic-eabi/lib/armv7-m\libc_nano.a(lib_a-init.o)
__libc_init_array                                 c:/program files (x86)/atollic/truestudio for stm32 9.3.0/armtools/bin/../lib/gcc/arm-atollic-eabi/6.3.1/../../../../arm-atollic-eabi/lib/armv7-m\libc_nano.a(lib_a-init.o)
                                                  src\startup_stm32l152xe.o
__preinit_array_end                               c:/program files (x86)/atollic/truestudio for stm32 9.3.0/armtools/bin/../lib/gcc/arm-atollic-eabi/6.3.1/../../../../arm-atollic-eabi/lib/armv7-m\libc_nano.a(lib_a-init.o)
__preinit_array_start                             c:/program files (x86)/atollic/truestudio for stm32 9.3.0/armtools/bin/../lib/gcc/arm-atollic-eabi/6.3.1/../../../../arm-atollic-eabi/lib/armv7-m\libc_nano.a(lib_a-init.o)
__register_frame_info                             c:/program files (x86)/atollic/truestudio for stm32 9.3.0/armtools/bin/../lib/gcc/arm-atollic-eabi/6.3.1/armv7-m/crtbegin.o
_ebss                                             src\startup_stm32l152xe.o
_edata                                            src\startup_stm32l152xe.o
_estack                                           src\startup_stm32l152xe.o
_fini                                             c:/program files (x86)/atollic/truestudio for stm32 9.3.0/armtools/bin/../lib/gcc/arm-atollic-eabi/6.3.1/armv7-m/crti.o
_init                                             c:/program files (x86)/atollic/truestudio for stm32 9.3.0/armtools/bin/../lib/gcc/arm-atollic-eabi/6.3.1/armv7-m/crti.o
                                                  c:/program files (x86)/atollic/truestudio for stm32 9.3.0/armtools/bin/../lib/gcc/arm-atollic-eabi/6.3.1/../../../../arm-atollic-eabi/lib/armv7-m\libc_nano.a(lib_a-init.o)
_sbss                                             src\startup_stm32l152xe.o
_sdata                                            src\startup_stm32l152xe.o
_sidata                                           src\startup_stm32l152xe.o
_write                                            c:/program files (x86)/atollic/truestudio for stm32 9.3.0/armtools/bin/../lib/gcc/arm-atollic-eabi/6.3.1/../../../../arm-atollic-eabi/lib/armv7-m\libnosys.a(write.o)
                                                  src\tiny_printf.o
am2302Request                                     src\am2302\am2302.o
am2302ShowUart2                                   src\am2302\am2302.o
check_pass                                        src\debug_log\debug_logs.o
                                                  src\sensor\sgp30\sgp30_function.o
                                                  src\sensor\sgp30\sgp30.o
compute_uart_bd                                   src\uart2\uart2.o
conv_int_ascii                                    src\debug_log\conv_int_ascii.o
ds1621_read_count_per_c                           src\sensor\ds1621\ds1621.o
ds1621_read_count_remain                          src\sensor\ds1621\ds1621.o
ds1621_read_temperature                           src\sensor\ds1621\ds1621.o
ds1621_start                                      src\sensor\ds1621\ds1621.o
errno                                             c:/program files (x86)/atollic/truestudio for stm32 9.3.0/armtools/bin/../lib/gcc/arm-atollic-eabi/6.3.1/../../../../arm-atollic-eabi/lib/armv7-m\libnosys.a(errno.o)
                                                  c:/program files (x86)/atollic/truestudio for stm32 9.3.0/armtools/bin/../lib/gcc/arm-atollic-eabi/6.3.1/../../../../arm-atollic-eabi/lib/armv7-m\libnosys.a(write.o)
fiprintf                                          src\tiny_printf.o
fprintf                                           src\tiny_printf.o
fputs                                             src\tiny_printf.o
fwrite                                            src\tiny_printf.o
g_pfnVectors                                      src\startup_stm32l152xe.o
iprintf                                           src\tiny_printf.o
main                                              src\main.o
                                                  src\startup_stm32l152xe.o
printf                                            src\tiny_printf.o
puts                                              src\tiny_printf.o
                                                  src\debug_log\debug_logs.o
sgp30_crc                                         src\sensor\sgp30\sgp30_function.o
siprintf                                          src\tiny_printf.o
sprintf                                           src\tiny_printf.o
                                                  src\am2302\am2302.o
strcpy                                            c:/program files (x86)/atollic/truestudio for stm32 9.3.0/armtools/bin/../lib/gcc/arm-atollic-eabi/6.3.1/../../../../arm-atollic-eabi/lib/armv7-m\libc_nano.a(lib_a-strcpy.o)
                                                  src\debug_log\debug_logs.o
strlen                                            c:/program files (x86)/atollic/truestudio for stm32 9.3.0/armtools/bin/../lib/gcc/arm-atollic-eabi/6.3.1/../../../../arm-atollic-eabi/lib/armv7-m\libc_nano.a(lib_a-strlen.o)
                                                  src\tiny_printf.o
                                                  src\debug_log\debug_logs.o
strncat                                           c:/program files (x86)/atollic/truestudio for stm32 9.3.0/armtools/bin/../lib/gcc/arm-atollic-eabi/6.3.1/../../../../arm-atollic-eabi/lib/armv7-m\libc_nano.a(lib_a-strncat.o)
                                                  src\debug_log\debug_logs.o
systickDelayMs                                    src\timer\1_systick.o
                                                  src\sensor\sgp30\sgp30.o
                                                  src\sensor\ds1621\ds1621.o
                                                  src\i2c\i2c_functions.o
                                                  src\am2302\am2302.o
systickDelayUs                                    src\timer\1_systick.o
                                                  src\am2302\am2302.o
tim2_1hz_init                                     src\timer\5_timer_autoreload.o
tim2_output_compare_init                          src\timer\5.1_timer_output_toggle_compare.o
tim3_input_capture_init                           src\timer\5.2_timer_input_capture.o
ts_formatlength                                   src\tiny_printf.o
ts_formatstring                                   src\tiny_printf.o
ts_itoa                                           src\tiny_printf.o
uart2_init                                        src\uart2\uart2.o
uart2_read                                        src\uart2\uart2.o
uart2_write                                       src\uart2\uart2.o
                                                  src\sensor\sgp30\sgp30_function.o
uart2_write_string                                src\uart2\uart2.o
                                                  src\sensor\sgp30\sgp30_function.o
                                                  src\debug_log\debug_logs.o
                                                  src\am2302\am2302.o
uart_set_baudrate                                 src\uart2\uart2.o
