Archive member included to satisfy reference by file (symbol)

c:/program files (x86)/atollic/truestudio for stm32 9.3.0/armtools/bin/../lib/gcc/arm-atollic-eabi/6.3.1/../../../../arm-atollic-eabi/lib/armv7-m\libc_nano.a(lib_a-init.o)
                              src\startup_stm32l152xe.o (__libc_init_array)
c:/program files (x86)/atollic/truestudio for stm32 9.3.0/armtools/bin/../lib/gcc/arm-atollic-eabi/6.3.1/../../../../arm-atollic-eabi/lib/armv7-m\libc_nano.a(lib_a-strlen.o)
                              src\tiny_printf.o (strlen)
c:/program files (x86)/atollic/truestudio for stm32 9.3.0/armtools/bin/../lib/gcc/arm-atollic-eabi/6.3.1/armv7-m\libgcc.a(_arm_addsubdf3.o)
                              src\4_calculate_ADC_sensor.o (__aeabi_dsub)
c:/program files (x86)/atollic/truestudio for stm32 9.3.0/armtools/bin/../lib/gcc/arm-atollic-eabi/6.3.1/armv7-m\libgcc.a(_arm_muldivdf3.o)
                              src\4_calculate_ADC_sensor.o (__aeabi_dmul)
c:/program files (x86)/atollic/truestudio for stm32 9.3.0/armtools/bin/../lib/gcc/arm-atollic-eabi/6.3.1/armv7-m\libgcc.a(_arm_truncdfsf2.o)
                              src\4_calculate_ADC_sensor.o (__aeabi_d2f)
c:/program files (x86)/atollic/truestudio for stm32 9.3.0/armtools/bin/../lib/gcc/arm-atollic-eabi/6.3.1/../../../../arm-atollic-eabi/lib/armv7-m\libnosys.a(write.o)
                              src\tiny_printf.o (_write)
c:/program files (x86)/atollic/truestudio for stm32 9.3.0/armtools/bin/../lib/gcc/arm-atollic-eabi/6.3.1/../../../../arm-atollic-eabi/lib/armv7-m\libnosys.a(errno.o)
                              c:/program files (x86)/atollic/truestudio for stm32 9.3.0/armtools/bin/../lib/gcc/arm-atollic-eabi/6.3.1/../../../../arm-atollic-eabi/lib/armv7-m\libnosys.a(write.o) (errno)

Allocating common symbols
Common symbol       size              file

errno               0x4               c:/program files (x86)/atollic/truestudio for stm32 9.3.0/armtools/bin/../lib/gcc/arm-atollic-eabi/6.3.1/../../../../arm-atollic-eabi/lib/armv7-m\libnosys.a(errno.o)

Discarded input sections

 .text          0x00000000        0x0 c:/program files (x86)/atollic/truestudio for stm32 9.3.0/armtools/bin/../lib/gcc/arm-atollic-eabi/6.3.1/armv7-m/crti.o
 .data          0x00000000        0x0 c:/program files (x86)/atollic/truestudio for stm32 9.3.0/armtools/bin/../lib/gcc/arm-atollic-eabi/6.3.1/armv7-m/crti.o
 .bss           0x00000000        0x0 c:/program files (x86)/atollic/truestudio for stm32 9.3.0/armtools/bin/../lib/gcc/arm-atollic-eabi/6.3.1/armv7-m/crti.o
 .data          0x00000000        0x4 c:/program files (x86)/atollic/truestudio for stm32 9.3.0/armtools/bin/../lib/gcc/arm-atollic-eabi/6.3.1/armv7-m/crtbegin.o
 .text          0x00000000        0x0 src\0_sysclk_32MHz.o
 .data          0x00000000        0x0 src\0_sysclk_32MHz.o
 .bss           0x00000000        0x0 src\0_sysclk_32MHz.o
 .text          0x00000000        0x0 src\1_systick.o
 .data          0x00000000        0x0 src\1_systick.o
 .bss           0x00000000        0x0 src\1_systick.o
 .text          0x00000000        0x0 src\2_uart2.o
 .data          0x00000000        0x0 src\2_uart2.o
 .bss           0x00000000        0x0 src\2_uart2.o
 .text.uart2_read
                0x00000000       0x24 src\2_uart2.o
 .text          0x00000000        0x0 src\3_adc0.o
 .data          0x00000000        0x0 src\3_adc0.o
 .bss           0x00000000        0x0 src\3_adc0.o
 .text.pa0_adc_init
                0x00000000       0x64 src\3_adc0.o
 .text.adc_start_conver
                0x00000000       0x28 src\3_adc0.o
 .text.adc_read
                0x00000000       0x24 src\3_adc0.o
 .debug_info    0x00000000      0xc79 src\3_adc0.o
 .debug_abbrev  0x00000000      0x1c2 src\3_adc0.o
 .debug_aranges
                0x00000000       0x30 src\3_adc0.o
 .debug_ranges  0x00000000       0x20 src\3_adc0.o
 .debug_line    0x00000000      0x2cd src\3_adc0.o
 .debug_str     0x00000000      0x7c3 src\3_adc0.o
 .comment       0x00000000       0x7d src\3_adc0.o
 .debug_frame   0x00000000       0x70 src\3_adc0.o
 .ARM.attributes
                0x00000000       0x33 src\3_adc0.o
 .text          0x00000000        0x0 src\4_calculate_ADC_sensor.o
 .data          0x00000000        0x0 src\4_calculate_ADC_sensor.o
 .bss           0x00000000        0x0 src\4_calculate_ADC_sensor.o
 .text.calCelcius
                0x00000000       0x7c src\4_calculate_ADC_sensor.o
 .text.calLux   0x00000000       0x88 src\4_calculate_ADC_sensor.o
 .debug_info    0x00000000      0xa17 src\4_calculate_ADC_sensor.o
 .debug_abbrev  0x00000000      0x1e6 src\4_calculate_ADC_sensor.o
 .debug_aranges
                0x00000000       0x28 src\4_calculate_ADC_sensor.o
 .debug_ranges  0x00000000       0x18 src\4_calculate_ADC_sensor.o
 .debug_line    0x00000000      0x2b0 src\4_calculate_ADC_sensor.o
 .debug_str     0x00000000      0x6c6 src\4_calculate_ADC_sensor.o
 .comment       0x00000000       0x7d src\4_calculate_ADC_sensor.o
 .debug_frame   0x00000000       0x60 src\4_calculate_ADC_sensor.o
 .ARM.attributes
                0x00000000       0x33 src\4_calculate_ADC_sensor.o
 .text          0x00000000        0x0 src\5.1_timer_output_toggle_compare.o
 .data          0x00000000        0x0 src\5.1_timer_output_toggle_compare.o
 .bss           0x00000000        0x0 src\5.1_timer_output_toggle_compare.o
 .text.tim2_output_compare_init
                0x00000000       0x80 src\5.1_timer_output_toggle_compare.o
 .debug_info    0x00000000      0xc46 src\5.1_timer_output_toggle_compare.o
 .debug_abbrev  0x00000000      0x1a8 src\5.1_timer_output_toggle_compare.o
 .debug_aranges
                0x00000000       0x20 src\5.1_timer_output_toggle_compare.o
 .debug_ranges  0x00000000       0x10 src\5.1_timer_output_toggle_compare.o
 .debug_line    0x00000000      0x2be src\5.1_timer_output_toggle_compare.o
 .debug_str     0x00000000      0x7b6 src\5.1_timer_output_toggle_compare.o
 .comment       0x00000000       0x7d src\5.1_timer_output_toggle_compare.o
 .debug_frame   0x00000000       0x30 src\5.1_timer_output_toggle_compare.o
 .ARM.attributes
                0x00000000       0x33 src\5.1_timer_output_toggle_compare.o
 .text          0x00000000        0x0 src\5.2_timer_input_capture.o
 .data          0x00000000        0x0 src\5.2_timer_input_capture.o
 .bss           0x00000000        0x0 src\5.2_timer_input_capture.o
 .text.tim3_input_capture_init
                0x00000000       0x68 src\5.2_timer_input_capture.o
 .debug_info    0x00000000      0xc46 src\5.2_timer_input_capture.o
 .debug_abbrev  0x00000000      0x1a8 src\5.2_timer_input_capture.o
 .debug_aranges
                0x00000000       0x20 src\5.2_timer_input_capture.o
 .debug_ranges  0x00000000       0x10 src\5.2_timer_input_capture.o
 .debug_line    0x00000000      0x2b4 src\5.2_timer_input_capture.o
 .debug_str     0x00000000      0x7ad src\5.2_timer_input_capture.o
 .comment       0x00000000       0x7d src\5.2_timer_input_capture.o
 .debug_frame   0x00000000       0x30 src\5.2_timer_input_capture.o
 .ARM.attributes
                0x00000000       0x33 src\5.2_timer_input_capture.o
 .text          0x00000000        0x0 src\5_timer_autoreload.o
 .data          0x00000000        0x0 src\5_timer_autoreload.o
 .bss           0x00000000        0x0 src\5_timer_autoreload.o
 .text.tim2_1hz_init
                0x00000000       0x40 src\5_timer_autoreload.o
 .debug_info    0x00000000      0xb99 src\5_timer_autoreload.o
 .debug_abbrev  0x00000000      0x1a8 src\5_timer_autoreload.o
 .debug_aranges
                0x00000000       0x20 src\5_timer_autoreload.o
 .debug_ranges  0x00000000       0x10 src\5_timer_autoreload.o
 .debug_line    0x00000000      0x2ae src\5_timer_autoreload.o
 .debug_str     0x00000000      0x76c src\5_timer_autoreload.o
 .comment       0x00000000       0x7d src\5_timer_autoreload.o
 .debug_frame   0x00000000       0x30 src\5_timer_autoreload.o
 .ARM.attributes
                0x00000000       0x33 src\5_timer_autoreload.o
 .text          0x00000000        0x0 src\6.1_UART_interrupt.o
 .data          0x00000000        0x0 src\6.1_UART_interrupt.o
 .bss           0x00000000        0x0 src\6.1_UART_interrupt.o
 .text.NVIC_EnableIRQ
                0x00000000       0x30 src\6.1_UART_interrupt.o
 .text.uart2_rx_interrupt_init
                0x00000000       0x78 src\6.1_UART_interrupt.o
 .debug_info    0x00000000      0xe72 src\6.1_UART_interrupt.o
 .debug_abbrev  0x00000000      0x210 src\6.1_UART_interrupt.o
 .debug_aranges
                0x00000000       0x28 src\6.1_UART_interrupt.o
 .debug_ranges  0x00000000       0x18 src\6.1_UART_interrupt.o
 .debug_line    0x00000000      0x2c6 src\6.1_UART_interrupt.o
 .debug_str     0x00000000      0xb43 src\6.1_UART_interrupt.o
 .comment       0x00000000       0x7d src\6.1_UART_interrupt.o
 .debug_frame   0x00000000       0x54 src\6.1_UART_interrupt.o
 .ARM.attributes
                0x00000000       0x33 src\6.1_UART_interrupt.o
 .text          0x00000000        0x0 src\6.external_interrupt.o
 .data          0x00000000        0x0 src\6.external_interrupt.o
 .bss           0x00000000        0x0 src\6.external_interrupt.o
 .text.NVIC_EnableIRQ
                0x00000000       0x30 src\6.external_interrupt.o
 .text.pc13_exti_init
                0x00000000       0x6c src\6.external_interrupt.o
 .debug_info    0x00000000      0xeef src\6.external_interrupt.o
 .debug_abbrev  0x00000000      0x232 src\6.external_interrupt.o
 .debug_aranges
                0x00000000       0x28 src\6.external_interrupt.o
 .debug_ranges  0x00000000       0x18 src\6.external_interrupt.o
 .debug_line    0x00000000      0x2e6 src\6.external_interrupt.o
 .debug_str     0x00000000      0xb7e src\6.external_interrupt.o
 .comment       0x00000000       0x7d src\6.external_interrupt.o
 .debug_frame   0x00000000       0x54 src\6.external_interrupt.o
 .ARM.attributes
                0x00000000       0x33 src\6.external_interrupt.o
 .text          0x00000000        0x0 src\7.gpio.o
 .data          0x00000000        0x0 src\7.gpio.o
 .bss           0x00000000        0x0 src\7.gpio.o
 .text.gpioa_init
                0x00000000       0x78 src\7.gpio.o
 .debug_info    0x00000000      0xb4c src\7.gpio.o
 .debug_abbrev  0x00000000      0x1c6 src\7.gpio.o
 .debug_aranges
                0x00000000       0x20 src\7.gpio.o
 .debug_ranges  0x00000000       0x10 src\7.gpio.o
 .debug_line    0x00000000      0x2a9 src\7.gpio.o
 .debug_str     0x00000000      0x745 src\7.gpio.o
 .comment       0x00000000       0x7d src\7.gpio.o
 .debug_frame   0x00000000       0x38 src\7.gpio.o
 .ARM.attributes
                0x00000000       0x33 src\7.gpio.o
 .text          0x00000000        0x0 src\main.o
 .data          0x00000000        0x0 src\main.o
 .bss           0x00000000        0x0 src\main.o
 .text          0x00000000        0x0 src\sensor\am2302.o
 .data          0x00000000        0x0 src\sensor\am2302.o
 .bss           0x00000000        0x0 src\sensor\am2302.o
 .text          0x00000000       0x14 src\startup_stm32l152xe.o
 .data          0x00000000        0x0 src\startup_stm32l152xe.o
 .bss           0x00000000        0x0 src\startup_stm32l152xe.o
 .text          0x00000000        0x0 src\system_stm32l1xx.o
 .data          0x00000000        0x0 src\system_stm32l1xx.o
 .bss           0x00000000        0x0 src\system_stm32l1xx.o
 .data.SystemCoreClock
                0x00000000        0x4 src\system_stm32l1xx.o
 .rodata.PLLMulTable
                0x00000000        0x9 src\system_stm32l1xx.o
 .rodata.AHBPrescTable
                0x00000000       0x10 src\system_stm32l1xx.o
 .rodata.APBPrescTable
                0x00000000        0x8 src\system_stm32l1xx.o
 .text.SystemCoreClockUpdate
                0x00000000      0x150 src\system_stm32l1xx.o
 .text          0x00000000        0x0 src\tiny_printf.o
 .data          0x00000000        0x0 src\tiny_printf.o
 .bss           0x00000000        0x0 src\tiny_printf.o
 .text.ts_formatlength
                0x00000000      0x12c src\tiny_printf.o
 .text.fiprintf
                0x00000000       0x9a src\tiny_printf.o
 .text.iprintf  0x00000000       0x92 src\tiny_printf.o
 .rodata        0x00000000        0x2 src\tiny_printf.o
 .text.fputs    0x00000000       0x68 src\tiny_printf.o
 .text.puts     0x00000000       0x58 src\tiny_printf.o
 .text.fwrite   0x00000000       0x38 src\tiny_printf.o
 .text          0x00000000        0x0 c:/program files (x86)/atollic/truestudio for stm32 9.3.0/armtools/bin/../lib/gcc/arm-atollic-eabi/6.3.1/../../../../arm-atollic-eabi/lib/armv7-m\libc_nano.a(lib_a-init.o)
 .data          0x00000000        0x0 c:/program files (x86)/atollic/truestudio for stm32 9.3.0/armtools/bin/../lib/gcc/arm-atollic-eabi/6.3.1/../../../../arm-atollic-eabi/lib/armv7-m\libc_nano.a(lib_a-init.o)
 .bss           0x00000000        0x0 c:/program files (x86)/atollic/truestudio for stm32 9.3.0/armtools/bin/../lib/gcc/arm-atollic-eabi/6.3.1/../../../../arm-atollic-eabi/lib/armv7-m\libc_nano.a(lib_a-init.o)
 .text          0x00000000       0x10 c:/program files (x86)/atollic/truestudio for stm32 9.3.0/armtools/bin/../lib/gcc/arm-atollic-eabi/6.3.1/../../../../arm-atollic-eabi/lib/armv7-m\libc_nano.a(lib_a-strlen.o)
 .data          0x00000000        0x0 c:/program files (x86)/atollic/truestudio for stm32 9.3.0/armtools/bin/../lib/gcc/arm-atollic-eabi/6.3.1/../../../../arm-atollic-eabi/lib/armv7-m\libc_nano.a(lib_a-strlen.o)
 .bss           0x00000000        0x0 c:/program files (x86)/atollic/truestudio for stm32 9.3.0/armtools/bin/../lib/gcc/arm-atollic-eabi/6.3.1/../../../../arm-atollic-eabi/lib/armv7-m\libc_nano.a(lib_a-strlen.o)
 .ARM.attributes
                0x00000000       0x17 c:/program files (x86)/atollic/truestudio for stm32 9.3.0/armtools/bin/../lib/gcc/arm-atollic-eabi/6.3.1/../../../../arm-atollic-eabi/lib/armv7-m\libc_nano.a(lib_a-strlen.o)
 .text          0x00000000      0x370 c:/program files (x86)/atollic/truestudio for stm32 9.3.0/armtools/bin/../lib/gcc/arm-atollic-eabi/6.3.1/armv7-m\libgcc.a(_arm_addsubdf3.o)
 .data          0x00000000        0x0 c:/program files (x86)/atollic/truestudio for stm32 9.3.0/armtools/bin/../lib/gcc/arm-atollic-eabi/6.3.1/armv7-m\libgcc.a(_arm_addsubdf3.o)
 .bss           0x00000000        0x0 c:/program files (x86)/atollic/truestudio for stm32 9.3.0/armtools/bin/../lib/gcc/arm-atollic-eabi/6.3.1/armv7-m\libgcc.a(_arm_addsubdf3.o)
 .debug_frame   0x00000000       0xac c:/program files (x86)/atollic/truestudio for stm32 9.3.0/armtools/bin/../lib/gcc/arm-atollic-eabi/6.3.1/armv7-m\libgcc.a(_arm_addsubdf3.o)
 .ARM.attributes
                0x00000000       0x1d c:/program files (x86)/atollic/truestudio for stm32 9.3.0/armtools/bin/../lib/gcc/arm-atollic-eabi/6.3.1/armv7-m\libgcc.a(_arm_addsubdf3.o)
 .text          0x00000000      0x424 c:/program files (x86)/atollic/truestudio for stm32 9.3.0/armtools/bin/../lib/gcc/arm-atollic-eabi/6.3.1/armv7-m\libgcc.a(_arm_muldivdf3.o)
 .data          0x00000000        0x0 c:/program files (x86)/atollic/truestudio for stm32 9.3.0/armtools/bin/../lib/gcc/arm-atollic-eabi/6.3.1/armv7-m\libgcc.a(_arm_muldivdf3.o)
 .bss           0x00000000        0x0 c:/program files (x86)/atollic/truestudio for stm32 9.3.0/armtools/bin/../lib/gcc/arm-atollic-eabi/6.3.1/armv7-m\libgcc.a(_arm_muldivdf3.o)
 .debug_frame   0x00000000       0x50 c:/program files (x86)/atollic/truestudio for stm32 9.3.0/armtools/bin/../lib/gcc/arm-atollic-eabi/6.3.1/armv7-m\libgcc.a(_arm_muldivdf3.o)
 .ARM.attributes
                0x00000000       0x1d c:/program files (x86)/atollic/truestudio for stm32 9.3.0/armtools/bin/../lib/gcc/arm-atollic-eabi/6.3.1/armv7-m\libgcc.a(_arm_muldivdf3.o)
 .text          0x00000000       0xa0 c:/program files (x86)/atollic/truestudio for stm32 9.3.0/armtools/bin/../lib/gcc/arm-atollic-eabi/6.3.1/armv7-m\libgcc.a(_arm_truncdfsf2.o)
 .data          0x00000000        0x0 c:/program files (x86)/atollic/truestudio for stm32 9.3.0/armtools/bin/../lib/gcc/arm-atollic-eabi/6.3.1/armv7-m\libgcc.a(_arm_truncdfsf2.o)
 .bss           0x00000000        0x0 c:/program files (x86)/atollic/truestudio for stm32 9.3.0/armtools/bin/../lib/gcc/arm-atollic-eabi/6.3.1/armv7-m\libgcc.a(_arm_truncdfsf2.o)
 .debug_frame   0x00000000       0x24 c:/program files (x86)/atollic/truestudio for stm32 9.3.0/armtools/bin/../lib/gcc/arm-atollic-eabi/6.3.1/armv7-m\libgcc.a(_arm_truncdfsf2.o)
 .ARM.attributes
                0x00000000       0x1d c:/program files (x86)/atollic/truestudio for stm32 9.3.0/armtools/bin/../lib/gcc/arm-atollic-eabi/6.3.1/armv7-m\libgcc.a(_arm_truncdfsf2.o)
 .text          0x00000000        0x0 c:/program files (x86)/atollic/truestudio for stm32 9.3.0/armtools/bin/../lib/gcc/arm-atollic-eabi/6.3.1/../../../../arm-atollic-eabi/lib/armv7-m\libnosys.a(write.o)
 .data          0x00000000        0x0 c:/program files (x86)/atollic/truestudio for stm32 9.3.0/armtools/bin/../lib/gcc/arm-atollic-eabi/6.3.1/../../../../arm-atollic-eabi/lib/armv7-m\libnosys.a(write.o)
 .bss           0x00000000        0x0 c:/program files (x86)/atollic/truestudio for stm32 9.3.0/armtools/bin/../lib/gcc/arm-atollic-eabi/6.3.1/../../../../arm-atollic-eabi/lib/armv7-m\libnosys.a(write.o)
 .stab          0x00000000       0x24 c:/program files (x86)/atollic/truestudio for stm32 9.3.0/armtools/bin/../lib/gcc/arm-atollic-eabi/6.3.1/../../../../arm-atollic-eabi/lib/armv7-m\libnosys.a(write.o)
 .text._write   0x00000000       0x10 c:/program files (x86)/atollic/truestudio for stm32 9.3.0/armtools/bin/../lib/gcc/arm-atollic-eabi/6.3.1/../../../../arm-atollic-eabi/lib/armv7-m\libnosys.a(write.o)
 .debug_frame   0x00000000       0x20 c:/program files (x86)/atollic/truestudio for stm32 9.3.0/armtools/bin/../lib/gcc/arm-atollic-eabi/6.3.1/../../../../arm-atollic-eabi/lib/armv7-m\libnosys.a(write.o)
 .ARM.attributes
                0x00000000       0x2d c:/program files (x86)/atollic/truestudio for stm32 9.3.0/armtools/bin/../lib/gcc/arm-atollic-eabi/6.3.1/../../../../arm-atollic-eabi/lib/armv7-m\libnosys.a(write.o)
 .text          0x00000000        0x0 c:/program files (x86)/atollic/truestudio for stm32 9.3.0/armtools/bin/../lib/gcc/arm-atollic-eabi/6.3.1/../../../../arm-atollic-eabi/lib/armv7-m\libnosys.a(errno.o)
 .data          0x00000000        0x0 c:/program files (x86)/atollic/truestudio for stm32 9.3.0/armtools/bin/../lib/gcc/arm-atollic-eabi/6.3.1/../../../../arm-atollic-eabi/lib/armv7-m\libnosys.a(errno.o)
 .bss           0x00000000        0x0 c:/program files (x86)/atollic/truestudio for stm32 9.3.0/armtools/bin/../lib/gcc/arm-atollic-eabi/6.3.1/../../../../arm-atollic-eabi/lib/armv7-m\libnosys.a(errno.o)
 .ARM.attributes
                0x00000000       0x2d c:/program files (x86)/atollic/truestudio for stm32 9.3.0/armtools/bin/../lib/gcc/arm-atollic-eabi/6.3.1/../../../../arm-atollic-eabi/lib/armv7-m\libnosys.a(errno.o)
 COMMON         0x00000000        0x4 c:/program files (x86)/atollic/truestudio for stm32 9.3.0/armtools/bin/../lib/gcc/arm-atollic-eabi/6.3.1/../../../../arm-atollic-eabi/lib/armv7-m\libnosys.a(errno.o)
 .text          0x00000000        0x0 c:/program files (x86)/atollic/truestudio for stm32 9.3.0/armtools/bin/../lib/gcc/arm-atollic-eabi/6.3.1/armv7-m/crtend.o
 .data          0x00000000        0x0 c:/program files (x86)/atollic/truestudio for stm32 9.3.0/armtools/bin/../lib/gcc/arm-atollic-eabi/6.3.1/armv7-m/crtend.o
 .bss           0x00000000        0x0 c:/program files (x86)/atollic/truestudio for stm32 9.3.0/armtools/bin/../lib/gcc/arm-atollic-eabi/6.3.1/armv7-m/crtend.o
 .eh_frame      0x00000000        0x4 c:/program files (x86)/atollic/truestudio for stm32 9.3.0/armtools/bin/../lib/gcc/arm-atollic-eabi/6.3.1/armv7-m/crtend.o
 .ARM.attributes
                0x00000000       0x2d c:/program files (x86)/atollic/truestudio for stm32 9.3.0/armtools/bin/../lib/gcc/arm-atollic-eabi/6.3.1/armv7-m/crtend.o
 .text          0x00000000        0x0 c:/program files (x86)/atollic/truestudio for stm32 9.3.0/armtools/bin/../lib/gcc/arm-atollic-eabi/6.3.1/armv7-m/crtn.o
 .data          0x00000000        0x0 c:/program files (x86)/atollic/truestudio for stm32 9.3.0/armtools/bin/../lib/gcc/arm-atollic-eabi/6.3.1/armv7-m/crtn.o
 .bss           0x00000000        0x0 c:/program files (x86)/atollic/truestudio for stm32 9.3.0/armtools/bin/../lib/gcc/arm-atollic-eabi/6.3.1/armv7-m/crtn.o

Memory Configuration

Name             Origin             Length             Attributes
FLASH            0x08000000         0x00080000         xr
RAM              0x20000000         0x00014000         xrw
MEMORY_B1        0x60000000         0x00000000         xr
*default*        0x00000000         0xffffffff

Linker script and memory map

LOAD c:/program files (x86)/atollic/truestudio for stm32 9.3.0/armtools/bin/../lib/gcc/arm-atollic-eabi/6.3.1/armv7-m/crti.o
LOAD c:/program files (x86)/atollic/truestudio for stm32 9.3.0/armtools/bin/../lib/gcc/arm-atollic-eabi/6.3.1/armv7-m/crtbegin.o
LOAD src\0_sysclk_32MHz.o
LOAD src\1_systick.o
LOAD src\2_uart2.o
LOAD src\3_adc0.o
LOAD src\4_calculate_ADC_sensor.o
LOAD src\5.1_timer_output_toggle_compare.o
LOAD src\5.2_timer_input_capture.o
LOAD src\5_timer_autoreload.o
LOAD src\6.1_UART_interrupt.o
LOAD src\6.external_interrupt.o
LOAD src\7.gpio.o
LOAD src\main.o
LOAD src\sensor\am2302.o
LOAD src\startup_stm32l152xe.o
LOAD src\system_stm32l1xx.o
LOAD src\tiny_printf.o
                0x00000080                malloc_getpagesize_P = 0x80
START GROUP
LOAD c:/program files (x86)/atollic/truestudio for stm32 9.3.0/armtools/bin/../lib/gcc/arm-atollic-eabi/6.3.1/../../../../arm-atollic-eabi/lib/armv7-m\libc_nano.a
LOAD c:/program files (x86)/atollic/truestudio for stm32 9.3.0/armtools/bin/../lib/gcc/arm-atollic-eabi/6.3.1/../../../../arm-atollic-eabi/lib/armv7-m\libm.a
END GROUP
START GROUP
LOAD c:/program files (x86)/atollic/truestudio for stm32 9.3.0/armtools/bin/../lib/gcc/arm-atollic-eabi/6.3.1/armv7-m\libgcc.a
LOAD c:/program files (x86)/atollic/truestudio for stm32 9.3.0/armtools/bin/../lib/gcc/arm-atollic-eabi/6.3.1/../../../../arm-atollic-eabi/lib/armv7-m\libc_nano.a
END GROUP
START GROUP
LOAD c:/program files (x86)/atollic/truestudio for stm32 9.3.0/armtools/bin/../lib/gcc/arm-atollic-eabi/6.3.1/armv7-m\libgcc.a
LOAD c:/program files (x86)/atollic/truestudio for stm32 9.3.0/armtools/bin/../lib/gcc/arm-atollic-eabi/6.3.1/../../../../arm-atollic-eabi/lib/armv7-m\libc_nano.a
LOAD c:/program files (x86)/atollic/truestudio for stm32 9.3.0/armtools/bin/../lib/gcc/arm-atollic-eabi/6.3.1/../../../../arm-atollic-eabi/lib/armv7-m\libnosys.a
END GROUP
START GROUP
LOAD c:/program files (x86)/atollic/truestudio for stm32 9.3.0/armtools/bin/../lib/gcc/arm-atollic-eabi/6.3.1/armv7-m\libgcc.a
LOAD c:/program files (x86)/atollic/truestudio for stm32 9.3.0/armtools/bin/../lib/gcc/arm-atollic-eabi/6.3.1/../../../../arm-atollic-eabi/lib/armv7-m\libc_nano.a
LOAD c:/program files (x86)/atollic/truestudio for stm32 9.3.0/armtools/bin/../lib/gcc/arm-atollic-eabi/6.3.1/../../../../arm-atollic-eabi/lib/armv7-m\libnosys.a
END GROUP
LOAD c:/program files (x86)/atollic/truestudio for stm32 9.3.0/armtools/bin/../lib/gcc/arm-atollic-eabi/6.3.1/armv7-m/crtend.o
LOAD c:/program files (x86)/atollic/truestudio for stm32 9.3.0/armtools/bin/../lib/gcc/arm-atollic-eabi/6.3.1/armv7-m/crtn.o
                0x20014000                _estack = 0x20014000
                0x00000000                _Min_Heap_Size = 0x0
                0x00000400                _Min_Stack_Size = 0x400

.isr_vector     0x08000000      0x13c
                0x08000000                . = ALIGN (0x4)
 *(.isr_vector)
 .isr_vector    0x08000000      0x13c src\startup_stm32l152xe.o
                0x08000000                g_pfnVectors
                0x0800013c                . = ALIGN (0x4)

.text           0x0800013c      0x8b4
                0x0800013c                . = ALIGN (0x4)
 *(.text)
 .text          0x0800013c       0x40 c:/program files (x86)/atollic/truestudio for stm32 9.3.0/armtools/bin/../lib/gcc/arm-atollic-eabi/6.3.1/armv7-m/crtbegin.o
 *(.text*)
 .text.SetSysClk
                0x0800017c      0x10c src\0_sysclk_32MHz.o
                0x0800017c                SetSysClk
 .text.systickDelayMs
                0x08000288       0x54 src\1_systick.o
                0x08000288                systickDelayMs
 .text.systickDelayUs
                0x080002dc       0x50 src\1_systick.o
                0x080002dc                systickDelayUs
 .text.compute_uart_bd
                0x0800032c       0x24 src\2_uart2.o
                0x0800032c                compute_uart_bd
 .text.uart_set_baudrate
                0x08000350       0x24 src\2_uart2.o
                0x08000350                uart_set_baudrate
 .text.uart2_tx_init
                0x08000374       0x80 src\2_uart2.o
                0x08000374                uart2_tx_init
 .text.uart2_write
                0x080003f4       0x2c src\2_uart2.o
                0x080003f4                uart2_write
 .text.uart2_write_string
                0x08000420       0x3a src\2_uart2.o
                0x08000420                uart2_write_string
 .text.main     0x0800045a       0x32 src\main.o
                0x0800045a                main
 .text.am2302Request
                0x0800048c      0x174 src\sensor\am2302.o
                0x0800048c                am2302Request
 .text.am2302ShowUart2
                0x08000600       0xf0 src\sensor\am2302.o
                0x08000600                am2302ShowUart2
 .text.Reset_Handler
                0x080006f0       0x48 src\startup_stm32l152xe.o
                0x080006f0                Reset_Handler
 .text.Default_Handler
                0x08000738        0x2 src\startup_stm32l152xe.o
                0x08000738                RTC_Alarm_IRQHandler
                0x08000738                EXTI2_IRQHandler
                0x08000738                COMP_ACQ_IRQHandler
                0x08000738                DebugMon_Handler
                0x08000738                HardFault_Handler
                0x08000738                TIM10_IRQHandler
                0x08000738                USB_HP_IRQHandler
                0x08000738                TIM6_IRQHandler
                0x08000738                SysTick_Handler
                0x08000738                PVD_IRQHandler
                0x08000738                PendSV_Handler
                0x08000738                NMI_Handler
                0x08000738                EXTI3_IRQHandler
                0x08000738                EXTI0_IRQHandler
                0x08000738                I2C2_EV_IRQHandler
                0x08000738                UsageFault_Handler
                0x08000738                SPI1_IRQHandler
                0x08000738                USB_FS_WKUP_IRQHandler
                0x08000738                DMA2_Channel2_IRQHandler
                0x08000738                DMA1_Channel4_IRQHandler
                0x08000738                ADC1_IRQHandler
                0x08000738                USART3_IRQHandler
                0x08000738                DMA1_Channel7_IRQHandler
                0x08000738                LCD_IRQHandler
                0x08000738                UART5_IRQHandler
                0x08000738                TIM4_IRQHandler
                0x08000738                DMA2_Channel1_IRQHandler
                0x08000738                I2C1_EV_IRQHandler
                0x08000738                DMA1_Channel6_IRQHandler
                0x08000738                UART4_IRQHandler
                0x08000738                DMA2_Channel4_IRQHandler
                0x08000738                TIM3_IRQHandler
                0x08000738                RCC_IRQHandler
                0x08000738                DMA1_Channel1_IRQHandler
                0x08000738                Default_Handler
                0x08000738                EXTI15_10_IRQHandler
                0x08000738                TIM7_IRQHandler
                0x08000738                TIM5_IRQHandler
                0x08000738                EXTI9_5_IRQHandler
                0x08000738                TIM9_IRQHandler
                0x08000738                TAMPER_STAMP_IRQHandler
                0x08000738                RTC_WKUP_IRQHandler
                0x08000738                SPI2_IRQHandler
                0x08000738                MemManage_Handler
                0x08000738                SVC_Handler
                0x08000738                DMA2_Channel5_IRQHandler
                0x08000738                DMA1_Channel5_IRQHandler
                0x08000738                USB_LP_IRQHandler
                0x08000738                EXTI4_IRQHandler
                0x08000738                DMA1_Channel3_IRQHandler
                0x08000738                COMP_IRQHandler
                0x08000738                WWDG_IRQHandler
                0x08000738                TIM2_IRQHandler
                0x08000738                DAC_IRQHandler
                0x08000738                EXTI1_IRQHandler
                0x08000738                TIM11_IRQHandler
                0x08000738                USART2_IRQHandler
                0x08000738                I2C2_ER_IRQHandler
                0x08000738                DMA1_Channel2_IRQHandler
                0x08000738                FLASH_IRQHandler
                0x08000738                BusFault_Handler
                0x08000738                USART1_IRQHandler
                0x08000738                SPI3_IRQHandler
                0x08000738                I2C1_ER_IRQHandler
                0x08000738                DMA2_Channel3_IRQHandler
 *fill*         0x0800073a        0x2 
 .text.SystemInit
                0x0800073c       0x68 src\system_stm32l1xx.o
                0x0800073c                SystemInit
 .text.ts_itoa  0x080007a4       0x90 src\tiny_printf.o
                0x080007a4                ts_itoa
 .text.ts_formatstring
                0x08000834      0x12e src\tiny_printf.o
                0x08000834                ts_formatstring
 .text.siprintf
                0x08000962       0x2c src\tiny_printf.o
                0x08000962                siprintf
                0x08000962                sprintf
 *fill*         0x0800098e        0x2 
 .text.__libc_init_array
                0x08000990       0x48 c:/program files (x86)/atollic/truestudio for stm32 9.3.0/armtools/bin/../lib/gcc/arm-atollic-eabi/6.3.1/../../../../arm-atollic-eabi/lib/armv7-m\libc_nano.a(lib_a-init.o)
                0x08000990                __libc_init_array
 *(.glue_7)
 .glue_7        0x080009d8        0x0 linker stubs
 *(.glue_7t)
 .glue_7t       0x080009d8        0x0 linker stubs
 *(.eh_frame)
 .eh_frame      0x080009d8        0x0 c:/program files (x86)/atollic/truestudio for stm32 9.3.0/armtools/bin/../lib/gcc/arm-atollic-eabi/6.3.1/armv7-m/crtbegin.o
 *(.init)
 .init          0x080009d8        0x4 c:/program files (x86)/atollic/truestudio for stm32 9.3.0/armtools/bin/../lib/gcc/arm-atollic-eabi/6.3.1/armv7-m/crti.o
                0x080009d8                _init
 .init          0x080009dc        0x8 c:/program files (x86)/atollic/truestudio for stm32 9.3.0/armtools/bin/../lib/gcc/arm-atollic-eabi/6.3.1/armv7-m/crtn.o
 *(.fini)
 .fini          0x080009e4        0x4 c:/program files (x86)/atollic/truestudio for stm32 9.3.0/armtools/bin/../lib/gcc/arm-atollic-eabi/6.3.1/armv7-m/crti.o
                0x080009e4                _fini
 .fini          0x080009e8        0x8 c:/program files (x86)/atollic/truestudio for stm32 9.3.0/armtools/bin/../lib/gcc/arm-atollic-eabi/6.3.1/armv7-m/crtn.o
                0x080009f0                . = ALIGN (0x4)
                0x080009f0                _etext = .

.vfp11_veneer   0x080009f0        0x0
 .vfp11_veneer  0x080009f0        0x0 linker stubs

.v4_bx          0x080009f0        0x0
 .v4_bx         0x080009f0        0x0 linker stubs

.iplt           0x080009f0        0x0
 .iplt          0x080009f0        0x0 c:/program files (x86)/atollic/truestudio for stm32 9.3.0/armtools/bin/../lib/gcc/arm-atollic-eabi/6.3.1/armv7-m/crtbegin.o

.rodata         0x080009f0       0x1c
                0x080009f0                . = ALIGN (0x4)
 *(.rodata)
 .rodata        0x080009f0       0x19 src\sensor\am2302.o
 *(.rodata*)
                0x08000a0c                . = ALIGN (0x4)
 *fill*         0x08000a09        0x3 

.rel.dyn        0x08000a0c        0x0
 .rel.iplt      0x08000a0c        0x0 c:/program files (x86)/atollic/truestudio for stm32 9.3.0/armtools/bin/../lib/gcc/arm-atollic-eabi/6.3.1/armv7-m/crtbegin.o

.ARM.extab
 *(.ARM.extab* .gnu.linkonce.armextab.*)

.ARM            0x08000a0c        0x0
                0x08000a0c                __exidx_start = .
 *(.ARM.exidx*)
                0x08000a0c                __exidx_end = .

.preinit_array  0x08000a0c        0x0
                0x08000a0c                PROVIDE (__preinit_array_start, .)
 *(.preinit_array*)
                0x08000a0c                PROVIDE (__preinit_array_end, .)

.init_array     0x08000a0c        0x4
                0x08000a0c                PROVIDE (__init_array_start, .)
 *(SORT(.init_array.*))
 *(.init_array*)
 .init_array    0x08000a0c        0x4 c:/program files (x86)/atollic/truestudio for stm32 9.3.0/armtools/bin/../lib/gcc/arm-atollic-eabi/6.3.1/armv7-m/crtbegin.o
                0x08000a10                PROVIDE (__init_array_end, .)

.fini_array     0x08000a10        0x4
                [!provide]                PROVIDE (__fini_array_start, .)
 *(SORT(.fini_array.*))
 *(.fini_array*)
 .fini_array    0x08000a10        0x4 c:/program files (x86)/atollic/truestudio for stm32 9.3.0/armtools/bin/../lib/gcc/arm-atollic-eabi/6.3.1/armv7-m/crtbegin.o
                [!provide]                PROVIDE (__fini_array_end, .)
                0x08000a14                _sidata = LOADADDR (.data)

.data           0x20000000        0x0 load address 0x08000a14
                0x20000000                . = ALIGN (0x4)
                0x20000000                _sdata = .
 *(.data)
 *(.data*)
                0x20000000                . = ALIGN (0x4)
                0x20000000                _edata = .

.igot.plt       0x20000000        0x0 load address 0x08000a14
 .igot.plt      0x20000000        0x0 c:/program files (x86)/atollic/truestudio for stm32 9.3.0/armtools/bin/../lib/gcc/arm-atollic-eabi/6.3.1/armv7-m/crtbegin.o
                0x20000000                . = ALIGN (0x4)

.bss            0x20000000       0x1c load address 0x08000a14
                0x20000000                _sbss = .
                0x20000000                __bss_start__ = _sbss
 *(.bss)
 .bss           0x20000000       0x1c c:/program files (x86)/atollic/truestudio for stm32 9.3.0/armtools/bin/../lib/gcc/arm-atollic-eabi/6.3.1/armv7-m/crtbegin.o
 *(.bss*)
 *(COMMON)
                0x2000001c                . = ALIGN (0x4)
                0x2000001c                _ebss = .
                0x2000001c                __bss_end__ = _ebss

._user_heap_stack
                0x2000001c      0x400 load address 0x08000a14
                0x2000001c                . = ALIGN (0x4)
                [!provide]                PROVIDE (end, .)
                [!provide]                PROVIDE (_end, .)
                0x2000001c                . = (. + _Min_Heap_Size)
                0x2000041c                . = (. + _Min_Stack_Size)
 *fill*         0x2000001c      0x400 
                0x2000041c                . = ALIGN (0x4)

.memory_b1_text
 *(.mb1text)
 *(.mb1text*)
 *(.mb1rodata)
 *(.mb1rodata*)

/DISCARD/
 libc.a(*)
 libm.a(*)
 libgcc.a(*)

.ARM.attributes
                0x00000000       0x29
 *(.ARM.attributes)
 .ARM.attributes
                0x00000000       0x1d c:/program files (x86)/atollic/truestudio for stm32 9.3.0/armtools/bin/../lib/gcc/arm-atollic-eabi/6.3.1/armv7-m/crti.o
 .ARM.attributes
                0x0000001d       0x2d c:/program files (x86)/atollic/truestudio for stm32 9.3.0/armtools/bin/../lib/gcc/arm-atollic-eabi/6.3.1/armv7-m/crtbegin.o
 .ARM.attributes
                0x0000004a       0x33 src\0_sysclk_32MHz.o
 .ARM.attributes
                0x0000007d       0x33 src\1_systick.o
 .ARM.attributes
                0x000000b0       0x33 src\2_uart2.o
 .ARM.attributes
                0x000000e3       0x33 src\main.o
 .ARM.attributes
                0x00000116       0x33 src\sensor\am2302.o
 .ARM.attributes
                0x00000149       0x21 src\startup_stm32l152xe.o
 .ARM.attributes
                0x0000016a       0x33 src\system_stm32l1xx.o
 .ARM.attributes
                0x0000019d       0x33 src\tiny_printf.o
 .ARM.attributes
                0x000001d0       0x2d c:/program files (x86)/atollic/truestudio for stm32 9.3.0/armtools/bin/../lib/gcc/arm-atollic-eabi/6.3.1/../../../../arm-atollic-eabi/lib/armv7-m\libc_nano.a(lib_a-init.o)
 .ARM.attributes
                0x000001fd       0x1d c:/program files (x86)/atollic/truestudio for stm32 9.3.0/armtools/bin/../lib/gcc/arm-atollic-eabi/6.3.1/armv7-m/crtn.o
OUTPUT(2_uart.elf elf32-littlearm)

.debug_info     0x00000000     0x495a
 .debug_info    0x00000000      0xb80 src\0_sysclk_32MHz.o
 .debug_info    0x00000b80      0xa57 src\1_systick.o
 .debug_info    0x000015d7      0xc85 src\2_uart2.o
 .debug_info    0x0000225c      0x9c7 src\main.o
 .debug_info    0x00002c23      0xbef src\sensor\am2302.o
 .debug_info    0x00003812       0x85 src\startup_stm32l152xe.o
 .debug_info    0x00003897      0x44b src\system_stm32l1xx.o
 .debug_info    0x00003ce2      0xc78 src\tiny_printf.o

.debug_abbrev   0x00000000      0xd0a
 .debug_abbrev  0x00000000      0x1b7 src\0_sysclk_32MHz.o
 .debug_abbrev  0x000001b7      0x1e9 src\1_systick.o
 .debug_abbrev  0x000003a0      0x239 src\2_uart2.o
 .debug_abbrev  0x000005d9      0x1b5 src\main.o
 .debug_abbrev  0x0000078e      0x1fa src\sensor\am2302.o
 .debug_abbrev  0x00000988       0x12 src\startup_stm32l152xe.o
 .debug_abbrev  0x0000099a      0x10e src\system_stm32l1xx.o
 .debug_abbrev  0x00000aa8      0x262 src\tiny_printf.o

.debug_aranges  0x00000000      0x188
 .debug_aranges
                0x00000000       0x20 src\0_sysclk_32MHz.o
 .debug_aranges
                0x00000020       0x28 src\1_systick.o
 .debug_aranges
                0x00000048       0x48 src\2_uart2.o
 .debug_aranges
                0x00000090       0x20 src\main.o
 .debug_aranges
                0x000000b0       0x28 src\sensor\am2302.o
 .debug_aranges
                0x000000d8       0x28 src\startup_stm32l152xe.o
 .debug_aranges
                0x00000100       0x28 src\system_stm32l1xx.o
 .debug_aranges
                0x00000128       0x60 src\tiny_printf.o

.debug_ranges   0x00000000      0x110
 .debug_ranges  0x00000000       0x10 src\0_sysclk_32MHz.o
 .debug_ranges  0x00000010       0x18 src\1_systick.o
 .debug_ranges  0x00000028       0x38 src\2_uart2.o
 .debug_ranges  0x00000060       0x10 src\main.o
 .debug_ranges  0x00000070       0x18 src\sensor\am2302.o
 .debug_ranges  0x00000088       0x20 src\startup_stm32l152xe.o
 .debug_ranges  0x000000a8       0x18 src\system_stm32l1xx.o
 .debug_ranges  0x000000c0       0x50 src\tiny_printf.o

.debug_line     0x00000000     0x13a8
 .debug_line    0x00000000      0x2d9 src\0_sysclk_32MHz.o
 .debug_line    0x000002d9      0x2cf src\1_systick.o
 .debug_line    0x000005a8      0x311 src\2_uart2.o
 .debug_line    0x000008b9      0x28e src\main.o
 .debug_line    0x00000b47      0x34a src\sensor\am2302.o
 .debug_line    0x00000e91       0x79 src\startup_stm32l152xe.o
 .debug_line    0x00000f0a      0x1df src\system_stm32l1xx.o
 .debug_line    0x000010e9      0x2bf src\tiny_printf.o

.debug_str      0x00000000      0x9ba
 .debug_str     0x00000000      0x6d5 src\0_sysclk_32MHz.o
                                0x773 (size before relaxing)
 .debug_str     0x000006d5       0x54 src\1_systick.o
                                0x6db (size before relaxing)
 .debug_str     0x00000729       0xd5 src\2_uart2.o
                                0x7ca (size before relaxing)
 .debug_str     0x000007fe       0x1a src\main.o
                                0x6a1 (size before relaxing)
 .debug_str     0x00000818       0x48 src\sensor\am2302.o
                                0x781 (size before relaxing)
 .debug_str     0x00000860       0xba src\system_stm32l1xx.o
                                0x311 (size before relaxing)
 .debug_str     0x0000091a       0xa0 src\tiny_printf.o
                                0x673 (size before relaxing)

.comment        0x00000000       0x7c
 .comment       0x00000000       0x7c src\0_sysclk_32MHz.o
                                 0x7d (size before relaxing)
 .comment       0x0000007c       0x7d src\1_systick.o
 .comment       0x0000007c       0x7d src\2_uart2.o
 .comment       0x0000007c       0x7d src\main.o
 .comment       0x0000007c       0x7d src\sensor\am2302.o
 .comment       0x0000007c       0x7d src\system_stm32l1xx.o
 .comment       0x0000007c       0x7d src\tiny_printf.o

.debug_frame    0x00000000      0x44c
 .debug_frame   0x00000000       0x38 src\0_sysclk_32MHz.o
 .debug_frame   0x00000038       0x60 src\1_systick.o
 .debug_frame   0x00000098       0xe4 src\2_uart2.o
 .debug_frame   0x0000017c       0x30 src\main.o
 .debug_frame   0x000001ac       0x60 src\sensor\am2302.o
 .debug_frame   0x0000020c       0x58 src\system_stm32l1xx.o
 .debug_frame   0x00000264      0x1bc src\tiny_printf.o
 .debug_frame   0x00000420       0x2c c:/program files (x86)/atollic/truestudio for stm32 9.3.0/armtools/bin/../lib/gcc/arm-atollic-eabi/6.3.1/../../../../arm-atollic-eabi/lib/armv7-m\libc_nano.a(lib_a-init.o)

.stabstr        0x00000000       0x3f
 .stabstr       0x00000000       0x3f c:/program files (x86)/atollic/truestudio for stm32 9.3.0/armtools/bin/../lib/gcc/arm-atollic-eabi/6.3.1/../../../../arm-atollic-eabi/lib/armv7-m\libnosys.a(write.o)

Cross Reference Table

Symbol                                            File
ADC1_IRQHandler                                   src\startup_stm32l152xe.o
AHBPrescTable                                     src\system_stm32l1xx.o
APBPrescTable                                     src\system_stm32l1xx.o
BusFault_Handler                                  src\startup_stm32l152xe.o
COMP_ACQ_IRQHandler                               src\startup_stm32l152xe.o
COMP_IRQHandler                                   src\startup_stm32l152xe.o
DAC_IRQHandler                                    src\startup_stm32l152xe.o
DMA1_Channel1_IRQHandler                          src\startup_stm32l152xe.o
DMA1_Channel2_IRQHandler                          src\startup_stm32l152xe.o
DMA1_Channel3_IRQHandler                          src\startup_stm32l152xe.o
DMA1_Channel4_IRQHandler                          src\startup_stm32l152xe.o
DMA1_Channel5_IRQHandler                          src\startup_stm32l152xe.o
DMA1_Channel6_IRQHandler                          src\startup_stm32l152xe.o
DMA1_Channel7_IRQHandler                          src\startup_stm32l152xe.o
DMA2_Channel1_IRQHandler                          src\startup_stm32l152xe.o
DMA2_Channel2_IRQHandler                          src\startup_stm32l152xe.o
DMA2_Channel3_IRQHandler                          src\startup_stm32l152xe.o
DMA2_Channel4_IRQHandler                          src\startup_stm32l152xe.o
DMA2_Channel5_IRQHandler                          src\startup_stm32l152xe.o
DebugMon_Handler                                  src\startup_stm32l152xe.o
Default_Handler                                   src\startup_stm32l152xe.o
EXTI0_IRQHandler                                  src\startup_stm32l152xe.o
EXTI15_10_IRQHandler                              src\startup_stm32l152xe.o
EXTI1_IRQHandler                                  src\startup_stm32l152xe.o
EXTI2_IRQHandler                                  src\startup_stm32l152xe.o
EXTI3_IRQHandler                                  src\startup_stm32l152xe.o
EXTI4_IRQHandler                                  src\startup_stm32l152xe.o
EXTI9_5_IRQHandler                                src\startup_stm32l152xe.o
FLASH_IRQHandler                                  src\startup_stm32l152xe.o
HardFault_Handler                                 src\startup_stm32l152xe.o
I2C1_ER_IRQHandler                                src\startup_stm32l152xe.o
I2C1_EV_IRQHandler                                src\startup_stm32l152xe.o
I2C2_ER_IRQHandler                                src\startup_stm32l152xe.o
I2C2_EV_IRQHandler                                src\startup_stm32l152xe.o
LCD_IRQHandler                                    src\startup_stm32l152xe.o
MemManage_Handler                                 src\startup_stm32l152xe.o
NMI_Handler                                       src\startup_stm32l152xe.o
PLLMulTable                                       src\system_stm32l1xx.o
PVD_IRQHandler                                    src\startup_stm32l152xe.o
PendSV_Handler                                    src\startup_stm32l152xe.o
RCC_IRQHandler                                    src\startup_stm32l152xe.o
RTC_Alarm_IRQHandler                              src\startup_stm32l152xe.o
RTC_WKUP_IRQHandler                               src\startup_stm32l152xe.o
Reset_Handler                                     src\startup_stm32l152xe.o
SPI1_IRQHandler                                   src\startup_stm32l152xe.o
SPI2_IRQHandler                                   src\startup_stm32l152xe.o
SPI3_IRQHandler                                   src\startup_stm32l152xe.o
SVC_Handler                                       src\startup_stm32l152xe.o
SetSysClk                                         src\0_sysclk_32MHz.o
                                                  src\main.o
SysTick_Handler                                   src\startup_stm32l152xe.o
SystemCoreClock                                   src\system_stm32l1xx.o
SystemCoreClockUpdate                             src\system_stm32l1xx.o
SystemInit                                        src\system_stm32l1xx.o
                                                  src\startup_stm32l152xe.o
TAMPER_STAMP_IRQHandler                           src\startup_stm32l152xe.o
TIM10_IRQHandler                                  src\startup_stm32l152xe.o
TIM11_IRQHandler                                  src\startup_stm32l152xe.o
TIM2_IRQHandler                                   src\startup_stm32l152xe.o
TIM3_IRQHandler                                   src\startup_stm32l152xe.o
TIM4_IRQHandler                                   src\startup_stm32l152xe.o
TIM5_IRQHandler                                   src\startup_stm32l152xe.o
TIM6_IRQHandler                                   src\startup_stm32l152xe.o
TIM7_IRQHandler                                   src\startup_stm32l152xe.o
TIM9_IRQHandler                                   src\startup_stm32l152xe.o
UART4_IRQHandler                                  src\startup_stm32l152xe.o
UART5_IRQHandler                                  src\startup_stm32l152xe.o
USART1_IRQHandler                                 src\startup_stm32l152xe.o
USART2_IRQHandler                                 src\startup_stm32l152xe.o
USART3_IRQHandler                                 src\startup_stm32l152xe.o
USB_FS_WKUP_IRQHandler                            src\startup_stm32l152xe.o
USB_HP_IRQHandler                                 src\startup_stm32l152xe.o
USB_LP_IRQHandler                                 src\startup_stm32l152xe.o
UsageFault_Handler                                src\startup_stm32l152xe.o
WWDG_IRQHandler                                   src\startup_stm32l152xe.o
__adddf3                                          c:/program files (x86)/atollic/truestudio for stm32 9.3.0/armtools/bin/../lib/gcc/arm-atollic-eabi/6.3.1/armv7-m\libgcc.a(_arm_addsubdf3.o)
__aeabi_d2f                                       c:/program files (x86)/atollic/truestudio for stm32 9.3.0/armtools/bin/../lib/gcc/arm-atollic-eabi/6.3.1/armv7-m\libgcc.a(_arm_truncdfsf2.o)
                                                  src\4_calculate_ADC_sensor.o
__aeabi_dadd                                      c:/program files (x86)/atollic/truestudio for stm32 9.3.0/armtools/bin/../lib/gcc/arm-atollic-eabi/6.3.1/armv7-m\libgcc.a(_arm_addsubdf3.o)
__aeabi_ddiv                                      c:/program files (x86)/atollic/truestudio for stm32 9.3.0/armtools/bin/../lib/gcc/arm-atollic-eabi/6.3.1/armv7-m\libgcc.a(_arm_muldivdf3.o)
                                                  src\4_calculate_ADC_sensor.o
__aeabi_dmul                                      c:/program files (x86)/atollic/truestudio for stm32 9.3.0/armtools/bin/../lib/gcc/arm-atollic-eabi/6.3.1/armv7-m\libgcc.a(_arm_muldivdf3.o)
                                                  src\4_calculate_ADC_sensor.o
__aeabi_drsub                                     c:/program files (x86)/atollic/truestudio for stm32 9.3.0/armtools/bin/../lib/gcc/arm-atollic-eabi/6.3.1/armv7-m\libgcc.a(_arm_addsubdf3.o)
__aeabi_dsub                                      c:/program files (x86)/atollic/truestudio for stm32 9.3.0/armtools/bin/../lib/gcc/arm-atollic-eabi/6.3.1/armv7-m\libgcc.a(_arm_addsubdf3.o)
                                                  src\4_calculate_ADC_sensor.o
__aeabi_f2d                                       c:/program files (x86)/atollic/truestudio for stm32 9.3.0/armtools/bin/../lib/gcc/arm-atollic-eabi/6.3.1/armv7-m\libgcc.a(_arm_addsubdf3.o)
                                                  src\4_calculate_ADC_sensor.o
__aeabi_i2d                                       c:/program files (x86)/atollic/truestudio for stm32 9.3.0/armtools/bin/../lib/gcc/arm-atollic-eabi/6.3.1/armv7-m\libgcc.a(_arm_addsubdf3.o)
__aeabi_l2d                                       c:/program files (x86)/atollic/truestudio for stm32 9.3.0/armtools/bin/../lib/gcc/arm-atollic-eabi/6.3.1/armv7-m\libgcc.a(_arm_addsubdf3.o)
__aeabi_ui2d                                      c:/program files (x86)/atollic/truestudio for stm32 9.3.0/armtools/bin/../lib/gcc/arm-atollic-eabi/6.3.1/armv7-m\libgcc.a(_arm_addsubdf3.o)
                                                  src\4_calculate_ADC_sensor.o
__aeabi_ul2d                                      c:/program files (x86)/atollic/truestudio for stm32 9.3.0/armtools/bin/../lib/gcc/arm-atollic-eabi/6.3.1/armv7-m\libgcc.a(_arm_addsubdf3.o)
__deregister_frame_info                           c:/program files (x86)/atollic/truestudio for stm32 9.3.0/armtools/bin/../lib/gcc/arm-atollic-eabi/6.3.1/armv7-m/crtbegin.o
__divdf3                                          c:/program files (x86)/atollic/truestudio for stm32 9.3.0/armtools/bin/../lib/gcc/arm-atollic-eabi/6.3.1/armv7-m\libgcc.a(_arm_muldivdf3.o)
__dso_handle                                      c:/program files (x86)/atollic/truestudio for stm32 9.3.0/armtools/bin/../lib/gcc/arm-atollic-eabi/6.3.1/armv7-m/crtbegin.o
__extendsfdf2                                     c:/program files (x86)/atollic/truestudio for stm32 9.3.0/armtools/bin/../lib/gcc/arm-atollic-eabi/6.3.1/armv7-m\libgcc.a(_arm_addsubdf3.o)
__floatdidf                                       c:/program files (x86)/atollic/truestudio for stm32 9.3.0/armtools/bin/../lib/gcc/arm-atollic-eabi/6.3.1/armv7-m\libgcc.a(_arm_addsubdf3.o)
__floatsidf                                       c:/program files (x86)/atollic/truestudio for stm32 9.3.0/armtools/bin/../lib/gcc/arm-atollic-eabi/6.3.1/armv7-m\libgcc.a(_arm_addsubdf3.o)
__floatundidf                                     c:/program files (x86)/atollic/truestudio for stm32 9.3.0/armtools/bin/../lib/gcc/arm-atollic-eabi/6.3.1/armv7-m\libgcc.a(_arm_addsubdf3.o)
__floatunsidf                                     c:/program files (x86)/atollic/truestudio for stm32 9.3.0/armtools/bin/../lib/gcc/arm-atollic-eabi/6.3.1/armv7-m\libgcc.a(_arm_addsubdf3.o)
__init_array_end                                  c:/program files (x86)/atollic/truestudio for stm32 9.3.0/armtools/bin/../lib/gcc/arm-atollic-eabi/6.3.1/../../../../arm-atollic-eabi/lib/armv7-m\libc_nano.a(lib_a-init.o)
__init_array_start                                c:/program files (x86)/atollic/truestudio for stm32 9.3.0/armtools/bin/../lib/gcc/arm-atollic-eabi/6.3.1/../../../../arm-atollic-eabi/lib/armv7-m\libc_nano.a(lib_a-init.o)
__libc_init_array                                 c:/program files (x86)/atollic/truestudio for stm32 9.3.0/armtools/bin/../lib/gcc/arm-atollic-eabi/6.3.1/../../../../arm-atollic-eabi/lib/armv7-m\libc_nano.a(lib_a-init.o)
                                                  src\startup_stm32l152xe.o
__muldf3                                          c:/program files (x86)/atollic/truestudio for stm32 9.3.0/armtools/bin/../lib/gcc/arm-atollic-eabi/6.3.1/armv7-m\libgcc.a(_arm_muldivdf3.o)
__preinit_array_end                               c:/program files (x86)/atollic/truestudio for stm32 9.3.0/armtools/bin/../lib/gcc/arm-atollic-eabi/6.3.1/../../../../arm-atollic-eabi/lib/armv7-m\libc_nano.a(lib_a-init.o)
__preinit_array_start                             c:/program files (x86)/atollic/truestudio for stm32 9.3.0/armtools/bin/../lib/gcc/arm-atollic-eabi/6.3.1/../../../../arm-atollic-eabi/lib/armv7-m\libc_nano.a(lib_a-init.o)
__register_frame_info                             c:/program files (x86)/atollic/truestudio for stm32 9.3.0/armtools/bin/../lib/gcc/arm-atollic-eabi/6.3.1/armv7-m/crtbegin.o
__subdf3                                          c:/program files (x86)/atollic/truestudio for stm32 9.3.0/armtools/bin/../lib/gcc/arm-atollic-eabi/6.3.1/armv7-m\libgcc.a(_arm_addsubdf3.o)
__truncdfsf2                                      c:/program files (x86)/atollic/truestudio for stm32 9.3.0/armtools/bin/../lib/gcc/arm-atollic-eabi/6.3.1/armv7-m\libgcc.a(_arm_truncdfsf2.o)
_ebss                                             src\startup_stm32l152xe.o
_edata                                            src\startup_stm32l152xe.o
_estack                                           src\startup_stm32l152xe.o
_fini                                             c:/program files (x86)/atollic/truestudio for stm32 9.3.0/armtools/bin/../lib/gcc/arm-atollic-eabi/6.3.1/armv7-m/crti.o
_init                                             c:/program files (x86)/atollic/truestudio for stm32 9.3.0/armtools/bin/../lib/gcc/arm-atollic-eabi/6.3.1/armv7-m/crti.o
                                                  c:/program files (x86)/atollic/truestudio for stm32 9.3.0/armtools/bin/../lib/gcc/arm-atollic-eabi/6.3.1/../../../../arm-atollic-eabi/lib/armv7-m\libc_nano.a(lib_a-init.o)
_sbss                                             src\startup_stm32l152xe.o
_sdata                                            src\startup_stm32l152xe.o
_sidata                                           src\startup_stm32l152xe.o
_write                                            c:/program files (x86)/atollic/truestudio for stm32 9.3.0/armtools/bin/../lib/gcc/arm-atollic-eabi/6.3.1/../../../../arm-atollic-eabi/lib/armv7-m\libnosys.a(write.o)
                                                  src\tiny_printf.o
adc_read                                          src\3_adc0.o
adc_start_conver                                  src\3_adc0.o
am2302Request                                     src\sensor\am2302.o
                                                  src\main.o
am2302ShowUart2                                   src\sensor\am2302.o
                                                  src\main.o
calCelcius                                        src\4_calculate_ADC_sensor.o
calLux                                            src\4_calculate_ADC_sensor.o
compute_uart_bd                                   src\2_uart2.o
errno                                             c:/program files (x86)/atollic/truestudio for stm32 9.3.0/armtools/bin/../lib/gcc/arm-atollic-eabi/6.3.1/../../../../arm-atollic-eabi/lib/armv7-m\libnosys.a(errno.o)
                                                  c:/program files (x86)/atollic/truestudio for stm32 9.3.0/armtools/bin/../lib/gcc/arm-atollic-eabi/6.3.1/../../../../arm-atollic-eabi/lib/armv7-m\libnosys.a(write.o)
fiprintf                                          src\tiny_printf.o
fprintf                                           src\tiny_printf.o
fputs                                             src\tiny_printf.o
fwrite                                            src\tiny_printf.o
g_pfnVectors                                      src\startup_stm32l152xe.o
gpioa_init                                        src\7.gpio.o
iprintf                                           src\tiny_printf.o
main                                              src\main.o
                                                  src\startup_stm32l152xe.o
pa0_adc_init                                      src\3_adc0.o
pc13_exti_init                                    src\6.external_interrupt.o
printf                                            src\tiny_printf.o
puts                                              src\tiny_printf.o
siprintf                                          src\tiny_printf.o
sprintf                                           src\tiny_printf.o
                                                  src\sensor\am2302.o
strlen                                            c:/program files (x86)/atollic/truestudio for stm32 9.3.0/armtools/bin/../lib/gcc/arm-atollic-eabi/6.3.1/../../../../arm-atollic-eabi/lib/armv7-m\libc_nano.a(lib_a-strlen.o)
                                                  src\tiny_printf.o
systickDelayMs                                    src\1_systick.o
                                                  src\sensor\am2302.o
                                                  src\main.o
systickDelayUs                                    src\1_systick.o
                                                  src\sensor\am2302.o
tim2_1hz_init                                     src\5_timer_autoreload.o
tim2_output_compare_init                          src\5.1_timer_output_toggle_compare.o
tim3_input_capture_init                           src\5.2_timer_input_capture.o
ts_formatlength                                   src\tiny_printf.o
ts_formatstring                                   src\tiny_printf.o
ts_itoa                                           src\tiny_printf.o
uart2_read                                        src\2_uart2.o
uart2_rx_interrupt_init                           src\6.1_UART_interrupt.o
uart2_tx_init                                     src\2_uart2.o
                                                  src\main.o
uart2_write                                       src\2_uart2.o
uart2_write_string                                src\2_uart2.o
                                                  src\sensor\am2302.o
uart_set_baudrate                                 src\2_uart2.o
                                                  src\6.1_UART_interrupt.o
