Archive member included to satisfy reference by file (symbol)

c:/program files (x86)/atollic/truestudio for stm32 9.3.0/armtools/bin/../lib/gcc/arm-atollic-eabi/6.3.1/../../../../arm-atollic-eabi/lib/armv7-m\libc_nano.a(lib_a-init.o)
                              src\startup_stm32l152xe.o (__libc_init_array)
c:/program files (x86)/atollic/truestudio for stm32 9.3.0/armtools/bin/../lib/gcc/arm-atollic-eabi/6.3.1/../../../../arm-atollic-eabi/lib/armv7-m\libc_nano.a(lib_a-memset.o)
                              src\main.o (memset)
c:/program files (x86)/atollic/truestudio for stm32 9.3.0/armtools/bin/../lib/gcc/arm-atollic-eabi/6.3.1/../../../../arm-atollic-eabi/lib/armv7-m\libc_nano.a(lib_a-strcpy.o)
                              src\debug\debug_logs.o (strcpy)
c:/program files (x86)/atollic/truestudio for stm32 9.3.0/armtools/bin/../lib/gcc/arm-atollic-eabi/6.3.1/../../../../arm-atollic-eabi/lib/armv7-m\libc_nano.a(lib_a-strlen.o)
                              src\debug\debug_logs.o (strlen)
c:/program files (x86)/atollic/truestudio for stm32 9.3.0/armtools/bin/../lib/gcc/arm-atollic-eabi/6.3.1/../../../../arm-atollic-eabi/lib/armv7-m\libc_nano.a(lib_a-strncat.o)
                              src\debug\debug_logs.o (strncat)
c:/program files (x86)/atollic/truestudio for stm32 9.3.0/armtools/bin/../lib/gcc/arm-atollic-eabi/6.3.1/armv7-m\libgcc.a(_arm_addsubdf3.o)
                              src\adc\4_calculate_ADC_sensor.o (__aeabi_dsub)
c:/program files (x86)/atollic/truestudio for stm32 9.3.0/armtools/bin/../lib/gcc/arm-atollic-eabi/6.3.1/armv7-m\libgcc.a(_arm_muldivdf3.o)
                              src\adc\4_calculate_ADC_sensor.o (__aeabi_dmul)
c:/program files (x86)/atollic/truestudio for stm32 9.3.0/armtools/bin/../lib/gcc/arm-atollic-eabi/6.3.1/armv7-m\libgcc.a(_arm_truncdfsf2.o)
                              src\adc\4_calculate_ADC_sensor.o (__aeabi_d2f)
c:/program files (x86)/atollic/truestudio for stm32 9.3.0/armtools/bin/../lib/gcc/arm-atollic-eabi/6.3.1/../../../../arm-atollic-eabi/lib/armv7-m\libnosys.a(write.o)
                              src\tiny_printf.o (_write)
c:/program files (x86)/atollic/truestudio for stm32 9.3.0/armtools/bin/../lib/gcc/arm-atollic-eabi/6.3.1/../../../../arm-atollic-eabi/lib/armv7-m\libnosys.a(errno.o)
                              c:/program files (x86)/atollic/truestudio for stm32 9.3.0/armtools/bin/../lib/gcc/arm-atollic-eabi/6.3.1/../../../../arm-atollic-eabi/lib/armv7-m\libnosys.a(write.o) (errno)

Allocating common symbols
Common symbol       size              file

errno               0x4               c:/program files (x86)/atollic/truestudio for stm32 9.3.0/armtools/bin/../lib/gcc/arm-atollic-eabi/6.3.1/../../../../arm-atollic-eabi/lib/armv7-m\libnosys.a(errno.o)
air_quality         0x6               src\main.o

Discarded input sections

 .text          0x00000000        0x0 c:/program files (x86)/atollic/truestudio for stm32 9.3.0/armtools/bin/../lib/gcc/arm-atollic-eabi/6.3.1/armv7-m/crti.o
 .data          0x00000000        0x0 c:/program files (x86)/atollic/truestudio for stm32 9.3.0/armtools/bin/../lib/gcc/arm-atollic-eabi/6.3.1/armv7-m/crti.o
 .bss           0x00000000        0x0 c:/program files (x86)/atollic/truestudio for stm32 9.3.0/armtools/bin/../lib/gcc/arm-atollic-eabi/6.3.1/armv7-m/crti.o
 .data          0x00000000        0x4 c:/program files (x86)/atollic/truestudio for stm32 9.3.0/armtools/bin/../lib/gcc/arm-atollic-eabi/6.3.1/armv7-m/crtbegin.o
 .text          0x00000000        0x0 src\adc\3_adc0.o
 .data          0x00000000        0x0 src\adc\3_adc0.o
 .bss           0x00000000        0x0 src\adc\3_adc0.o
 .text.pa0_adc_init
                0x00000000       0x64 src\adc\3_adc0.o
 .text.adc_start_conver
                0x00000000       0x28 src\adc\3_adc0.o
 .text.adc_read
                0x00000000       0x24 src\adc\3_adc0.o
 .debug_info    0x00000000      0xc79 src\adc\3_adc0.o
 .debug_abbrev  0x00000000      0x1c2 src\adc\3_adc0.o
 .debug_aranges
                0x00000000       0x30 src\adc\3_adc0.o
 .debug_ranges  0x00000000       0x20 src\adc\3_adc0.o
 .debug_line    0x00000000      0x2d1 src\adc\3_adc0.o
 .debug_str     0x00000000      0x7cb src\adc\3_adc0.o
 .comment       0x00000000       0x7d src\adc\3_adc0.o
 .debug_frame   0x00000000       0x70 src\adc\3_adc0.o
 .ARM.attributes
                0x00000000       0x33 src\adc\3_adc0.o
 .text          0x00000000        0x0 src\adc\4_calculate_ADC_sensor.o
 .data          0x00000000        0x0 src\adc\4_calculate_ADC_sensor.o
 .bss           0x00000000        0x0 src\adc\4_calculate_ADC_sensor.o
 .text.calCelcius
                0x00000000       0x7c src\adc\4_calculate_ADC_sensor.o
 .text.calLux   0x00000000       0x88 src\adc\4_calculate_ADC_sensor.o
 .debug_info    0x00000000      0xa17 src\adc\4_calculate_ADC_sensor.o
 .debug_abbrev  0x00000000      0x1e6 src\adc\4_calculate_ADC_sensor.o
 .debug_aranges
                0x00000000       0x28 src\adc\4_calculate_ADC_sensor.o
 .debug_ranges  0x00000000       0x18 src\adc\4_calculate_ADC_sensor.o
 .debug_line    0x00000000      0x2b4 src\adc\4_calculate_ADC_sensor.o
 .debug_str     0x00000000      0x6ce src\adc\4_calculate_ADC_sensor.o
 .comment       0x00000000       0x7d src\adc\4_calculate_ADC_sensor.o
 .debug_frame   0x00000000       0x60 src\adc\4_calculate_ADC_sensor.o
 .ARM.attributes
                0x00000000       0x33 src\adc\4_calculate_ADC_sensor.o
 .text          0x00000000        0x0 src\debug\debug_logs.o
 .data          0x00000000        0x0 src\debug\debug_logs.o
 .bss           0x00000000        0x0 src\debug\debug_logs.o
 .text          0x00000000        0x0 src\gpio\7.gpio.o
 .data          0x00000000        0x0 src\gpio\7.gpio.o
 .bss           0x00000000        0x0 src\gpio\7.gpio.o
 .text.gpioa_init
                0x00000000       0x78 src\gpio\7.gpio.o
 .debug_info    0x00000000      0xb4c src\gpio\7.gpio.o
 .debug_abbrev  0x00000000      0x1c6 src\gpio\7.gpio.o
 .debug_aranges
                0x00000000       0x20 src\gpio\7.gpio.o
 .debug_ranges  0x00000000       0x10 src\gpio\7.gpio.o
 .debug_line    0x00000000      0x2ae src\gpio\7.gpio.o
 .debug_str     0x00000000      0x74e src\gpio\7.gpio.o
 .comment       0x00000000       0x7d src\gpio\7.gpio.o
 .debug_frame   0x00000000       0x38 src\gpio\7.gpio.o
 .ARM.attributes
                0x00000000       0x33 src\gpio\7.gpio.o
 .text          0x00000000        0x0 src\i2c\i2c_functions.o
 .data          0x00000000        0x0 src\i2c\i2c_functions.o
 .bss           0x00000000        0x0 src\i2c\i2c_functions.o
 .text.I2C_Read_Data
                0x00000000       0x34 src\i2c\i2c_functions.o
 .text.I2C_POS_Read
                0x00000000       0x20 src\i2c\i2c_functions.o
 .text.I2C_Check_ACK_Failure
                0x00000000       0x30 src\i2c\i2c_functions.o
 .text.I2C_Check_Overrun
                0x00000000       0x30 src\i2c\i2c_functions.o
 .text          0x00000000        0x0 src\i2c\i2c_init.o
 .data          0x00000000        0x0 src\i2c\i2c_init.o
 .bss           0x00000000        0x0 src\i2c\i2c_init.o
 .text          0x00000000        0x0 src\i2c\i2c_read_data.o
 .data          0x00000000        0x0 src\i2c\i2c_read_data.o
 .bss           0x00000000        0x0 src\i2c\i2c_read_data.o
 .debug_line    0x00000000        0x0 src\i2c\i2c_read_data.o
 .debug_str     0x00000000      0x107 src\i2c\i2c_read_data.o
 .comment       0x00000000       0x7d src\i2c\i2c_read_data.o
 .ARM.attributes
                0x00000000       0x33 src\i2c\i2c_read_data.o
 .text          0x00000000        0x0 src\i2c\i2c_write_command.o
 .data          0x00000000        0x0 src\i2c\i2c_write_command.o
 .bss           0x00000000        0x0 src\i2c\i2c_write_command.o
 .debug_line    0x00000000        0x0 src\i2c\i2c_write_command.o
 .debug_str     0x00000000      0x10b src\i2c\i2c_write_command.o
 .comment       0x00000000       0x7d src\i2c\i2c_write_command.o
 .ARM.attributes
                0x00000000       0x33 src\i2c\i2c_write_command.o
 .text          0x00000000        0x0 src\interrupt\6.1_UART_interrupt.o
 .data          0x00000000        0x0 src\interrupt\6.1_UART_interrupt.o
 .bss           0x00000000        0x0 src\interrupt\6.1_UART_interrupt.o
 .text.NVIC_EnableIRQ
                0x00000000       0x30 src\interrupt\6.1_UART_interrupt.o
 .text.uart2_rx_interrupt_init
                0x00000000       0x78 src\interrupt\6.1_UART_interrupt.o
 .debug_info    0x00000000      0xe72 src\interrupt\6.1_UART_interrupt.o
 .debug_abbrev  0x00000000      0x210 src\interrupt\6.1_UART_interrupt.o
 .debug_aranges
                0x00000000       0x28 src\interrupt\6.1_UART_interrupt.o
 .debug_ranges  0x00000000       0x18 src\interrupt\6.1_UART_interrupt.o
 .debug_line    0x00000000      0x2d0 src\interrupt\6.1_UART_interrupt.o
 .debug_str     0x00000000      0xb51 src\interrupt\6.1_UART_interrupt.o
 .comment       0x00000000       0x7d src\interrupt\6.1_UART_interrupt.o
 .debug_frame   0x00000000       0x54 src\interrupt\6.1_UART_interrupt.o
 .ARM.attributes
                0x00000000       0x33 src\interrupt\6.1_UART_interrupt.o
 .text          0x00000000        0x0 src\interrupt\6.external_interrupt.o
 .data          0x00000000        0x0 src\interrupt\6.external_interrupt.o
 .bss           0x00000000        0x0 src\interrupt\6.external_interrupt.o
 .text.NVIC_EnableIRQ
                0x00000000       0x30 src\interrupt\6.external_interrupt.o
 .text.pc13_exti_init
                0x00000000       0x6c src\interrupt\6.external_interrupt.o
 .debug_info    0x00000000      0xeef src\interrupt\6.external_interrupt.o
 .debug_abbrev  0x00000000      0x232 src\interrupt\6.external_interrupt.o
 .debug_aranges
                0x00000000       0x28 src\interrupt\6.external_interrupt.o
 .debug_ranges  0x00000000       0x18 src\interrupt\6.external_interrupt.o
 .debug_line    0x00000000      0x2f0 src\interrupt\6.external_interrupt.o
 .debug_str     0x00000000      0xb8c src\interrupt\6.external_interrupt.o
 .comment       0x00000000       0x7d src\interrupt\6.external_interrupt.o
 .debug_frame   0x00000000       0x54 src\interrupt\6.external_interrupt.o
 .ARM.attributes
                0x00000000       0x33 src\interrupt\6.external_interrupt.o
 .text          0x00000000        0x0 src\main.o
 .data          0x00000000        0x0 src\main.o
 .bss           0x00000000        0x0 src\main.o
 .text          0x00000000        0x0 src\sensor\am2302\am2302.o
 .data          0x00000000        0x0 src\sensor\am2302\am2302.o
 .bss           0x00000000        0x0 src\sensor\am2302\am2302.o
 .text.am2302Request
                0x00000000      0x174 src\sensor\am2302\am2302.o
 .rodata        0x00000000       0x19 src\sensor\am2302\am2302.o
 .text.am2302ShowUart2
                0x00000000       0xf0 src\sensor\am2302\am2302.o
 .debug_info    0x00000000      0xbef src\sensor\am2302\am2302.o
 .debug_abbrev  0x00000000      0x1fa src\sensor\am2302\am2302.o
 .debug_aranges
                0x00000000       0x28 src\sensor\am2302\am2302.o
 .debug_ranges  0x00000000       0x18 src\sensor\am2302\am2302.o
 .debug_line    0x00000000      0x351 src\sensor\am2302\am2302.o
 .debug_str     0x00000000      0x78c src\sensor\am2302\am2302.o
 .comment       0x00000000       0x7d src\sensor\am2302\am2302.o
 .debug_frame   0x00000000       0x60 src\sensor\am2302\am2302.o
 .ARM.attributes
                0x00000000       0x33 src\sensor\am2302\am2302.o
 .text          0x00000000        0x0 src\sensor\ds1621\ds1621.o
 .data          0x00000000        0x0 src\sensor\ds1621\ds1621.o
 .bss           0x00000000        0x0 src\sensor\ds1621\ds1621.o
 .debug_line    0x00000000        0x0 src\sensor\ds1621\ds1621.o
 .debug_str     0x00000000      0x10a src\sensor\ds1621\ds1621.o
 .comment       0x00000000       0x7d src\sensor\ds1621\ds1621.o
 .ARM.attributes
                0x00000000       0x33 src\sensor\ds1621\ds1621.o
 .text          0x00000000        0x0 src\sensor\sgp30_driver\sgp30.o
 .data          0x00000000        0x0 src\sensor\sgp30_driver\sgp30.o
 .bss           0x00000000        0x0 src\sensor\sgp30_driver\sgp30.o
 .text          0x00000000        0x0 src\sensor\sgp30_driver\sgp30_function.o
 .data          0x00000000        0x0 src\sensor\sgp30_driver\sgp30_function.o
 .bss           0x00000000        0x0 src\sensor\sgp30_driver\sgp30_function.o
 .text          0x00000000       0x14 src\startup_stm32l152xe.o
 .data          0x00000000        0x0 src\startup_stm32l152xe.o
 .bss           0x00000000        0x0 src\startup_stm32l152xe.o
 .text          0x00000000        0x0 src\system_clock\pllclk_32MHz.o
 .data          0x00000000        0x0 src\system_clock\pllclk_32MHz.o
 .bss           0x00000000        0x0 src\system_clock\pllclk_32MHz.o
 .text          0x00000000        0x0 src\system_stm32l1xx.o
 .data          0x00000000        0x0 src\system_stm32l1xx.o
 .bss           0x00000000        0x0 src\system_stm32l1xx.o
 .rodata.APBPrescTable
                0x00000000        0x8 src\system_stm32l1xx.o
 .text          0x00000000        0x0 src\timer\1_systick.o
 .data          0x00000000        0x0 src\timer\1_systick.o
 .bss           0x00000000        0x0 src\timer\1_systick.o
 .text.systickDelayUs
                0x00000000       0x50 src\timer\1_systick.o
 .text          0x00000000        0x0 src\timer\5.1_timer_output_toggle_compare.o
 .data          0x00000000        0x0 src\timer\5.1_timer_output_toggle_compare.o
 .bss           0x00000000        0x0 src\timer\5.1_timer_output_toggle_compare.o
 .text.tim2_output_compare_init
                0x00000000       0x80 src\timer\5.1_timer_output_toggle_compare.o
 .debug_info    0x00000000      0xc46 src\timer\5.1_timer_output_toggle_compare.o
 .debug_abbrev  0x00000000      0x1a8 src\timer\5.1_timer_output_toggle_compare.o
 .debug_aranges
                0x00000000       0x20 src\timer\5.1_timer_output_toggle_compare.o
 .debug_ranges  0x00000000       0x10 src\timer\5.1_timer_output_toggle_compare.o
 .debug_line    0x00000000      0x2c4 src\timer\5.1_timer_output_toggle_compare.o
 .debug_str     0x00000000      0x7c0 src\timer\5.1_timer_output_toggle_compare.o
 .comment       0x00000000       0x7d src\timer\5.1_timer_output_toggle_compare.o
 .debug_frame   0x00000000       0x30 src\timer\5.1_timer_output_toggle_compare.o
 .ARM.attributes
                0x00000000       0x33 src\timer\5.1_timer_output_toggle_compare.o
 .text          0x00000000        0x0 src\timer\5.2_timer_input_capture.o
 .data          0x00000000        0x0 src\timer\5.2_timer_input_capture.o
 .bss           0x00000000        0x0 src\timer\5.2_timer_input_capture.o
 .text.tim3_input_capture_init
                0x00000000       0x68 src\timer\5.2_timer_input_capture.o
 .debug_info    0x00000000      0xc46 src\timer\5.2_timer_input_capture.o
 .debug_abbrev  0x00000000      0x1a8 src\timer\5.2_timer_input_capture.o
 .debug_aranges
                0x00000000       0x20 src\timer\5.2_timer_input_capture.o
 .debug_ranges  0x00000000       0x10 src\timer\5.2_timer_input_capture.o
 .debug_line    0x00000000      0x2ba src\timer\5.2_timer_input_capture.o
 .debug_str     0x00000000      0x7b7 src\timer\5.2_timer_input_capture.o
 .comment       0x00000000       0x7d src\timer\5.2_timer_input_capture.o
 .debug_frame   0x00000000       0x30 src\timer\5.2_timer_input_capture.o
 .ARM.attributes
                0x00000000       0x33 src\timer\5.2_timer_input_capture.o
 .text          0x00000000        0x0 src\timer\5_timer_autoreload.o
 .data          0x00000000        0x0 src\timer\5_timer_autoreload.o
 .bss           0x00000000        0x0 src\timer\5_timer_autoreload.o
 .text.tim2_1hz_init
                0x00000000       0x40 src\timer\5_timer_autoreload.o
 .debug_info    0x00000000      0xb99 src\timer\5_timer_autoreload.o
 .debug_abbrev  0x00000000      0x1a8 src\timer\5_timer_autoreload.o
 .debug_aranges
                0x00000000       0x20 src\timer\5_timer_autoreload.o
 .debug_ranges  0x00000000       0x10 src\timer\5_timer_autoreload.o
 .debug_line    0x00000000      0x2b4 src\timer\5_timer_autoreload.o
 .debug_str     0x00000000      0x776 src\timer\5_timer_autoreload.o
 .comment       0x00000000       0x7d src\timer\5_timer_autoreload.o
 .debug_frame   0x00000000       0x30 src\timer\5_timer_autoreload.o
 .ARM.attributes
                0x00000000       0x33 src\timer\5_timer_autoreload.o
 .text          0x00000000        0x0 src\tiny_printf.o
 .data          0x00000000        0x0 src\tiny_printf.o
 .bss           0x00000000        0x0 src\tiny_printf.o
 .text.ts_formatlength
                0x00000000      0x12c src\tiny_printf.o
 .text.fiprintf
                0x00000000       0x9a src\tiny_printf.o
 .text.iprintf  0x00000000       0x92 src\tiny_printf.o
 .text.fputs    0x00000000       0x68 src\tiny_printf.o
 .text.fwrite   0x00000000       0x38 src\tiny_printf.o
 .text          0x00000000        0x0 src\uart\uart2.o
 .data          0x00000000        0x0 src\uart\uart2.o
 .bss           0x00000000        0x0 src\uart\uart2.o
 .text.uart2_read
                0x00000000       0x24 src\uart\uart2.o
 .text          0x00000000        0x0 c:/program files (x86)/atollic/truestudio for stm32 9.3.0/armtools/bin/../lib/gcc/arm-atollic-eabi/6.3.1/../../../../arm-atollic-eabi/lib/armv7-m\libc_nano.a(lib_a-init.o)
 .data          0x00000000        0x0 c:/program files (x86)/atollic/truestudio for stm32 9.3.0/armtools/bin/../lib/gcc/arm-atollic-eabi/6.3.1/../../../../arm-atollic-eabi/lib/armv7-m\libc_nano.a(lib_a-init.o)
 .bss           0x00000000        0x0 c:/program files (x86)/atollic/truestudio for stm32 9.3.0/armtools/bin/../lib/gcc/arm-atollic-eabi/6.3.1/../../../../arm-atollic-eabi/lib/armv7-m\libc_nano.a(lib_a-init.o)
 .text          0x00000000        0x0 c:/program files (x86)/atollic/truestudio for stm32 9.3.0/armtools/bin/../lib/gcc/arm-atollic-eabi/6.3.1/../../../../arm-atollic-eabi/lib/armv7-m\libc_nano.a(lib_a-memset.o)
 .data          0x00000000        0x0 c:/program files (x86)/atollic/truestudio for stm32 9.3.0/armtools/bin/../lib/gcc/arm-atollic-eabi/6.3.1/../../../../arm-atollic-eabi/lib/armv7-m\libc_nano.a(lib_a-memset.o)
 .bss           0x00000000        0x0 c:/program files (x86)/atollic/truestudio for stm32 9.3.0/armtools/bin/../lib/gcc/arm-atollic-eabi/6.3.1/../../../../arm-atollic-eabi/lib/armv7-m\libc_nano.a(lib_a-memset.o)
 .text          0x00000000        0x0 c:/program files (x86)/atollic/truestudio for stm32 9.3.0/armtools/bin/../lib/gcc/arm-atollic-eabi/6.3.1/../../../../arm-atollic-eabi/lib/armv7-m\libc_nano.a(lib_a-strcpy.o)
 .data          0x00000000        0x0 c:/program files (x86)/atollic/truestudio for stm32 9.3.0/armtools/bin/../lib/gcc/arm-atollic-eabi/6.3.1/../../../../arm-atollic-eabi/lib/armv7-m\libc_nano.a(lib_a-strcpy.o)
 .bss           0x00000000        0x0 c:/program files (x86)/atollic/truestudio for stm32 9.3.0/armtools/bin/../lib/gcc/arm-atollic-eabi/6.3.1/../../../../arm-atollic-eabi/lib/armv7-m\libc_nano.a(lib_a-strcpy.o)
 .data          0x00000000        0x0 c:/program files (x86)/atollic/truestudio for stm32 9.3.0/armtools/bin/../lib/gcc/arm-atollic-eabi/6.3.1/../../../../arm-atollic-eabi/lib/armv7-m\libc_nano.a(lib_a-strlen.o)
 .bss           0x00000000        0x0 c:/program files (x86)/atollic/truestudio for stm32 9.3.0/armtools/bin/../lib/gcc/arm-atollic-eabi/6.3.1/../../../../arm-atollic-eabi/lib/armv7-m\libc_nano.a(lib_a-strlen.o)
 .text          0x00000000        0x0 c:/program files (x86)/atollic/truestudio for stm32 9.3.0/armtools/bin/../lib/gcc/arm-atollic-eabi/6.3.1/../../../../arm-atollic-eabi/lib/armv7-m\libc_nano.a(lib_a-strncat.o)
 .data          0x00000000        0x0 c:/program files (x86)/atollic/truestudio for stm32 9.3.0/armtools/bin/../lib/gcc/arm-atollic-eabi/6.3.1/../../../../arm-atollic-eabi/lib/armv7-m\libc_nano.a(lib_a-strncat.o)
 .bss           0x00000000        0x0 c:/program files (x86)/atollic/truestudio for stm32 9.3.0/armtools/bin/../lib/gcc/arm-atollic-eabi/6.3.1/../../../../arm-atollic-eabi/lib/armv7-m\libc_nano.a(lib_a-strncat.o)
 .text          0x00000000      0x370 c:/program files (x86)/atollic/truestudio for stm32 9.3.0/armtools/bin/../lib/gcc/arm-atollic-eabi/6.3.1/armv7-m\libgcc.a(_arm_addsubdf3.o)
 .data          0x00000000        0x0 c:/program files (x86)/atollic/truestudio for stm32 9.3.0/armtools/bin/../lib/gcc/arm-atollic-eabi/6.3.1/armv7-m\libgcc.a(_arm_addsubdf3.o)
 .bss           0x00000000        0x0 c:/program files (x86)/atollic/truestudio for stm32 9.3.0/armtools/bin/../lib/gcc/arm-atollic-eabi/6.3.1/armv7-m\libgcc.a(_arm_addsubdf3.o)
 .debug_frame   0x00000000       0xac c:/program files (x86)/atollic/truestudio for stm32 9.3.0/armtools/bin/../lib/gcc/arm-atollic-eabi/6.3.1/armv7-m\libgcc.a(_arm_addsubdf3.o)
 .ARM.attributes
                0x00000000       0x1d c:/program files (x86)/atollic/truestudio for stm32 9.3.0/armtools/bin/../lib/gcc/arm-atollic-eabi/6.3.1/armv7-m\libgcc.a(_arm_addsubdf3.o)
 .text          0x00000000      0x424 c:/program files (x86)/atollic/truestudio for stm32 9.3.0/armtools/bin/../lib/gcc/arm-atollic-eabi/6.3.1/armv7-m\libgcc.a(_arm_muldivdf3.o)
 .data          0x00000000        0x0 c:/program files (x86)/atollic/truestudio for stm32 9.3.0/armtools/bin/../lib/gcc/arm-atollic-eabi/6.3.1/armv7-m\libgcc.a(_arm_muldivdf3.o)
 .bss           0x00000000        0x0 c:/program files (x86)/atollic/truestudio for stm32 9.3.0/armtools/bin/../lib/gcc/arm-atollic-eabi/6.3.1/armv7-m\libgcc.a(_arm_muldivdf3.o)
 .debug_frame   0x00000000       0x50 c:/program files (x86)/atollic/truestudio for stm32 9.3.0/armtools/bin/../lib/gcc/arm-atollic-eabi/6.3.1/armv7-m\libgcc.a(_arm_muldivdf3.o)
 .ARM.attributes
                0x00000000       0x1d c:/program files (x86)/atollic/truestudio for stm32 9.3.0/armtools/bin/../lib/gcc/arm-atollic-eabi/6.3.1/armv7-m\libgcc.a(_arm_muldivdf3.o)
 .text          0x00000000       0xa0 c:/program files (x86)/atollic/truestudio for stm32 9.3.0/armtools/bin/../lib/gcc/arm-atollic-eabi/6.3.1/armv7-m\libgcc.a(_arm_truncdfsf2.o)
 .data          0x00000000        0x0 c:/program files (x86)/atollic/truestudio for stm32 9.3.0/armtools/bin/../lib/gcc/arm-atollic-eabi/6.3.1/armv7-m\libgcc.a(_arm_truncdfsf2.o)
 .bss           0x00000000        0x0 c:/program files (x86)/atollic/truestudio for stm32 9.3.0/armtools/bin/../lib/gcc/arm-atollic-eabi/6.3.1/armv7-m\libgcc.a(_arm_truncdfsf2.o)
 .debug_frame   0x00000000       0x24 c:/program files (x86)/atollic/truestudio for stm32 9.3.0/armtools/bin/../lib/gcc/arm-atollic-eabi/6.3.1/armv7-m\libgcc.a(_arm_truncdfsf2.o)
 .ARM.attributes
                0x00000000       0x1d c:/program files (x86)/atollic/truestudio for stm32 9.3.0/armtools/bin/../lib/gcc/arm-atollic-eabi/6.3.1/armv7-m\libgcc.a(_arm_truncdfsf2.o)
 .text          0x00000000        0x0 c:/program files (x86)/atollic/truestudio for stm32 9.3.0/armtools/bin/../lib/gcc/arm-atollic-eabi/6.3.1/../../../../arm-atollic-eabi/lib/armv7-m\libnosys.a(write.o)
 .data          0x00000000        0x0 c:/program files (x86)/atollic/truestudio for stm32 9.3.0/armtools/bin/../lib/gcc/arm-atollic-eabi/6.3.1/../../../../arm-atollic-eabi/lib/armv7-m\libnosys.a(write.o)
 .bss           0x00000000        0x0 c:/program files (x86)/atollic/truestudio for stm32 9.3.0/armtools/bin/../lib/gcc/arm-atollic-eabi/6.3.1/../../../../arm-atollic-eabi/lib/armv7-m\libnosys.a(write.o)
 .text          0x00000000        0x0 c:/program files (x86)/atollic/truestudio for stm32 9.3.0/armtools/bin/../lib/gcc/arm-atollic-eabi/6.3.1/../../../../arm-atollic-eabi/lib/armv7-m\libnosys.a(errno.o)
 .data          0x00000000        0x0 c:/program files (x86)/atollic/truestudio for stm32 9.3.0/armtools/bin/../lib/gcc/arm-atollic-eabi/6.3.1/../../../../arm-atollic-eabi/lib/armv7-m\libnosys.a(errno.o)
 .bss           0x00000000        0x0 c:/program files (x86)/atollic/truestudio for stm32 9.3.0/armtools/bin/../lib/gcc/arm-atollic-eabi/6.3.1/../../../../arm-atollic-eabi/lib/armv7-m\libnosys.a(errno.o)
 .text          0x00000000        0x0 c:/program files (x86)/atollic/truestudio for stm32 9.3.0/armtools/bin/../lib/gcc/arm-atollic-eabi/6.3.1/armv7-m/crtend.o
 .data          0x00000000        0x0 c:/program files (x86)/atollic/truestudio for stm32 9.3.0/armtools/bin/../lib/gcc/arm-atollic-eabi/6.3.1/armv7-m/crtend.o
 .bss           0x00000000        0x0 c:/program files (x86)/atollic/truestudio for stm32 9.3.0/armtools/bin/../lib/gcc/arm-atollic-eabi/6.3.1/armv7-m/crtend.o
 .eh_frame      0x00000000        0x4 c:/program files (x86)/atollic/truestudio for stm32 9.3.0/armtools/bin/../lib/gcc/arm-atollic-eabi/6.3.1/armv7-m/crtend.o
 .ARM.attributes
                0x00000000       0x2d c:/program files (x86)/atollic/truestudio for stm32 9.3.0/armtools/bin/../lib/gcc/arm-atollic-eabi/6.3.1/armv7-m/crtend.o
 .text          0x00000000        0x0 c:/program files (x86)/atollic/truestudio for stm32 9.3.0/armtools/bin/../lib/gcc/arm-atollic-eabi/6.3.1/armv7-m/crtn.o
 .data          0x00000000        0x0 c:/program files (x86)/atollic/truestudio for stm32 9.3.0/armtools/bin/../lib/gcc/arm-atollic-eabi/6.3.1/armv7-m/crtn.o
 .bss           0x00000000        0x0 c:/program files (x86)/atollic/truestudio for stm32 9.3.0/armtools/bin/../lib/gcc/arm-atollic-eabi/6.3.1/armv7-m/crtn.o

Memory Configuration

Name             Origin             Length             Attributes
FLASH            0x08000000         0x00080000         xr
RAM              0x20000000         0x00014000         xrw
MEMORY_B1        0x60000000         0x00000000         xr
*default*        0x00000000         0xffffffff

Linker script and memory map

LOAD c:/program files (x86)/atollic/truestudio for stm32 9.3.0/armtools/bin/../lib/gcc/arm-atollic-eabi/6.3.1/armv7-m/crti.o
LOAD c:/program files (x86)/atollic/truestudio for stm32 9.3.0/armtools/bin/../lib/gcc/arm-atollic-eabi/6.3.1/armv7-m/crtbegin.o
LOAD src\adc\3_adc0.o
LOAD src\adc\4_calculate_ADC_sensor.o
LOAD src\debug\debug_logs.o
LOAD src\gpio\7.gpio.o
LOAD src\i2c\i2c_functions.o
LOAD src\i2c\i2c_init.o
LOAD src\i2c\i2c_read_data.o
LOAD src\i2c\i2c_write_command.o
LOAD src\interrupt\6.1_UART_interrupt.o
LOAD src\interrupt\6.external_interrupt.o
LOAD src\main.o
LOAD src\sensor\am2302\am2302.o
LOAD src\sensor\ds1621\ds1621.o
LOAD src\sensor\sgp30_driver\sgp30.o
LOAD src\sensor\sgp30_driver\sgp30_function.o
LOAD src\startup_stm32l152xe.o
LOAD src\system_clock\pllclk_32MHz.o
LOAD src\system_stm32l1xx.o
LOAD src\timer\1_systick.o
LOAD src\timer\5.1_timer_output_toggle_compare.o
LOAD src\timer\5.2_timer_input_capture.o
LOAD src\timer\5_timer_autoreload.o
LOAD src\tiny_printf.o
LOAD src\uart\uart2.o
                0x00000080                malloc_getpagesize_P = 0x80
START GROUP
LOAD c:/program files (x86)/atollic/truestudio for stm32 9.3.0/armtools/bin/../lib/gcc/arm-atollic-eabi/6.3.1/../../../../arm-atollic-eabi/lib/armv7-m\libc_nano.a
LOAD c:/program files (x86)/atollic/truestudio for stm32 9.3.0/armtools/bin/../lib/gcc/arm-atollic-eabi/6.3.1/../../../../arm-atollic-eabi/lib/armv7-m\libm.a
END GROUP
START GROUP
LOAD c:/program files (x86)/atollic/truestudio for stm32 9.3.0/armtools/bin/../lib/gcc/arm-atollic-eabi/6.3.1/armv7-m\libgcc.a
LOAD c:/program files (x86)/atollic/truestudio for stm32 9.3.0/armtools/bin/../lib/gcc/arm-atollic-eabi/6.3.1/../../../../arm-atollic-eabi/lib/armv7-m\libc_nano.a
END GROUP
START GROUP
LOAD c:/program files (x86)/atollic/truestudio for stm32 9.3.0/armtools/bin/../lib/gcc/arm-atollic-eabi/6.3.1/armv7-m\libgcc.a
LOAD c:/program files (x86)/atollic/truestudio for stm32 9.3.0/armtools/bin/../lib/gcc/arm-atollic-eabi/6.3.1/../../../../arm-atollic-eabi/lib/armv7-m\libc_nano.a
LOAD c:/program files (x86)/atollic/truestudio for stm32 9.3.0/armtools/bin/../lib/gcc/arm-atollic-eabi/6.3.1/../../../../arm-atollic-eabi/lib/armv7-m\libnosys.a
END GROUP
START GROUP
LOAD c:/program files (x86)/atollic/truestudio for stm32 9.3.0/armtools/bin/../lib/gcc/arm-atollic-eabi/6.3.1/armv7-m\libgcc.a
LOAD c:/program files (x86)/atollic/truestudio for stm32 9.3.0/armtools/bin/../lib/gcc/arm-atollic-eabi/6.3.1/../../../../arm-atollic-eabi/lib/armv7-m\libc_nano.a
LOAD c:/program files (x86)/atollic/truestudio for stm32 9.3.0/armtools/bin/../lib/gcc/arm-atollic-eabi/6.3.1/../../../../arm-atollic-eabi/lib/armv7-m\libnosys.a
END GROUP
LOAD c:/program files (x86)/atollic/truestudio for stm32 9.3.0/armtools/bin/../lib/gcc/arm-atollic-eabi/6.3.1/armv7-m/crtend.o
LOAD c:/program files (x86)/atollic/truestudio for stm32 9.3.0/armtools/bin/../lib/gcc/arm-atollic-eabi/6.3.1/armv7-m/crtn.o
                0x20014000                _estack = 0x20014000
                0x00000000                _Min_Heap_Size = 0x0
                0x00000400                _Min_Stack_Size = 0x400

.isr_vector     0x08000000      0x13c
                0x08000000                . = ALIGN (0x4)
 *(.isr_vector)
 .isr_vector    0x08000000      0x13c src\startup_stm32l152xe.o
                0x08000000                g_pfnVectors
                0x0800013c                . = ALIGN (0x4)

.text           0x0800013c      0xf90
                0x0800013c                . = ALIGN (0x4)
 *(.text)
 .text          0x0800013c       0x40 c:/program files (x86)/atollic/truestudio for stm32 9.3.0/armtools/bin/../lib/gcc/arm-atollic-eabi/6.3.1/armv7-m/crtbegin.o
 .text          0x0800017c       0x10 c:/program files (x86)/atollic/truestudio for stm32 9.3.0/armtools/bin/../lib/gcc/arm-atollic-eabi/6.3.1/../../../../arm-atollic-eabi/lib/armv7-m\libc_nano.a(lib_a-strlen.o)
                0x0800017c                strlen
 *(.text*)
 .text.check_pass
                0x0800018c      0x1e0 src\debug\debug_logs.o
                0x0800018c                check_pass
 .text.I2C_Start
                0x0800036c       0x2c src\i2c\i2c_functions.o
                0x0800036c                I2C_Start
 .text.I2C_Write_Addr
                0x08000398       0x34 src\i2c\i2c_functions.o
                0x08000398                I2C_Write_Addr
 .text.I2C_Write_Data
                0x080003cc       0x30 src\i2c\i2c_functions.o
                0x080003cc                I2C_Write_Data
 .text.I2C_Stop
                0x080003fc       0x2c src\i2c\i2c_functions.o
                0x080003fc                I2C_Stop
 .text.I2C1_Bus_Test
                0x08000428       0x64 src\i2c\i2c_functions.o
                0x08000428                I2C1_Bus_Test
 .text.I2C_EN_ACK
                0x0800048c       0x20 src\i2c\i2c_functions.o
                0x0800048c                I2C_EN_ACK
 .text.I2C_DI_ACK
                0x080004ac       0x20 src\i2c\i2c_functions.o
                0x080004ac                I2C_DI_ACK
 .text.I2C1_GPIO_Init
                0x080004cc       0x60 src\i2c\i2c_init.o
                0x080004cc                I2C1_GPIO_Init
 .text.I2C1_Init
                0x0800052c       0x60 src\i2c\i2c_init.o
                0x0800052c                I2C1_Init
 .text.main     0x0800058c       0xc8 src\main.o
                0x0800058c                main
 .text.Initial  0x08000654       0x1e src\main.o
                0x08000654                Initial
 *fill*         0x08000672        0x2 
 .text.SGP30_Init
                0x08000674       0x38 src\sensor\sgp30_driver\sgp30.o
                0x08000674                SGP30_Init
 .text.SGP30_Measure
                0x080006ac       0xcc src\sensor\sgp30_driver\sgp30.o
                0x080006ac                SGP30_Measure
 .text.SGP30_Write_Cmd
                0x08000778       0x7c src\sensor\sgp30_driver\sgp30_function.o
                0x08000778                SGP30_Write_Cmd
 .text.SGP30_Read_Data
                0x080007f4       0xd8 src\sensor\sgp30_driver\sgp30_function.o
                0x080007f4                SGP30_Read_Data
 .text.sgp30_crc
                0x080008cc       0x6e src\sensor\sgp30_driver\sgp30_function.o
                0x080008cc                sgp30_crc
 *fill*         0x0800093a        0x2 
 .text.Reset_Handler
                0x0800093c       0x48 src\startup_stm32l152xe.o
                0x0800093c                Reset_Handler
 .text.Default_Handler
                0x08000984        0x2 src\startup_stm32l152xe.o
                0x08000984                RTC_Alarm_IRQHandler
                0x08000984                EXTI2_IRQHandler
                0x08000984                COMP_ACQ_IRQHandler
                0x08000984                DebugMon_Handler
                0x08000984                HardFault_Handler
                0x08000984                TIM10_IRQHandler
                0x08000984                USB_HP_IRQHandler
                0x08000984                TIM6_IRQHandler
                0x08000984                SysTick_Handler
                0x08000984                PVD_IRQHandler
                0x08000984                PendSV_Handler
                0x08000984                NMI_Handler
                0x08000984                EXTI3_IRQHandler
                0x08000984                EXTI0_IRQHandler
                0x08000984                I2C2_EV_IRQHandler
                0x08000984                UsageFault_Handler
                0x08000984                SPI1_IRQHandler
                0x08000984                USB_FS_WKUP_IRQHandler
                0x08000984                DMA2_Channel2_IRQHandler
                0x08000984                DMA1_Channel4_IRQHandler
                0x08000984                ADC1_IRQHandler
                0x08000984                USART3_IRQHandler
                0x08000984                DMA1_Channel7_IRQHandler
                0x08000984                LCD_IRQHandler
                0x08000984                UART5_IRQHandler
                0x08000984                TIM4_IRQHandler
                0x08000984                DMA2_Channel1_IRQHandler
                0x08000984                I2C1_EV_IRQHandler
                0x08000984                DMA1_Channel6_IRQHandler
                0x08000984                UART4_IRQHandler
                0x08000984                DMA2_Channel4_IRQHandler
                0x08000984                TIM3_IRQHandler
                0x08000984                RCC_IRQHandler
                0x08000984                DMA1_Channel1_IRQHandler
                0x08000984                Default_Handler
                0x08000984                EXTI15_10_IRQHandler
                0x08000984                TIM7_IRQHandler
                0x08000984                TIM5_IRQHandler
                0x08000984                EXTI9_5_IRQHandler
                0x08000984                TIM9_IRQHandler
                0x08000984                TAMPER_STAMP_IRQHandler
                0x08000984                RTC_WKUP_IRQHandler
                0x08000984                SPI2_IRQHandler
                0x08000984                MemManage_Handler
                0x08000984                SVC_Handler
                0x08000984                DMA2_Channel5_IRQHandler
                0x08000984                DMA1_Channel5_IRQHandler
                0x08000984                USB_LP_IRQHandler
                0x08000984                EXTI4_IRQHandler
                0x08000984                DMA1_Channel3_IRQHandler
                0x08000984                COMP_IRQHandler
                0x08000984                WWDG_IRQHandler
                0x08000984                TIM2_IRQHandler
                0x08000984                DAC_IRQHandler
                0x08000984                EXTI1_IRQHandler
                0x08000984                TIM11_IRQHandler
                0x08000984                USART2_IRQHandler
                0x08000984                I2C2_ER_IRQHandler
                0x08000984                DMA1_Channel2_IRQHandler
                0x08000984                FLASH_IRQHandler
                0x08000984                BusFault_Handler
                0x08000984                USART1_IRQHandler
                0x08000984                SPI3_IRQHandler
                0x08000984                I2C1_ER_IRQHandler
                0x08000984                DMA2_Channel3_IRQHandler
 *fill*         0x08000986        0x2 
 .text.SetSysClk
                0x08000988      0x10c src\system_clock\pllclk_32MHz.o
                0x08000988                SetSysClk
 .text.SystemInit
                0x08000a94       0x68 src\system_stm32l1xx.o
                0x08000a94                SystemInit
 .text.SystemCoreClockUpdate
                0x08000afc      0x150 src\system_stm32l1xx.o
                0x08000afc                SystemCoreClockUpdate
 .text.systickDelayMs
                0x08000c4c       0x54 src\timer\1_systick.o
                0x08000c4c                systickDelayMs
 .text.ts_itoa  0x08000ca0       0x90 src\tiny_printf.o
                0x08000ca0                ts_itoa
 .text.ts_formatstring
                0x08000d30      0x12e src\tiny_printf.o
                0x08000d30                ts_formatstring
 .text.siprintf
                0x08000e5e       0x2c src\tiny_printf.o
                0x08000e5e                siprintf
                0x08000e5e                sprintf
 *fill*         0x08000e8a        0x2 
 .text.puts     0x08000e8c       0x58 src\tiny_printf.o
                0x08000e8c                puts
 .text.compute_uart_bd
                0x08000ee4       0x24 src\uart\uart2.o
                0x08000ee4                compute_uart_bd
 .text.uart_set_baudrate
                0x08000f08       0x24 src\uart\uart2.o
                0x08000f08                uart_set_baudrate
 .text.uart2_init
                0x08000f2c       0x80 src\uart\uart2.o
                0x08000f2c                uart2_init
 .text.uart2_write
                0x08000fac       0x2c src\uart\uart2.o
                0x08000fac                uart2_write
 .text.uart2_write_string
                0x08000fd8       0x3a src\uart\uart2.o
                0x08000fd8                uart2_write_string
 *fill*         0x08001012        0x2 
 .text.__libc_init_array
                0x08001014       0x48 c:/program files (x86)/atollic/truestudio for stm32 9.3.0/armtools/bin/../lib/gcc/arm-atollic-eabi/6.3.1/../../../../arm-atollic-eabi/lib/armv7-m\libc_nano.a(lib_a-init.o)
                0x08001014                __libc_init_array
 .text.memset   0x0800105c       0x10 c:/program files (x86)/atollic/truestudio for stm32 9.3.0/armtools/bin/../lib/gcc/arm-atollic-eabi/6.3.1/../../../../arm-atollic-eabi/lib/armv7-m\libc_nano.a(lib_a-memset.o)
                0x0800105c                memset
 .text.strcpy   0x0800106c       0x10 c:/program files (x86)/atollic/truestudio for stm32 9.3.0/armtools/bin/../lib/gcc/arm-atollic-eabi/6.3.1/../../../../arm-atollic-eabi/lib/armv7-m\libc_nano.a(lib_a-strcpy.o)
                0x0800106c                strcpy
 .text.strncat  0x0800107c       0x28 c:/program files (x86)/atollic/truestudio for stm32 9.3.0/armtools/bin/../lib/gcc/arm-atollic-eabi/6.3.1/../../../../arm-atollic-eabi/lib/armv7-m\libc_nano.a(lib_a-strncat.o)
                0x0800107c                strncat
 .text._write   0x080010a4       0x10 c:/program files (x86)/atollic/truestudio for stm32 9.3.0/armtools/bin/../lib/gcc/arm-atollic-eabi/6.3.1/../../../../arm-atollic-eabi/lib/armv7-m\libnosys.a(write.o)
                0x080010a4                _write
 *(.glue_7)
 .glue_7        0x080010b4        0x0 linker stubs
 *(.glue_7t)
 .glue_7t       0x080010b4        0x0 linker stubs
 *(.eh_frame)
 .eh_frame      0x080010b4        0x0 c:/program files (x86)/atollic/truestudio for stm32 9.3.0/armtools/bin/../lib/gcc/arm-atollic-eabi/6.3.1/armv7-m/crtbegin.o
 *(.init)
 .init          0x080010b4        0x4 c:/program files (x86)/atollic/truestudio for stm32 9.3.0/armtools/bin/../lib/gcc/arm-atollic-eabi/6.3.1/armv7-m/crti.o
                0x080010b4                _init
 .init          0x080010b8        0x8 c:/program files (x86)/atollic/truestudio for stm32 9.3.0/armtools/bin/../lib/gcc/arm-atollic-eabi/6.3.1/armv7-m/crtn.o
 *(.fini)
 .fini          0x080010c0        0x4 c:/program files (x86)/atollic/truestudio for stm32 9.3.0/armtools/bin/../lib/gcc/arm-atollic-eabi/6.3.1/armv7-m/crti.o
                0x080010c0                _fini
 .fini          0x080010c4        0x8 c:/program files (x86)/atollic/truestudio for stm32 9.3.0/armtools/bin/../lib/gcc/arm-atollic-eabi/6.3.1/armv7-m/crtn.o
                0x080010cc                . = ALIGN (0x4)
                0x080010cc                _etext = .

.vfp11_veneer   0x080010cc        0x0
 .vfp11_veneer  0x080010cc        0x0 linker stubs

.v4_bx          0x080010cc        0x0
 .v4_bx         0x080010cc        0x0 linker stubs

.iplt           0x080010cc        0x0
 .iplt          0x080010cc        0x0 c:/program files (x86)/atollic/truestudio for stm32 9.3.0/armtools/bin/../lib/gcc/arm-atollic-eabi/6.3.1/armv7-m/crtbegin.o

.rodata         0x080010cc      0x220
                0x080010cc                . = ALIGN (0x4)
 *(.rodata)
 .rodata        0x080010cc       0x93 src\debug\debug_logs.o
 *fill*         0x0800115f        0x1 
 .rodata        0x08001160       0x5e src\main.o
 *fill*         0x080011be        0x2 
 .rodata        0x080011c0       0x78 src\sensor\sgp30_driver\sgp30.o
 .rodata        0x08001238       0x91 src\sensor\sgp30_driver\sgp30_function.o
 *fill*         0x080012c9        0x3 
 .rodata        0x080012cc        0x2 src\tiny_printf.o
 *(.rodata*)
 *fill*         0x080012ce        0x2 
 .rodata.PLLMulTable
                0x080012d0        0x9 src\system_stm32l1xx.o
                0x080012d0                PLLMulTable
 *fill*         0x080012d9        0x3 
 .rodata.AHBPrescTable
                0x080012dc       0x10 src\system_stm32l1xx.o
                0x080012dc                AHBPrescTable
                0x080012ec                . = ALIGN (0x4)

.rel.dyn        0x080012ec        0x0
 .rel.iplt      0x080012ec        0x0 c:/program files (x86)/atollic/truestudio for stm32 9.3.0/armtools/bin/../lib/gcc/arm-atollic-eabi/6.3.1/armv7-m/crtbegin.o

.ARM.extab
 *(.ARM.extab* .gnu.linkonce.armextab.*)

.ARM            0x080012ec        0x0
                0x080012ec                __exidx_start = .
 *(.ARM.exidx*)
                0x080012ec                __exidx_end = .

.preinit_array  0x080012ec        0x0
                0x080012ec                PROVIDE (__preinit_array_start, .)
 *(.preinit_array*)
                0x080012ec                PROVIDE (__preinit_array_end, .)

.init_array     0x080012ec        0x4
                0x080012ec                PROVIDE (__init_array_start, .)
 *(SORT(.init_array.*))
 *(.init_array*)
 .init_array    0x080012ec        0x4 c:/program files (x86)/atollic/truestudio for stm32 9.3.0/armtools/bin/../lib/gcc/arm-atollic-eabi/6.3.1/armv7-m/crtbegin.o
                0x080012f0                PROVIDE (__init_array_end, .)

.fini_array     0x080012f0        0x4
                [!provide]                PROVIDE (__fini_array_start, .)
 *(SORT(.fini_array.*))
 *(.fini_array*)
 .fini_array    0x080012f0        0x4 c:/program files (x86)/atollic/truestudio for stm32 9.3.0/armtools/bin/../lib/gcc/arm-atollic-eabi/6.3.1/armv7-m/crtbegin.o
                [!provide]                PROVIDE (__fini_array_end, .)
                0x080012f4                _sidata = LOADADDR (.data)

.data           0x20000000        0x4 load address 0x080012f4
                0x20000000                . = ALIGN (0x4)
                0x20000000                _sdata = .
 *(.data)
 *(.data*)
 .data.SystemCoreClock
                0x20000000        0x4 src\system_stm32l1xx.o
                0x20000000                SystemCoreClock
                0x20000004                . = ALIGN (0x4)
                0x20000004                _edata = .

.igot.plt       0x20000004        0x0 load address 0x080012f8
 .igot.plt      0x20000004        0x0 c:/program files (x86)/atollic/truestudio for stm32 9.3.0/armtools/bin/../lib/gcc/arm-atollic-eabi/6.3.1/armv7-m/crtbegin.o
                0x20000004                . = ALIGN (0x4)

.bss            0x20000004       0x28 load address 0x080012f8
                0x20000004                _sbss = .
                0x20000004                __bss_start__ = _sbss
 *(.bss)
 .bss           0x20000004       0x1c c:/program files (x86)/atollic/truestudio for stm32 9.3.0/armtools/bin/../lib/gcc/arm-atollic-eabi/6.3.1/armv7-m/crtbegin.o
 *(.bss*)
 *(COMMON)
 COMMON         0x20000020        0x6 src\main.o
                0x20000020                air_quality
 *fill*         0x20000026        0x2 
 COMMON         0x20000028        0x4 c:/program files (x86)/atollic/truestudio for stm32 9.3.0/armtools/bin/../lib/gcc/arm-atollic-eabi/6.3.1/../../../../arm-atollic-eabi/lib/armv7-m\libnosys.a(errno.o)
                0x20000028                errno
                0x2000002c                . = ALIGN (0x4)
                0x2000002c                _ebss = .
                0x2000002c                __bss_end__ = _ebss

._user_heap_stack
                0x2000002c      0x400 load address 0x080012f8
                0x2000002c                . = ALIGN (0x4)
                [!provide]                PROVIDE (end, .)
                [!provide]                PROVIDE (_end, .)
                0x2000002c                . = (. + _Min_Heap_Size)
                0x2000042c                . = (. + _Min_Stack_Size)
 *fill*         0x2000002c      0x400 
                0x2000042c                . = ALIGN (0x4)

.memory_b1_text
 *(.mb1text)
 *(.mb1text*)
 *(.mb1rodata)
 *(.mb1rodata*)

/DISCARD/
 libc.a(*)
 libm.a(*)
 libgcc.a(*)

.ARM.attributes
                0x00000000       0x29
 *(.ARM.attributes)
 .ARM.attributes
                0x00000000       0x1d c:/program files (x86)/atollic/truestudio for stm32 9.3.0/armtools/bin/../lib/gcc/arm-atollic-eabi/6.3.1/armv7-m/crti.o
 .ARM.attributes
                0x0000001d       0x2d c:/program files (x86)/atollic/truestudio for stm32 9.3.0/armtools/bin/../lib/gcc/arm-atollic-eabi/6.3.1/armv7-m/crtbegin.o
 .ARM.attributes
                0x0000004a       0x33 src\debug\debug_logs.o
 .ARM.attributes
                0x0000007d       0x33 src\i2c\i2c_functions.o
 .ARM.attributes
                0x000000b0       0x33 src\i2c\i2c_init.o
 .ARM.attributes
                0x000000e3       0x33 src\main.o
 .ARM.attributes
                0x00000116       0x33 src\sensor\sgp30_driver\sgp30.o
 .ARM.attributes
                0x00000149       0x33 src\sensor\sgp30_driver\sgp30_function.o
 .ARM.attributes
                0x0000017c       0x21 src\startup_stm32l152xe.o
 .ARM.attributes
                0x0000019d       0x33 src\system_clock\pllclk_32MHz.o
 .ARM.attributes
                0x000001d0       0x33 src\system_stm32l1xx.o
 .ARM.attributes
                0x00000203       0x33 src\timer\1_systick.o
 .ARM.attributes
                0x00000236       0x33 src\tiny_printf.o
 .ARM.attributes
                0x00000269       0x33 src\uart\uart2.o
 .ARM.attributes
                0x0000029c       0x2d c:/program files (x86)/atollic/truestudio for stm32 9.3.0/armtools/bin/../lib/gcc/arm-atollic-eabi/6.3.1/../../../../arm-atollic-eabi/lib/armv7-m\libc_nano.a(lib_a-init.o)
 .ARM.attributes
                0x000002c9       0x2d c:/program files (x86)/atollic/truestudio for stm32 9.3.0/armtools/bin/../lib/gcc/arm-atollic-eabi/6.3.1/../../../../arm-atollic-eabi/lib/armv7-m\libc_nano.a(lib_a-memset.o)
 .ARM.attributes
                0x000002f6       0x2d c:/program files (x86)/atollic/truestudio for stm32 9.3.0/armtools/bin/../lib/gcc/arm-atollic-eabi/6.3.1/../../../../arm-atollic-eabi/lib/armv7-m\libc_nano.a(lib_a-strcpy.o)
 .ARM.attributes
                0x00000323       0x17 c:/program files (x86)/atollic/truestudio for stm32 9.3.0/armtools/bin/../lib/gcc/arm-atollic-eabi/6.3.1/../../../../arm-atollic-eabi/lib/armv7-m\libc_nano.a(lib_a-strlen.o)
 .ARM.attributes
                0x0000033a       0x2d c:/program files (x86)/atollic/truestudio for stm32 9.3.0/armtools/bin/../lib/gcc/arm-atollic-eabi/6.3.1/../../../../arm-atollic-eabi/lib/armv7-m\libc_nano.a(lib_a-strncat.o)
 .ARM.attributes
                0x00000367       0x2d c:/program files (x86)/atollic/truestudio for stm32 9.3.0/armtools/bin/../lib/gcc/arm-atollic-eabi/6.3.1/../../../../arm-atollic-eabi/lib/armv7-m\libnosys.a(write.o)
 .ARM.attributes
                0x00000394       0x2d c:/program files (x86)/atollic/truestudio for stm32 9.3.0/armtools/bin/../lib/gcc/arm-atollic-eabi/6.3.1/../../../../arm-atollic-eabi/lib/armv7-m\libnosys.a(errno.o)
 .ARM.attributes
                0x000003c1       0x1d c:/program files (x86)/atollic/truestudio for stm32 9.3.0/armtools/bin/../lib/gcc/arm-atollic-eabi/6.3.1/armv7-m/crtn.o
OUTPUT(IoTPorject.elf elf32-littlearm)

.debug_info     0x00000000     0x75c2
 .debug_info    0x00000000      0xa38 src\debug\debug_logs.o
 .debug_info    0x00000a38      0xb9f src\i2c\i2c_functions.o
 .debug_info    0x000015d7      0xc0d src\i2c\i2c_init.o
 .debug_info    0x000021e4      0xa84 src\main.o
 .debug_info    0x00002c68      0xa61 src\sensor\sgp30_driver\sgp30.o
 .debug_info    0x000036c9      0xb51 src\sensor\sgp30_driver\sgp30_function.o
 .debug_info    0x0000421a       0x89 src\startup_stm32l152xe.o
 .debug_info    0x000042a3      0xb80 src\system_clock\pllclk_32MHz.o
 .debug_info    0x00004e23      0x44b src\system_stm32l1xx.o
 .debug_info    0x0000526e      0xa57 src\timer\1_systick.o
 .debug_info    0x00005cc5      0xc78 src\tiny_printf.o
 .debug_info    0x0000693d      0xc85 src\uart\uart2.o

.debug_abbrev   0x00000000     0x151c
 .debug_abbrev  0x00000000      0x1e0 src\debug\debug_logs.o
 .debug_abbrev  0x000001e0      0x223 src\i2c\i2c_functions.o
 .debug_abbrev  0x00000403      0x1b7 src\i2c\i2c_init.o
 .debug_abbrev  0x000005ba      0x1ed src\main.o
 .debug_abbrev  0x000007a7      0x1f3 src\sensor\sgp30_driver\sgp30.o
 .debug_abbrev  0x0000099a      0x227 src\sensor\sgp30_driver\sgp30_function.o
 .debug_abbrev  0x00000bc1       0x12 src\startup_stm32l152xe.o
 .debug_abbrev  0x00000bd3      0x1b7 src\system_clock\pllclk_32MHz.o
 .debug_abbrev  0x00000d8a      0x10e src\system_stm32l1xx.o
 .debug_abbrev  0x00000e98      0x1e9 src\timer\1_systick.o
 .debug_abbrev  0x00001081      0x262 src\tiny_printf.o
 .debug_abbrev  0x000012e3      0x239 src\uart\uart2.o

.debug_aranges  0x00000000      0x278
 .debug_aranges
                0x00000000       0x20 src\debug\debug_logs.o
 .debug_aranges
                0x00000020       0x70 src\i2c\i2c_functions.o
 .debug_aranges
                0x00000090       0x28 src\i2c\i2c_init.o
 .debug_aranges
                0x000000b8       0x28 src\main.o
 .debug_aranges
                0x000000e0       0x28 src\sensor\sgp30_driver\sgp30.o
 .debug_aranges
                0x00000108       0x30 src\sensor\sgp30_driver\sgp30_function.o
 .debug_aranges
                0x00000138       0x28 src\startup_stm32l152xe.o
 .debug_aranges
                0x00000160       0x20 src\system_clock\pllclk_32MHz.o
 .debug_aranges
                0x00000180       0x28 src\system_stm32l1xx.o
 .debug_aranges
                0x000001a8       0x28 src\timer\1_systick.o
 .debug_aranges
                0x000001d0       0x60 src\tiny_printf.o
 .debug_aranges
                0x00000230       0x48 src\uart\uart2.o

.debug_ranges   0x00000000      0x1c0
 .debug_ranges  0x00000000       0x10 src\debug\debug_logs.o
 .debug_ranges  0x00000010       0x60 src\i2c\i2c_functions.o
 .debug_ranges  0x00000070       0x18 src\i2c\i2c_init.o
 .debug_ranges  0x00000088       0x18 src\main.o
 .debug_ranges  0x000000a0       0x18 src\sensor\sgp30_driver\sgp30.o
 .debug_ranges  0x000000b8       0x20 src\sensor\sgp30_driver\sgp30_function.o
 .debug_ranges  0x000000d8       0x20 src\startup_stm32l152xe.o
 .debug_ranges  0x000000f8       0x10 src\system_clock\pllclk_32MHz.o
 .debug_ranges  0x00000108       0x18 src\system_stm32l1xx.o
 .debug_ranges  0x00000120       0x18 src\timer\1_systick.o
 .debug_ranges  0x00000138       0x50 src\tiny_printf.o
 .debug_ranges  0x00000188       0x38 src\uart\uart2.o

.debug_line     0x00000000     0x2067
 .debug_line    0x00000000      0x2c8 src\debug\debug_logs.o
 .debug_line    0x000002c8      0x3c1 src\i2c\i2c_functions.o
 .debug_line    0x00000689      0x2e1 src\i2c\i2c_init.o
 .debug_line    0x0000096a      0x2d5 src\main.o
 .debug_line    0x00000c3f      0x2df src\sensor\sgp30_driver\sgp30.o
 .debug_line    0x00000f1e      0x364 src\sensor\sgp30_driver\sgp30_function.o
 .debug_line    0x00001282       0x79 src\startup_stm32l152xe.o
 .debug_line    0x000012fb      0x2e5 src\system_clock\pllclk_32MHz.o
 .debug_line    0x000015e0      0x1df src\system_stm32l1xx.o
 .debug_line    0x000017bf      0x2d5 src\timer\1_systick.o
 .debug_line    0x00001a94      0x2bf src\tiny_printf.o
 .debug_line    0x00001d53      0x314 src\uart\uart2.o

.debug_str      0x00000000      0xc14
 .debug_str     0x00000000      0x6b0 src\debug\debug_logs.o
                                0x74e (size before relaxing)
 .debug_str     0x000006b0       0xd9 src\i2c\i2c_functions.o
                                0x7f2 (size before relaxing)
 .debug_str     0x00000789       0xc6 src\i2c\i2c_init.o
                                0x7f6 (size before relaxing)
 .debug_str     0x0000084f       0x57 src\main.o
                                0x774 (size before relaxing)
 .debug_str     0x000008a6       0x41 src\sensor\sgp30_driver\sgp30.o
                                0x76e (size before relaxing)
 .debug_str     0x000008e7       0x56 src\sensor\sgp30_driver\sgp30_function.o
                                0x7a5 (size before relaxing)
 .debug_str     0x0000093d       0x8b src\system_clock\pllclk_32MHz.o
                                0x782 (size before relaxing)
 .debug_str     0x000009c8       0xba src\system_stm32l1xx.o
                                0x315 (size before relaxing)
 .debug_str     0x00000a82       0x5a src\timer\1_systick.o
                                0x6e5 (size before relaxing)
 .debug_str     0x00000adc       0xa0 src\tiny_printf.o
                                0x677 (size before relaxing)
 .debug_str     0x00000b7c       0x98 src\uart\uart2.o
                                0x7ce (size before relaxing)

.comment        0x00000000       0x7c
 .comment       0x00000000       0x7c src\debug\debug_logs.o
                                 0x7d (size before relaxing)
 .comment       0x0000007c       0x7d src\i2c\i2c_functions.o
 .comment       0x0000007c       0x7d src\i2c\i2c_init.o
 .comment       0x0000007c       0x7d src\main.o
 .comment       0x0000007c       0x7d src\sensor\sgp30_driver\sgp30.o
 .comment       0x0000007c       0x7d src\sensor\sgp30_driver\sgp30_function.o
 .comment       0x0000007c       0x7d src\system_clock\pllclk_32MHz.o
 .comment       0x0000007c       0x7d src\system_stm32l1xx.o
 .comment       0x0000007c       0x7d src\timer\1_systick.o
 .comment       0x0000007c       0x7d src\tiny_printf.o
 .comment       0x0000007c       0x7d src\uart\uart2.o

.debug_frame    0x00000000      0x768
 .debug_frame   0x00000000       0x34 src\debug\debug_logs.o
 .debug_frame   0x00000034      0x184 src\i2c\i2c_functions.o
 .debug_frame   0x000001b8       0x50 src\i2c\i2c_init.o
 .debug_frame   0x00000208       0x4c src\main.o
 .debug_frame   0x00000254       0x50 src\sensor\sgp30_driver\sgp30.o
 .debug_frame   0x000002a4       0x80 src\sensor\sgp30_driver\sgp30_function.o
 .debug_frame   0x00000324       0x34 src\system_clock\pllclk_32MHz.o
 .debug_frame   0x00000358       0x58 src\system_stm32l1xx.o
 .debug_frame   0x000003b0       0x60 src\timer\1_systick.o
 .debug_frame   0x00000410      0x1bc src\tiny_printf.o
 .debug_frame   0x000005cc       0xe4 src\uart\uart2.o
 .debug_frame   0x000006b0       0x2c c:/program files (x86)/atollic/truestudio for stm32 9.3.0/armtools/bin/../lib/gcc/arm-atollic-eabi/6.3.1/../../../../arm-atollic-eabi/lib/armv7-m\libc_nano.a(lib_a-init.o)
 .debug_frame   0x000006dc       0x20 c:/program files (x86)/atollic/truestudio for stm32 9.3.0/armtools/bin/../lib/gcc/arm-atollic-eabi/6.3.1/../../../../arm-atollic-eabi/lib/armv7-m\libc_nano.a(lib_a-memset.o)
 .debug_frame   0x000006fc       0x20 c:/program files (x86)/atollic/truestudio for stm32 9.3.0/armtools/bin/../lib/gcc/arm-atollic-eabi/6.3.1/../../../../arm-atollic-eabi/lib/armv7-m\libc_nano.a(lib_a-strcpy.o)
 .debug_frame   0x0000071c       0x2c c:/program files (x86)/atollic/truestudio for stm32 9.3.0/armtools/bin/../lib/gcc/arm-atollic-eabi/6.3.1/../../../../arm-atollic-eabi/lib/armv7-m\libc_nano.a(lib_a-strncat.o)
 .debug_frame   0x00000748       0x20 c:/program files (x86)/atollic/truestudio for stm32 9.3.0/armtools/bin/../lib/gcc/arm-atollic-eabi/6.3.1/../../../../arm-atollic-eabi/lib/armv7-m\libnosys.a(write.o)

.stab           0x00000000       0x24
 .stab          0x00000000       0x24 c:/program files (x86)/atollic/truestudio for stm32 9.3.0/armtools/bin/../lib/gcc/arm-atollic-eabi/6.3.1/../../../../arm-atollic-eabi/lib/armv7-m\libnosys.a(write.o)

.stabstr        0x00000000       0x3f
 .stabstr       0x00000000       0x3f c:/program files (x86)/atollic/truestudio for stm32 9.3.0/armtools/bin/../lib/gcc/arm-atollic-eabi/6.3.1/../../../../arm-atollic-eabi/lib/armv7-m\libnosys.a(write.o)

Cross Reference Table

Symbol                                            File
ADC1_IRQHandler                                   src\startup_stm32l152xe.o
AHBPrescTable                                     src\system_stm32l1xx.o
APBPrescTable                                     src\system_stm32l1xx.o
BusFault_Handler                                  src\startup_stm32l152xe.o
COMP_ACQ_IRQHandler                               src\startup_stm32l152xe.o
COMP_IRQHandler                                   src\startup_stm32l152xe.o
DAC_IRQHandler                                    src\startup_stm32l152xe.o
DMA1_Channel1_IRQHandler                          src\startup_stm32l152xe.o
DMA1_Channel2_IRQHandler                          src\startup_stm32l152xe.o
DMA1_Channel3_IRQHandler                          src\startup_stm32l152xe.o
DMA1_Channel4_IRQHandler                          src\startup_stm32l152xe.o
DMA1_Channel5_IRQHandler                          src\startup_stm32l152xe.o
DMA1_Channel6_IRQHandler                          src\startup_stm32l152xe.o
DMA1_Channel7_IRQHandler                          src\startup_stm32l152xe.o
DMA2_Channel1_IRQHandler                          src\startup_stm32l152xe.o
DMA2_Channel2_IRQHandler                          src\startup_stm32l152xe.o
DMA2_Channel3_IRQHandler                          src\startup_stm32l152xe.o
DMA2_Channel4_IRQHandler                          src\startup_stm32l152xe.o
DMA2_Channel5_IRQHandler                          src\startup_stm32l152xe.o
DebugMon_Handler                                  src\startup_stm32l152xe.o
Default_Handler                                   src\startup_stm32l152xe.o
EXTI0_IRQHandler                                  src\startup_stm32l152xe.o
EXTI15_10_IRQHandler                              src\startup_stm32l152xe.o
EXTI1_IRQHandler                                  src\startup_stm32l152xe.o
EXTI2_IRQHandler                                  src\startup_stm32l152xe.o
EXTI3_IRQHandler                                  src\startup_stm32l152xe.o
EXTI4_IRQHandler                                  src\startup_stm32l152xe.o
EXTI9_5_IRQHandler                                src\startup_stm32l152xe.o
FLASH_IRQHandler                                  src\startup_stm32l152xe.o
HardFault_Handler                                 src\startup_stm32l152xe.o
I2C1_Bus_Test                                     src\i2c\i2c_functions.o
                                                  src\sensor\sgp30_driver\sgp30.o
I2C1_ER_IRQHandler                                src\startup_stm32l152xe.o
I2C1_EV_IRQHandler                                src\startup_stm32l152xe.o
I2C1_GPIO_Init                                    src\i2c\i2c_init.o
                                                  src\main.o
I2C1_Init                                         src\i2c\i2c_init.o
                                                  src\main.o
I2C2_ER_IRQHandler                                src\startup_stm32l152xe.o
I2C2_EV_IRQHandler                                src\startup_stm32l152xe.o
I2C_Check_ACK_Failure                             src\i2c\i2c_functions.o
I2C_Check_Overrun                                 src\i2c\i2c_functions.o
I2C_DI_ACK                                        src\i2c\i2c_functions.o
                                                  src\sensor\sgp30_driver\sgp30_function.o
I2C_EN_ACK                                        src\i2c\i2c_functions.o
                                                  src\sensor\sgp30_driver\sgp30_function.o
I2C_POS_Read                                      src\i2c\i2c_functions.o
I2C_Read_Data                                     src\i2c\i2c_functions.o
I2C_Start                                         src\i2c\i2c_functions.o
                                                  src\sensor\sgp30_driver\sgp30_function.o
I2C_Stop                                          src\i2c\i2c_functions.o
                                                  src\sensor\sgp30_driver\sgp30_function.o
I2C_Write_Addr                                    src\i2c\i2c_functions.o
                                                  src\sensor\sgp30_driver\sgp30_function.o
I2C_Write_Data                                    src\i2c\i2c_functions.o
                                                  src\sensor\sgp30_driver\sgp30_function.o
Initial                                           src\main.o
LCD_IRQHandler                                    src\startup_stm32l152xe.o
MemManage_Handler                                 src\startup_stm32l152xe.o
NMI_Handler                                       src\startup_stm32l152xe.o
PLLMulTable                                       src\system_stm32l1xx.o
PVD_IRQHandler                                    src\startup_stm32l152xe.o
PendSV_Handler                                    src\startup_stm32l152xe.o
RCC_IRQHandler                                    src\startup_stm32l152xe.o
RTC_Alarm_IRQHandler                              src\startup_stm32l152xe.o
RTC_WKUP_IRQHandler                               src\startup_stm32l152xe.o
Reset_Handler                                     src\startup_stm32l152xe.o
SGP30_Init                                        src\sensor\sgp30_driver\sgp30.o
                                                  src\main.o
SGP30_Measure                                     src\sensor\sgp30_driver\sgp30.o
                                                  src\main.o
SGP30_Read_Data                                   src\sensor\sgp30_driver\sgp30_function.o
                                                  src\sensor\sgp30_driver\sgp30.o
SGP30_Write_Cmd                                   src\sensor\sgp30_driver\sgp30_function.o
                                                  src\sensor\sgp30_driver\sgp30.o
SPI1_IRQHandler                                   src\startup_stm32l152xe.o
SPI2_IRQHandler                                   src\startup_stm32l152xe.o
SPI3_IRQHandler                                   src\startup_stm32l152xe.o
SVC_Handler                                       src\startup_stm32l152xe.o
SetSysClk                                         src\system_clock\pllclk_32MHz.o
                                                  src\main.o
SysTick_Handler                                   src\startup_stm32l152xe.o
SystemCoreClock                                   src\system_stm32l1xx.o
SystemCoreClockUpdate                             src\system_stm32l1xx.o
                                                  src\system_clock\pllclk_32MHz.o
                                                  src\main.o
SystemInit                                        src\system_stm32l1xx.o
                                                  src\startup_stm32l152xe.o
TAMPER_STAMP_IRQHandler                           src\startup_stm32l152xe.o
TIM10_IRQHandler                                  src\startup_stm32l152xe.o
TIM11_IRQHandler                                  src\startup_stm32l152xe.o
TIM2_IRQHandler                                   src\startup_stm32l152xe.o
TIM3_IRQHandler                                   src\startup_stm32l152xe.o
TIM4_IRQHandler                                   src\startup_stm32l152xe.o
TIM5_IRQHandler                                   src\startup_stm32l152xe.o
TIM6_IRQHandler                                   src\startup_stm32l152xe.o
TIM7_IRQHandler                                   src\startup_stm32l152xe.o
TIM9_IRQHandler                                   src\startup_stm32l152xe.o
UART4_IRQHandler                                  src\startup_stm32l152xe.o
UART5_IRQHandler                                  src\startup_stm32l152xe.o
USART1_IRQHandler                                 src\startup_stm32l152xe.o
USART2_IRQHandler                                 src\startup_stm32l152xe.o
USART3_IRQHandler                                 src\startup_stm32l152xe.o
USB_FS_WKUP_IRQHandler                            src\startup_stm32l152xe.o
USB_HP_IRQHandler                                 src\startup_stm32l152xe.o
USB_LP_IRQHandler                                 src\startup_stm32l152xe.o
UsageFault_Handler                                src\startup_stm32l152xe.o
WWDG_IRQHandler                                   src\startup_stm32l152xe.o
__adddf3                                          c:/program files (x86)/atollic/truestudio for stm32 9.3.0/armtools/bin/../lib/gcc/arm-atollic-eabi/6.3.1/armv7-m\libgcc.a(_arm_addsubdf3.o)
__aeabi_d2f                                       c:/program files (x86)/atollic/truestudio for stm32 9.3.0/armtools/bin/../lib/gcc/arm-atollic-eabi/6.3.1/armv7-m\libgcc.a(_arm_truncdfsf2.o)
                                                  src\adc\4_calculate_ADC_sensor.o
__aeabi_dadd                                      c:/program files (x86)/atollic/truestudio for stm32 9.3.0/armtools/bin/../lib/gcc/arm-atollic-eabi/6.3.1/armv7-m\libgcc.a(_arm_addsubdf3.o)
__aeabi_ddiv                                      c:/program files (x86)/atollic/truestudio for stm32 9.3.0/armtools/bin/../lib/gcc/arm-atollic-eabi/6.3.1/armv7-m\libgcc.a(_arm_muldivdf3.o)
                                                  src\adc\4_calculate_ADC_sensor.o
__aeabi_dmul                                      c:/program files (x86)/atollic/truestudio for stm32 9.3.0/armtools/bin/../lib/gcc/arm-atollic-eabi/6.3.1/armv7-m\libgcc.a(_arm_muldivdf3.o)
                                                  src\adc\4_calculate_ADC_sensor.o
__aeabi_drsub                                     c:/program files (x86)/atollic/truestudio for stm32 9.3.0/armtools/bin/../lib/gcc/arm-atollic-eabi/6.3.1/armv7-m\libgcc.a(_arm_addsubdf3.o)
__aeabi_dsub                                      c:/program files (x86)/atollic/truestudio for stm32 9.3.0/armtools/bin/../lib/gcc/arm-atollic-eabi/6.3.1/armv7-m\libgcc.a(_arm_addsubdf3.o)
                                                  src\adc\4_calculate_ADC_sensor.o
__aeabi_f2d                                       c:/program files (x86)/atollic/truestudio for stm32 9.3.0/armtools/bin/../lib/gcc/arm-atollic-eabi/6.3.1/armv7-m\libgcc.a(_arm_addsubdf3.o)
                                                  src\adc\4_calculate_ADC_sensor.o
__aeabi_i2d                                       c:/program files (x86)/atollic/truestudio for stm32 9.3.0/armtools/bin/../lib/gcc/arm-atollic-eabi/6.3.1/armv7-m\libgcc.a(_arm_addsubdf3.o)
__aeabi_l2d                                       c:/program files (x86)/atollic/truestudio for stm32 9.3.0/armtools/bin/../lib/gcc/arm-atollic-eabi/6.3.1/armv7-m\libgcc.a(_arm_addsubdf3.o)
__aeabi_ui2d                                      c:/program files (x86)/atollic/truestudio for stm32 9.3.0/armtools/bin/../lib/gcc/arm-atollic-eabi/6.3.1/armv7-m\libgcc.a(_arm_addsubdf3.o)
                                                  src\adc\4_calculate_ADC_sensor.o
__aeabi_ul2d                                      c:/program files (x86)/atollic/truestudio for stm32 9.3.0/armtools/bin/../lib/gcc/arm-atollic-eabi/6.3.1/armv7-m\libgcc.a(_arm_addsubdf3.o)
__deregister_frame_info                           c:/program files (x86)/atollic/truestudio for stm32 9.3.0/armtools/bin/../lib/gcc/arm-atollic-eabi/6.3.1/armv7-m/crtbegin.o
__divdf3                                          c:/program files (x86)/atollic/truestudio for stm32 9.3.0/armtools/bin/../lib/gcc/arm-atollic-eabi/6.3.1/armv7-m\libgcc.a(_arm_muldivdf3.o)
__dso_handle                                      c:/program files (x86)/atollic/truestudio for stm32 9.3.0/armtools/bin/../lib/gcc/arm-atollic-eabi/6.3.1/armv7-m/crtbegin.o
__extendsfdf2                                     c:/program files (x86)/atollic/truestudio for stm32 9.3.0/armtools/bin/../lib/gcc/arm-atollic-eabi/6.3.1/armv7-m\libgcc.a(_arm_addsubdf3.o)
__floatdidf                                       c:/program files (x86)/atollic/truestudio for stm32 9.3.0/armtools/bin/../lib/gcc/arm-atollic-eabi/6.3.1/armv7-m\libgcc.a(_arm_addsubdf3.o)
__floatsidf                                       c:/program files (x86)/atollic/truestudio for stm32 9.3.0/armtools/bin/../lib/gcc/arm-atollic-eabi/6.3.1/armv7-m\libgcc.a(_arm_addsubdf3.o)
__floatundidf                                     c:/program files (x86)/atollic/truestudio for stm32 9.3.0/armtools/bin/../lib/gcc/arm-atollic-eabi/6.3.1/armv7-m\libgcc.a(_arm_addsubdf3.o)
__floatunsidf                                     c:/program files (x86)/atollic/truestudio for stm32 9.3.0/armtools/bin/../lib/gcc/arm-atollic-eabi/6.3.1/armv7-m\libgcc.a(_arm_addsubdf3.o)
__init_array_end                                  c:/program files (x86)/atollic/truestudio for stm32 9.3.0/armtools/bin/../lib/gcc/arm-atollic-eabi/6.3.1/../../../../arm-atollic-eabi/lib/armv7-m\libc_nano.a(lib_a-init.o)
__init_array_start                                c:/program files (x86)/atollic/truestudio for stm32 9.3.0/armtools/bin/../lib/gcc/arm-atollic-eabi/6.3.1/../../../../arm-atollic-eabi/lib/armv7-m\libc_nano.a(lib_a-init.o)
__libc_init_array                                 c:/program files (x86)/atollic/truestudio for stm32 9.3.0/armtools/bin/../lib/gcc/arm-atollic-eabi/6.3.1/../../../../arm-atollic-eabi/lib/armv7-m\libc_nano.a(lib_a-init.o)
                                                  src\startup_stm32l152xe.o
__muldf3                                          c:/program files (x86)/atollic/truestudio for stm32 9.3.0/armtools/bin/../lib/gcc/arm-atollic-eabi/6.3.1/armv7-m\libgcc.a(_arm_muldivdf3.o)
__preinit_array_end                               c:/program files (x86)/atollic/truestudio for stm32 9.3.0/armtools/bin/../lib/gcc/arm-atollic-eabi/6.3.1/../../../../arm-atollic-eabi/lib/armv7-m\libc_nano.a(lib_a-init.o)
__preinit_array_start                             c:/program files (x86)/atollic/truestudio for stm32 9.3.0/armtools/bin/../lib/gcc/arm-atollic-eabi/6.3.1/../../../../arm-atollic-eabi/lib/armv7-m\libc_nano.a(lib_a-init.o)
__register_frame_info                             c:/program files (x86)/atollic/truestudio for stm32 9.3.0/armtools/bin/../lib/gcc/arm-atollic-eabi/6.3.1/armv7-m/crtbegin.o
__subdf3                                          c:/program files (x86)/atollic/truestudio for stm32 9.3.0/armtools/bin/../lib/gcc/arm-atollic-eabi/6.3.1/armv7-m\libgcc.a(_arm_addsubdf3.o)
__truncdfsf2                                      c:/program files (x86)/atollic/truestudio for stm32 9.3.0/armtools/bin/../lib/gcc/arm-atollic-eabi/6.3.1/armv7-m\libgcc.a(_arm_truncdfsf2.o)
_ebss                                             src\startup_stm32l152xe.o
_edata                                            src\startup_stm32l152xe.o
_estack                                           src\startup_stm32l152xe.o
_fini                                             c:/program files (x86)/atollic/truestudio for stm32 9.3.0/armtools/bin/../lib/gcc/arm-atollic-eabi/6.3.1/armv7-m/crti.o
_init                                             c:/program files (x86)/atollic/truestudio for stm32 9.3.0/armtools/bin/../lib/gcc/arm-atollic-eabi/6.3.1/armv7-m/crti.o
                                                  c:/program files (x86)/atollic/truestudio for stm32 9.3.0/armtools/bin/../lib/gcc/arm-atollic-eabi/6.3.1/../../../../arm-atollic-eabi/lib/armv7-m\libc_nano.a(lib_a-init.o)
_sbss                                             src\startup_stm32l152xe.o
_sdata                                            src\startup_stm32l152xe.o
_sidata                                           src\startup_stm32l152xe.o
_write                                            c:/program files (x86)/atollic/truestudio for stm32 9.3.0/armtools/bin/../lib/gcc/arm-atollic-eabi/6.3.1/../../../../arm-atollic-eabi/lib/armv7-m\libnosys.a(write.o)
                                                  src\tiny_printf.o
adc_read                                          src\adc\3_adc0.o
adc_start_conver                                  src\adc\3_adc0.o
air_quality                                       src\main.o
am2302Request                                     src\sensor\am2302\am2302.o
am2302ShowUart2                                   src\sensor\am2302\am2302.o
calCelcius                                        src\adc\4_calculate_ADC_sensor.o
calLux                                            src\adc\4_calculate_ADC_sensor.o
check_pass                                        src\debug\debug_logs.o
                                                  src\sensor\sgp30_driver\sgp30_function.o
                                                  src\sensor\sgp30_driver\sgp30.o
                                                  src\main.o
compute_uart_bd                                   src\uart\uart2.o
errno                                             c:/program files (x86)/atollic/truestudio for stm32 9.3.0/armtools/bin/../lib/gcc/arm-atollic-eabi/6.3.1/../../../../arm-atollic-eabi/lib/armv7-m\libnosys.a(errno.o)
                                                  c:/program files (x86)/atollic/truestudio for stm32 9.3.0/armtools/bin/../lib/gcc/arm-atollic-eabi/6.3.1/../../../../arm-atollic-eabi/lib/armv7-m\libnosys.a(write.o)
fiprintf                                          src\tiny_printf.o
fprintf                                           src\tiny_printf.o
fputs                                             src\tiny_printf.o
fwrite                                            src\tiny_printf.o
g_pfnVectors                                      src\startup_stm32l152xe.o
gpioa_init                                        src\gpio\7.gpio.o
iprintf                                           src\tiny_printf.o
main                                              src\main.o
                                                  src\startup_stm32l152xe.o
memset                                            c:/program files (x86)/atollic/truestudio for stm32 9.3.0/armtools/bin/../lib/gcc/arm-atollic-eabi/6.3.1/../../../../arm-atollic-eabi/lib/armv7-m\libc_nano.a(lib_a-memset.o)
                                                  src\main.o
pa0_adc_init                                      src\adc\3_adc0.o
pc13_exti_init                                    src\interrupt\6.external_interrupt.o
printf                                            src\tiny_printf.o
puts                                              src\tiny_printf.o
                                                  src\debug\debug_logs.o
sgp30_crc                                         src\sensor\sgp30_driver\sgp30_function.o
                                                  src\sensor\sgp30_driver\sgp30.o
siprintf                                          src\tiny_printf.o
sprintf                                           src\tiny_printf.o
                                                  src\sensor\am2302\am2302.o
                                                  src\main.o
strcpy                                            c:/program files (x86)/atollic/truestudio for stm32 9.3.0/armtools/bin/../lib/gcc/arm-atollic-eabi/6.3.1/../../../../arm-atollic-eabi/lib/armv7-m\libc_nano.a(lib_a-strcpy.o)
                                                  src\debug\debug_logs.o
strlen                                            c:/program files (x86)/atollic/truestudio for stm32 9.3.0/armtools/bin/../lib/gcc/arm-atollic-eabi/6.3.1/../../../../arm-atollic-eabi/lib/armv7-m\libc_nano.a(lib_a-strlen.o)
                                                  src\tiny_printf.o
                                                  src\debug\debug_logs.o
strncat                                           c:/program files (x86)/atollic/truestudio for stm32 9.3.0/armtools/bin/../lib/gcc/arm-atollic-eabi/6.3.1/../../../../arm-atollic-eabi/lib/armv7-m\libc_nano.a(lib_a-strncat.o)
                                                  src\debug\debug_logs.o
systickDelayMs                                    src\timer\1_systick.o
                                                  src\sensor\sgp30_driver\sgp30.o
                                                  src\sensor\am2302\am2302.o
                                                  src\main.o
                                                  src\i2c\i2c_functions.o
systickDelayUs                                    src\timer\1_systick.o
                                                  src\sensor\am2302\am2302.o
tim2_1hz_init                                     src\timer\5_timer_autoreload.o
tim2_output_compare_init                          src\timer\5.1_timer_output_toggle_compare.o
tim3_input_capture_init                           src\timer\5.2_timer_input_capture.o
ts_formatlength                                   src\tiny_printf.o
ts_formatstring                                   src\tiny_printf.o
ts_itoa                                           src\tiny_printf.o
uart2_init                                        src\uart\uart2.o
                                                  src\main.o
uart2_read                                        src\uart\uart2.o
uart2_rx_interrupt_init                           src\interrupt\6.1_UART_interrupt.o
uart2_write                                       src\uart\uart2.o
uart2_write_string                                src\uart\uart2.o
                                                  src\sensor\sgp30_driver\sgp30.o
                                                  src\sensor\am2302\am2302.o
                                                  src\main.o
                                                  src\debug\debug_logs.o
uart_set_baudrate                                 src\uart\uart2.o
                                                  src\interrupt\6.1_UART_interrupt.o
