Archive member included to satisfy reference by file (symbol)

c:/program files (x86)/atollic/truestudio for stm32 9.3.0/armtools/bin/../lib/gcc/arm-atollic-eabi/6.3.1/../../../../arm-atollic-eabi/lib/armv7-m\libc_nano.a(lib_a-init.o)
                              src\startup_stm32l152xe.o (__libc_init_array)
c:/program files (x86)/atollic/truestudio for stm32 9.3.0/armtools/bin/../lib/gcc/arm-atollic-eabi/6.3.1/../../../../arm-atollic-eabi/lib/armv7-m\libc_nano.a(lib_a-memset.o)
                              src\main.o (memset)
c:/program files (x86)/atollic/truestudio for stm32 9.3.0/armtools/bin/../lib/gcc/arm-atollic-eabi/6.3.1/../../../../arm-atollic-eabi/lib/armv7-m\libc_nano.a(lib_a-strcpy.o)
                              src\debug_log\debug_logs.o (strcpy)
c:/program files (x86)/atollic/truestudio for stm32 9.3.0/armtools/bin/../lib/gcc/arm-atollic-eabi/6.3.1/../../../../arm-atollic-eabi/lib/armv7-m\libc_nano.a(lib_a-strlen.o)
                              src\debug_log\debug_logs.o (strlen)
c:/program files (x86)/atollic/truestudio for stm32 9.3.0/armtools/bin/../lib/gcc/arm-atollic-eabi/6.3.1/../../../../arm-atollic-eabi/lib/armv7-m\libc_nano.a(lib_a-strncat.o)
                              src\debug_log\debug_logs.o (strncat)
c:/program files (x86)/atollic/truestudio for stm32 9.3.0/armtools/bin/../lib/gcc/arm-atollic-eabi/6.3.1/../../../../arm-atollic-eabi/lib/armv7-m\libm.a(lib_a-w_exp.o)
                              src\sensor\sgp30\sgp30.o (exp)
c:/program files (x86)/atollic/truestudio for stm32 9.3.0/armtools/bin/../lib/gcc/arm-atollic-eabi/6.3.1/../../../../arm-atollic-eabi/lib/armv7-m\libm.a(lib_a-w_pow.o)
                              src\sensor\bmp085\bmp085_calcu_altitude.o (pow)
c:/program files (x86)/atollic/truestudio for stm32 9.3.0/armtools/bin/../lib/gcc/arm-atollic-eabi/6.3.1/../../../../arm-atollic-eabi/lib/armv7-m\libm.a(lib_a-e_exp.o)
                              c:/program files (x86)/atollic/truestudio for stm32 9.3.0/armtools/bin/../lib/gcc/arm-atollic-eabi/6.3.1/../../../../arm-atollic-eabi/lib/armv7-m\libm.a(lib_a-w_exp.o) (__ieee754_exp)
c:/program files (x86)/atollic/truestudio for stm32 9.3.0/armtools/bin/../lib/gcc/arm-atollic-eabi/6.3.1/../../../../arm-atollic-eabi/lib/armv7-m\libm.a(lib_a-e_pow.o)
                              c:/program files (x86)/atollic/truestudio for stm32 9.3.0/armtools/bin/../lib/gcc/arm-atollic-eabi/6.3.1/../../../../arm-atollic-eabi/lib/armv7-m\libm.a(lib_a-w_pow.o) (__ieee754_pow)
c:/program files (x86)/atollic/truestudio for stm32 9.3.0/armtools/bin/../lib/gcc/arm-atollic-eabi/6.3.1/../../../../arm-atollic-eabi/lib/armv7-m\libm.a(lib_a-e_sqrt.o)
                              c:/program files (x86)/atollic/truestudio for stm32 9.3.0/armtools/bin/../lib/gcc/arm-atollic-eabi/6.3.1/../../../../arm-atollic-eabi/lib/armv7-m\libm.a(lib_a-e_pow.o) (__ieee754_sqrt)
c:/program files (x86)/atollic/truestudio for stm32 9.3.0/armtools/bin/../lib/gcc/arm-atollic-eabi/6.3.1/../../../../arm-atollic-eabi/lib/armv7-m\libm.a(lib_a-s_fabs.o)
                              c:/program files (x86)/atollic/truestudio for stm32 9.3.0/armtools/bin/../lib/gcc/arm-atollic-eabi/6.3.1/../../../../arm-atollic-eabi/lib/armv7-m\libm.a(lib_a-e_pow.o) (fabs)
c:/program files (x86)/atollic/truestudio for stm32 9.3.0/armtools/bin/../lib/gcc/arm-atollic-eabi/6.3.1/../../../../arm-atollic-eabi/lib/armv7-m\libm.a(lib_a-s_finite.o)
                              c:/program files (x86)/atollic/truestudio for stm32 9.3.0/armtools/bin/../lib/gcc/arm-atollic-eabi/6.3.1/../../../../arm-atollic-eabi/lib/armv7-m\libm.a(lib_a-w_exp.o) (finite)
c:/program files (x86)/atollic/truestudio for stm32 9.3.0/armtools/bin/../lib/gcc/arm-atollic-eabi/6.3.1/../../../../arm-atollic-eabi/lib/armv7-m\libm.a(lib_a-s_lib_ver.o)
                              c:/program files (x86)/atollic/truestudio for stm32 9.3.0/armtools/bin/../lib/gcc/arm-atollic-eabi/6.3.1/../../../../arm-atollic-eabi/lib/armv7-m\libm.a(lib_a-w_exp.o) (__fdlib_version)
c:/program files (x86)/atollic/truestudio for stm32 9.3.0/armtools/bin/../lib/gcc/arm-atollic-eabi/6.3.1/../../../../arm-atollic-eabi/lib/armv7-m\libm.a(lib_a-s_matherr.o)
                              c:/program files (x86)/atollic/truestudio for stm32 9.3.0/armtools/bin/../lib/gcc/arm-atollic-eabi/6.3.1/../../../../arm-atollic-eabi/lib/armv7-m\libm.a(lib_a-w_exp.o) (matherr)
c:/program files (x86)/atollic/truestudio for stm32 9.3.0/armtools/bin/../lib/gcc/arm-atollic-eabi/6.3.1/../../../../arm-atollic-eabi/lib/armv7-m\libm.a(lib_a-s_nan.o)
                              c:/program files (x86)/atollic/truestudio for stm32 9.3.0/armtools/bin/../lib/gcc/arm-atollic-eabi/6.3.1/../../../../arm-atollic-eabi/lib/armv7-m\libm.a(lib_a-e_pow.o) (nan)
c:/program files (x86)/atollic/truestudio for stm32 9.3.0/armtools/bin/../lib/gcc/arm-atollic-eabi/6.3.1/../../../../arm-atollic-eabi/lib/armv7-m\libm.a(lib_a-s_rint.o)
[...]
Memory Configuration

Name             Origin             Length             Attributes
FLASH            0x08000000         0x00080000         xr
RAM              0x20000000         0x00014000         xrw
MEMORY_B1        0x60000000         0x00000000         xr
*default*        0x00000000         0xffffffff

Linker script and memory map

LOAD c:/program files (x86)/atollic/truestudio for stm32 9.3.0/armtools/bin/../lib/gcc/arm-atollic-eabi/6.3.1/armv7-m/crti.o
LOAD c:/program files (x86)/atollic/truestudio for stm32 9.3.0/armtools/bin/../lib/gcc/arm-atollic-eabi/6.3.1/armv7-m/crtbegin.o
LOAD src\debug_log\conv_int_ascii.o
LOAD src\debug_log\debug_logs.o
LOAD src\i2c\i2c_functions.o
LOAD src\i2c\i2c_init.o
LOAD src\i2c\i2c_read_data.o
LOAD src\i2c\i2c_write_cmd.o
LOAD src\i2c\i2c_write_data.o
LOAD src\main.o
LOAD src\sensor\am2302\am2302.o
LOAD src\sensor\bmp085\bmp085.o
LOAD src\sensor\bmp085\bmp085_calcu_altitude.o
LOAD src\sensor\bmp085\bmp085_calcu_press.o
LOAD src\sensor\bmp085\bmp085_calcu_temp.o
LOAD src\sensor\bmp085\bmp085_get_cal_param.o
LOAD src\sensor\bmp085\bmp085_get_up.o
LOAD src\sensor\bmp085\bmp085_get_ut.o
LOAD src\sensor\ds1621\ds1621.o
LOAD src\sensor\lcd1602\lcd1602.o
LOAD src\sensor\sgp30\sgp30.o
LOAD src\sensor\sgp30\sgp30_function.o
LOAD src\startup_stm32l152xe.o
LOAD src\system_clock\pllclk_32MHz.o
LOAD src\system_stm32l1xx.o
LOAD src\timer\1_systick.o
LOAD src\timer\5.1_timer_output_toggle_compare.o
LOAD src\timer\5.2_timer_input_capture.o
LOAD src\timer\5_timer_autoreload.o
LOAD src\tiny_printf.o
LOAD src\uart2\uart2.o
                0x00000080                malloc_getpagesize_P = 0x80
START GROUP
LOAD c:/program files (x86)/atollic/truestudio for stm32 9.3.0/armtools/bin/../lib/gcc/arm-atollic-eabi/6.3.1/../../../../arm-atollic-eabi/lib/armv7-m\libc_nano.a
LOAD c:/program files (x86)/atollic/truestudio for stm32 9.3.0/armtools/bin/../lib/gcc/arm-atollic-eabi/6.3.1/../../../../arm-atollic-eabi/lib/armv7-m\libm.a
END GROUP
START GROUP
LOAD c:/program files (x86)/atollic/truestudio for stm32 9.3.0/armtools/bin/../lib/gcc/arm-atollic-eabi/6.3.1/armv7-m\libgcc.a
LOAD c:/program files (x86)/atollic/truestudio for stm32 9.3.0/armtools/bin/../lib/gcc/arm-atollic-eabi/6.3.1/../../../../arm-atollic-eabi/lib/armv7-m\libc_nano.a
END GROUP
START GROUP
LOAD c:/program files (x86)/atollic/truestudio for stm32 9.3.0/armtools/bin/../lib/gcc/arm-atollic-eabi/6.3.1/armv7-m\libgcc.a
LOAD c:/program files (x86)/atollic/truestudio for stm32 9.3.0/armtools/bin/../lib/gcc/arm-atollic-eabi/6.3.1/../../../../arm-atollic-eabi/lib/armv7-m\libc_nano.a
LOAD c:/program files (x86)/atollic/truestudio for stm32 9.3.0/armtools/bin/../lib/gcc/arm-atollic-eabi/6.3.1/../../../../arm-atollic-eabi/lib/armv7-m\libnosys.a
END GROUP
START GROUP
LOAD c:/program files (x86)/atollic/truestudio for stm32 9.3.0/armtools/bin/../lib/gcc/arm-atollic-eabi/6.3.1/armv7-m\libgcc.a
LOAD c:/program files (x86)/atollic/truestudio for stm32 9.3.0/armtools/bin/../lib/gcc/arm-atollic-eabi/6.3.1/../../../../arm-atollic-eabi/lib/armv7-m\libc_nano.a
LOAD c:/program files (x86)/atollic/truestudio for stm32 9.3.0/armtools/bin/../lib/gcc/arm-atollic-eabi/6.3.1/../../../../arm-atollic-eabi/lib/armv7-m\libnosys.a
END GROUP
LOAD c:/program files (x86)/atollic/truestudio for stm32 9.3.0/armtools/bin/../lib/gcc/arm-atollic-eabi/6.3.1/armv7-m/crtend.o
LOAD c:/program files (x86)/atollic/truestudio for stm32 9.3.0/armtools/bin/../lib/gcc/arm-atollic-eabi/6.3.1/armv7-m/crtn.o
                0x20014000                _estack = 0x20014000
                0x00000000                _Min_Heap_Size = 0x0
                0x00000400                _Min_Stack_Size = 0x400

.isr_vector     0x08000000      0x13c
                0x08000000                . = ALIGN (0x4)
 *(.isr_vector)
 .isr_vector    0x08000000      0x13c src\startup_stm32l152xe.o
                0x08000000                g_pfnVectors
                0x0800013c                . = ALIGN (0x4)

.text           0x08000140     0x3c10
                0x08000140                . = ALIGN (0x4)
 *(.text)
 .text          0x08000140       0x40 c:/program files (x86)/atollic/truestudio for stm32 9.3.0/armtools/bin/../lib/gcc/arm-atollic-eabi/6.3.1/armv7-m/crtbegin.o
 .text          0x08000180      0x370 c:/program files (x86)/atollic/truestudio for stm32 9.3.0/armtools/bin/../lib/gcc/arm-atollic-eabi/6.3.1/armv7-m\libgcc.a(_arm_addsubdf3.o)
                0x08000180                __aeabi_drsub
                0x08000188                __aeabi_dsub
                0x08000188                __subdf3
                0x0800018c                __aeabi_dadd
                0x0800018c                __adddf3
                0x08000404                __floatunsidf
                0x08000404                __aeabi_ui2d
                0x08000424                __floatsidf
                0x08000424                __aeabi_i2d
                0x08000448                __aeabi_f2d
                0x08000448                __extendsfdf2
                0x08000484                __floatundidf
                0x08000484                __aeabi_ul2d
                0x08000494                __floatdidf
                0x08000494                __aeabi_l2d
 .text          0x080004f0      0x424 c:/program files (x86)/atollic/truestudio for stm32 9.3.0/armtools/bin/../lib/gcc/arm-atollic-eabi/6.3.1/armv7-m\libgcc.a(_arm_muldivdf3.o)
                0x080004f0                __aeabi_dmul
                0x080004f0                __muldf3
                0x08000744                __divdf3
                0x08000744                __aeabi_ddiv
 .text          0x08000914      0x110 c:/program files (x86)/atollic/truestudio for stm32 9.3.0/armtools/bin/../lib/gcc/arm-atollic-eabi/6.3.1/armv7-m\libgcc.a(_arm_cmpdf2.o)
                0x08000914                __gtdf2
                0x08000914                __gedf2
                0x0800091c                __ltdf2
                0x0800091c                __ledf2
                0x08000924                __nedf2
                0x08000924                __eqdf2
                0x08000924                __cmpdf2
                0x080009a0                __aeabi_cdrcmple
                0x080009b0                __aeabi_cdcmpeq
                0x080009b0                __aeabi_cdcmple
                0x080009c0                __aeabi_dcmpeq
                0x080009d4                __aeabi_dcmplt
                0x080009e8                __aeabi_dcmple
                0x080009fc                __aeabi_dcmpge
                0x08000a10                __aeabi_dcmpgt
 .text          0x08000a24       0x2c c:/program files (x86)/atollic/truestudio for stm32 9.3.0/armtools/bin/../lib/gcc/arm-atollic-eabi/6.3.1/armv7-m\libgcc.a(_arm_unorddf2.o)
                0x08000a24                __unorddf2
                0x08000a24                __aeabi_dcmpun
 .text          0x08000a50       0x50 c:/program files (x86)/atollic/truestudio for stm32 9.3.0/armtools/bin/../lib/gcc/arm-atollic-eabi/6.3.1/armv7-m\libgcc.a(_arm_fixdfsi.o)
                0x08000a50                __aeabi_d2iz
                0x08000a50                __fixdfsi
 .text          0x08000aa0       0xa0 c:/program files (x86)/atollic/truestudio for stm32 9.3.0/armtools/bin/../lib/gcc/arm-atollic-eabi/6.3.1/armv7-m\libgcc.a(_arm_truncdfsf2.o)
                0x08000aa0                __truncdfsf2
                0x08000aa0                __aeabi_d2f
 .text          0x08000b40      0x2a0 c:/program files (x86)/atollic/truestudio for stm32 9.3.0/armtools/bin/../lib/gcc/arm-atollic-eabi/6.3.1/armv7-m\libgcc.a(_arm_muldivsf3.o)
                0x08000b40                __mulsf3
                0x08000b40                __aeabi_fmul
                0x08000ca8                __aeabi_fdiv
                0x08000ca8                __divsf3
 .text          0x08000de0       0x4c c:/program files (x86)/atollic/truestudio for stm32 9.3.0/armtools/bin/../lib/gcc/arm-atollic-eabi/6.3.1/armv7-m\libgcc.a(_arm_fixsfsi.o)
                0x08000de0                __aeabi_f2iz
                0x08000de0                __fixsfsi
 *(.text*)
 .text.I2C_Start
                0x08000e2c       0x2c src\i2c\i2c_functions.o
                0x08000e2c                I2C_Start
 .text.I2C_Write_Addr
                0x08000e58       0x3c src\i2c\i2c_functions.o
                0x08000e58                I2C_Write_Addr
 .text.I2C_WriteData
                0x08000e94       0x3c src\i2c\i2c_functions.o
                0x08000e94                I2C_WriteData
 .text.I2C_StopRead
                0x08000ed0       0x2c src\i2c\i2c_functions.o
                0x08000ed0                I2C_StopRead
 .text.I2C_StopWrite
                0x08000efc       0x3c src\i2c\i2c_functions.o
                0x08000efc                I2C_StopWrite
 .text.I2C1_Bus_Test
                0x08000f38       0x64 src\i2c\i2c_functions.o
                0x08000f38                I2C1_Bus_Test
 .text.I2C_EN_ACK
                0x08000f9c       0x20 src\i2c\i2c_functions.o
                0x08000f9c                I2C_EN_ACK
 .text.I2C_DI_ACK
                0x08000fbc       0x20 src\i2c\i2c_functions.o
                0x08000fbc                I2C_DI_ACK
 .text.I2C_Clear_AddrFlag
                0x08000fdc       0x1c src\i2c\i2c_functions.o
                0x08000fdc                I2C_Clear_AddrFlag
 .text.I2C1_GPIO_Init
                0x08000ff8       0x60 src\i2c\i2c_init.o
                0x08000ff8                I2C1_GPIO_Init
 .text.I2C1_Init
                0x08001058       0x60 src\i2c\i2c_init.o
                0x08001058                I2C1_Init
 .text.I2C_Read_nData
                0x080010b8       0x80 src\i2c\i2c_read_data.o
                0x080010b8                I2C_Read_nData
 .text.I2C_Write_Cmd
                0x08001138       0x5c src\i2c\i2c_write_cmd.o
                0x08001138                I2C_Write_Cmd
 .text.main     0x08001194      0x3c8 src\main.o
                0x08001194                main
 .text.Initial  0x0800155c       0x1e src\main.o
                0x0800155c                Initial
 *fill*         0x0800157a        0x2 
 .text.LED_Toggle
                0x0800157c       0x3c src\main.o
                0x0800157c                LED_Toggle
 .text.am2302Request
                0x080015b8      0x174 src\sensor\am2302\am2302.o
                0x080015b8                am2302Request
 .text.AM2302_Read_Data
                0x0800172c       0xd0 src\sensor\am2302\am2302.o
                0x0800172c                AM2302_Read_Data
 *fill*         0x080017fc        0x4 
 .text.bmp085_calculate_altitude
                0x08001800      0x124 src\sensor\bmp085\bmp085_calcu_altitude.o
                0x08001800                bmp085_calculate_altitude
 .text.bmp085_calculate_pressure
                0x08001924      0x138 src\sensor\bmp085\bmp085_calcu_press.o
                0x08001924                bmp085_calculate_pressure
 .text.bmp085_calculate_B5
                0x08001a5c       0x4a src\sensor\bmp085\bmp085_calcu_temp.o
                0x08001a5c                bmp085_calculate_B5
 .text.bmp085_calculate_temperature
                0x08001aa6       0x26 src\sensor\bmp085\bmp085_calcu_temp.o
                0x08001aa6                bmp085_calculate_temperature
 .text.bmp085_get_cal_param
                0x08001acc       0xaa src\sensor\bmp085\bmp085_get_cal_param.o
                0x08001acc                bmp085_get_cal_param
 .text.bmp085_read_16
                0x08001b76       0x42 src\sensor\bmp085\bmp085_get_cal_param.o
                0x08001b76                bmp085_read_16
 .text.bmp085_readS16
                0x08001bb8       0x1e src\sensor\bmp085\bmp085_get_cal_param.o
                0x08001bb8                bmp085_readS16
 *fill*         0x08001bd6        0x2 
 .text.bmp085_get_up
                0x08001bd8       0xc0 src\sensor\bmp085\bmp085_get_up.o
                0x08001bd8                bmp085_get_up
 .text.bmp085_get_ut
                0x08001c98       0x58 src\sensor\bmp085\bmp085_get_ut.o
                0x08001c98                bmp085_get_ut
 .text.ds1621_start
                0x08001cf0       0x28 src\sensor\ds1621\ds1621.o
                0x08001cf0                ds1621_start
 .text.ds1621_read_temperature
                0x08001d18       0xa0 src\sensor\ds1621\ds1621.o
                0x08001d18                ds1621_read_temperature
 .text.LCD_Init
                0x08001db8       0x20 src\sensor\lcd1602\lcd1602.o
                0x08001db8                LCD_Init
 .text.LCD_SendChar
                0x08001dd8       0x56 src\sensor\lcd1602\lcd1602.o
                0x08001dd8                LCD_SendChar
 .text.LCD_SendCommand
                0x08001e2e       0x56 src\sensor\lcd1602\lcd1602.o
                0x08001e2e                LCD_SendCommand
 .text.LCD_SendString
                0x08001e84       0x28 src\sensor\lcd1602\lcd1602.o
                0x08001e84                LCD_SendString
 .text.LCD_GoToXY
                0x08001eac       0x4a src\sensor\lcd1602\lcd1602.o
                0x08001eac                LCD_GoToXY
 .text.LCD_ClearAll
                0x08001ef6        0xe src\sensor\lcd1602\lcd1602.o
                0x08001ef6                LCD_ClearAll
 .text.LCD_I2C1_Write
                0x08001f04       0x7c src\sensor\lcd1602\lcd1602.o
                0x08001f04                LCD_I2C1_Write
 .text.SGP30_Init
                0x08001f80       0x30 src\sensor\sgp30\sgp30.o
                0x08001f80                SGP30_Init
 .text.SGP30_Measure
                0x08001fb0       0xbc src\sensor\sgp30\sgp30.o
                0x08001fb0                SGP30_Measure
 *fill*         0x0800206c        0x4 
 .text.SGP30_SET_AH
                0x08002070      0x130 src\sensor\sgp30\sgp30.o
                0x08002070                SGP30_SET_AH
 .text.sgp30_crc
                0x080021a0       0x6e src\sensor\sgp30\sgp30_function.o
                0x080021a0                sgp30_crc
 *fill*         0x0800220e        0x2 
 .text.Reset_Handler
                0x08002210       0x48 src\startup_stm32l152xe.o
                0x08002210                Reset_Handler
 .text.Default_Handler
                0x08002258        0x2 src\startup_stm32l152xe.o
                0x08002258                RTC_Alarm_IRQHandler
                0x08002258                EXTI2_IRQHandler
                0x08002258                COMP_ACQ_IRQHandler
                0x08002258                DebugMon_Handler
                0x08002258                HardFault_Handler
                0x08002258                TIM10_IRQHandler
                0x08002258                USB_HP_IRQHandler
                0x08002258                TIM6_IRQHandler
                0x08002258                SysTick_Handler
                0x08002258                PVD_IRQHandler
                0x08002258                PendSV_Handler
                0x08002258                NMI_Handler
                0x08002258                EXTI3_IRQHandler
                0x08002258                EXTI0_IRQHandler
                0x08002258                I2C2_EV_IRQHandler
                0x08002258                UsageFault_Handler
                0x08002258                SPI1_IRQHandler
                0x08002258                USB_FS_WKUP_IRQHandler
                0x08002258                DMA2_Channel2_IRQHandler
                0x08002258                DMA1_Channel4_IRQHandler
                0x08002258                ADC1_IRQHandler
                0x08002258                USART3_IRQHandler
                0x08002258                DMA1_Channel7_IRQHandler
                0x08002258                LCD_IRQHandler
                0x08002258                UART5_IRQHandler
                0x08002258                TIM4_IRQHandler
                0x08002258                DMA2_Channel1_IRQHandler
                0x08002258                I2C1_EV_IRQHandler
                0x08002258                DMA1_Channel6_IRQHandler
                0x08002258                UART4_IRQHandler
                0x08002258                DMA2_Channel4_IRQHandler
                0x08002258                TIM3_IRQHandler
                0x08002258                RCC_IRQHandler
                0x08002258                DMA1_Channel1_IRQHandler
                0x08002258                Default_Handler
                0x08002258                EXTI15_10_IRQHandler
                0x08002258                TIM7_IRQHandler
                0x08002258                TIM5_IRQHandler
                0x08002258                EXTI9_5_IRQHandler
                0x08002258                TIM9_IRQHandler
                0x08002258                TAMPER_STAMP_IRQHandler
                0x08002258                RTC_WKUP_IRQHandler
                0x08002258                SPI2_IRQHandler
                0x08002258                MemManage_Handler
                0x08002258                SVC_Handler
                0x08002258                DMA2_Channel5_IRQHandler
                0x08002258                DMA1_Channel5_IRQHandler
                0x08002258                USB_LP_IRQHandler
                0x08002258                EXTI4_IRQHandler
                0x08002258                DMA1_Channel3_IRQHandler
                0x08002258                COMP_IRQHandler
                0x08002258                WWDG_IRQHandler
                0x08002258                TIM2_IRQHandler
                0x08002258                DAC_IRQHandler
                0x08002258                EXTI1_IRQHandler
                0x08002258                TIM11_IRQHandler
                0x08002258                USART2_IRQHandler
                0x08002258                I2C2_ER_IRQHandler
                0x08002258                DMA1_Channel2_IRQHandler
                0x08002258                FLASH_IRQHandler
                0x08002258                BusFault_Handler
                0x08002258                USART1_IRQHandler
                0x08002258                SPI3_IRQHandler
                0x08002258                I2C1_ER_IRQHandler
                0x08002258                DMA2_Channel3_IRQHandler
 *fill*         0x0800225a        0x2 
 .text.SetSysClk
                0x0800225c      0x10c src\system_clock\pllclk_32MHz.o
                0x0800225c                SetSysClk
 .text.SystemInit
                0x08002368       0x68 src\system_stm32l1xx.o
                0x08002368                SystemInit
 .text.SystemCoreClockUpdate
                0x080023d0      0x150 src\system_stm32l1xx.o
                0x080023d0                SystemCoreClockUpdate
 .text.systickDelayMs
                0x08002520       0x54 src\timer\1_systick.o
                0x08002520                systickDelayMs
 .text.systickDelayUs
                0x08002574       0x50 src\timer\1_systick.o
                0x08002574                systickDelayUs
 .text.ts_itoa  0x080025c4       0x90 src\tiny_printf.o
                0x080025c4                ts_itoa
 .text.ts_formatstring
                0x08002654      0x12e src\tiny_printf.o
                0x08002654                ts_formatstring
 .text.siprintf
                0x08002782       0x2c src\tiny_printf.o
                0x08002782                siprintf
                0x08002782                sprintf
 .text.compute_uart_bd
                0x080027ae       0x24 src\uart2\uart2.o
                0x080027ae                compute_uart_bd
 .text.uart_set_baudrate
                0x080027d2       0x24 src\uart2\uart2.o
                0x080027d2                uart_set_baudrate
 *fill*         0x080027f6        0x2 
 .text.uart2_init
                0x080027f8       0x80 src\uart2\uart2.o
                0x080027f8                uart2_init
 .text.uart2_write
                0x08002878       0x2c src\uart2\uart2.o
                0x08002878                uart2_write
 .text.uart2_write_string
                0x080028a4       0x3a src\uart2\uart2.o
                0x080028a4                uart2_write_string
 *fill*         0x080028de        0x2 
 .text.__libc_init_array
                0x080028e0       0x48 c:/program files (x86)/atollic/truestudio for stm32 9.3.0/armtools/bin/../lib/gcc/arm-atollic-eabi/6.3.1/../../../../arm-atollic-eabi/lib/armv7-m\libc_nano.a(lib_a-init.o)
                0x080028e0                __libc_init_array
 .text.memset   0x08002928       0x10 c:/program files (x86)/atollic/truestudio for stm32 9.3.0/armtools/bin/../lib/gcc/arm-atollic-eabi/6.3.1/../../../../arm-atollic-eabi/lib/armv7-m\libc_nano.a(lib_a-memset.o)
                0x08002928                memset
 .text.exp      0x08002938       0xf0 c:/program files (x86)/atollic/truestudio for stm32 9.3.0/armtools/bin/../lib/gcc/arm-atollic-eabi/6.3.1/../../../../arm-atollic-eabi/lib/armv7-m\libm.a(lib_a-w_exp.o)
                0x08002938                exp
 .text.pow      0x08002a28      0x2c8 c:/program files (x86)/atollic/truestudio for stm32 9.3.0/armtools/bin/../lib/gcc/arm-atollic-eabi/6.3.1/../../../../arm-atollic-eabi/lib/armv7-m\libm.a(lib_a-w_pow.o)
                0x08002a28                pow
 .text.__ieee754_exp
                0x08002cf0      0x2dc c:/program files (x86)/atollic/truestudio for stm32 9.3.0/armtools/bin/../lib/gcc/arm-atollic-eabi/6.3.1/../../../../arm-atollic-eabi/lib/armv7-m\libm.a(lib_a-e_exp.o)
                0x08002cf0                __ieee754_exp
 *fill*         0x08002fcc        0x4 
 .text.__ieee754_pow
                0x08002fd0      0x9e4 c:/program files (x86)/atollic/truestudio for stm32 9.3.0/armtools/bin/../lib/gcc/arm-atollic-eabi/6.3.1/../../../../arm-atollic-eabi/lib/armv7-m\libm.a(lib_a-e_pow.o)
                0x08002fd0                __ieee754_pow
 .text.__ieee754_sqrt
                0x080039b4      0x158 c:/program files (x86)/atollic/truestudio for stm32 9.3.0/armtools/bin/../lib/gcc/arm-atollic-eabi/6.3.1/../../../../arm-atollic-eabi/lib/armv7-m\libm.a(lib_a-e_sqrt.o)
                0x080039b4                __ieee754_sqrt
 .text.fabs     0x08003b0c        0x6 c:/program files (x86)/atollic/truestudio for stm32 9.3.0/armtools/bin/../lib/gcc/arm-atollic-eabi/6.3.1/../../../../arm-atollic-eabi/lib/armv7-m\libm.a(lib_a-s_fabs.o)
                0x08003b0c                fabs
 .text.finite   0x08003b12        0xc c:/program files (x86)/atollic/truestudio for stm32 9.3.0/armtools/bin/../lib/gcc/arm-atollic-eabi/6.3.1/../../../../arm-atollic-eabi/lib/armv7-m\libm.a(lib_a-s_finite.o)
                0x08003b12                finite
 .text.matherr  0x08003b1e        0x4 c:/program files (x86)/atollic/truestudio for stm32 9.3.0/armtools/bin/../lib/gcc/arm-atollic-eabi/6.3.1/../../../../arm-atollic-eabi/lib/armv7-m\libm.a(lib_a-s_matherr.o)
                0x08003b1e                matherr
 *fill*         0x08003b22        0x2 
 .text.nan      0x08003b24        0xc c:/program files (x86)/atollic/truestudio for stm32 9.3.0/armtools/bin/../lib/gcc/arm-atollic-eabi/6.3.1/../../../../arm-atollic-eabi/lib/armv7-m\libm.a(lib_a-s_nan.o)
                0x08003b24                nan
 .text.rint     0x08003b30      0x110 c:/program files (x86)/atollic/truestudio for stm32 9.3.0/armtools/bin/../lib/gcc/arm-atollic-eabi/6.3.1/../../../../arm-atollic-eabi/lib/armv7-m\libm.a(lib_a-s_rint.o)
                0x08003b30                rint
 .text.scalbn   0x08003c40       0xdc c:/program files (x86)/atollic/truestudio for stm32 9.3.0/armtools/bin/../lib/gcc/arm-atollic-eabi/6.3.1/../../../../arm-atollic-eabi/lib/armv7-m\libm.a(lib_a-s_scalbn.o)
                0x08003c40                scalbn
 .text.copysign
                0x08003d1c        0xe c:/program files (x86)/atollic/truestudio for stm32 9.3.0/armtools/bin/../lib/gcc/arm-atollic-eabi/6.3.1/../../../../arm-atollic-eabi/lib/armv7-m\libm.a(lib_a-s_copysign.o)
                0x08003d1c                copysign
 *fill*         0x08003d2a        0x2 
 .text.__errno  0x08003d2c        0xc c:/program files (x86)/atollic/truestudio for stm32 9.3.0/armtools/bin/../lib/gcc/arm-atollic-eabi/6.3.1/../../../../arm-atollic-eabi/lib/armv7-m\libc_nano.a(lib_a-errno.o)
                0x08003d2c                __errno
 *(.glue_7)
 .glue_7        0x08003d38        0x0 linker stubs
 *(.glue_7t)
 .glue_7t       0x08003d38        0x0 linker stubs
 *(.eh_frame)
 .eh_frame      0x08003d38        0x0 c:/program files (x86)/atollic/truestudio for stm32 9.3.0/armtools/bin/../lib/gcc/arm-atollic-eabi/6.3.1/armv7-m/crtbegin.o
 *(.init)
 .init          0x08003d38        0x4 c:/program files (x86)/atollic/truestudio for stm32 9.3.0/armtools/bin/../lib/gcc/arm-atollic-eabi/6.3.1/armv7-m/crti.o
                0x08003d38                _init
 .init          0x08003d3c        0x8 c:/program files (x86)/atollic/truestudio for stm32 9.3.0/armtools/bin/../lib/gcc/arm-atollic-eabi/6.3.1/armv7-m/crtn.o
 *(.fini)
 .fini          0x08003d44        0x4 c:/program files (x86)/atollic/truestudio for stm32 9.3.0/armtools/bin/../lib/gcc/arm-atollic-eabi/6.3.1/armv7-m/crti.o
                0x08003d44                _fini
 .fini          0x08003d48        0x8 c:/program files (x86)/atollic/truestudio for stm32 9.3.0/armtools/bin/../lib/gcc/arm-atollic-eabi/6.3.1/armv7-m/crtn.o
                0x08003d50                . = ALIGN (0x4)
                0x08003d50                _etext = .

.vfp11_veneer   0x08003d50        0x0
 .vfp11_veneer  0x08003d50        0x0 linker stubs

.v4_bx          0x08003d50        0x0
 .v4_bx         0x08003d50        0x0 linker stubs

.iplt           0x08003d50        0x0
 .iplt          0x08003d50        0x0 c:/program files (x86)/atollic/truestudio for stm32 9.3.0/armtools/bin/../lib/gcc/arm-atollic-eabi/6.3.1/armv7-m/crtbegin.o

.rodata         0x08003d50      0x1a0
                0x08003d50                . = ALIGN (0x4)
 *(.rodata)
 .rodata        0x08003d50       0xc8 src\main.o
 .rodata        0x08003e18        0x2 src\sensor\bmp085\bmp085_get_ut.o
 *fill*         0x08003e1a        0x2 
 .rodata        0x08003e1c       0x3a src\sensor\sgp30\sgp30.o
 *(.rodata*)
 *fill*         0x08003e56        0x2 
 .rodata.PLLMulTable
                0x08003e58        0x9 src\system_stm32l1xx.o
                0x08003e58                PLLMulTable
 *fill*         0x08003e61        0x3 
 .rodata.AHBPrescTable
                0x08003e64       0x10 src\system_stm32l1xx.o
                0x08003e64                AHBPrescTable
 .rodata.exp.str1.1
                0x08003e74        0x4 c:/program files (x86)/atollic/truestudio for stm32 9.3.0/armtools/bin/../lib/gcc/arm-atollic-eabi/6.3.1/../../../../arm-atollic-eabi/lib/armv7-m\libm.a(lib_a-w_exp.o)
 .rodata.pow.str1.1
                0x08003e78        0x4 c:/program files (x86)/atollic/truestudio for stm32 9.3.0/armtools/bin/../lib/gcc/arm-atollic-eabi/6.3.1/../../../../arm-atollic-eabi/lib/armv7-m\libm.a(lib_a-w_pow.o)
 *fill*         0x08003e7c        0x4 
 .rodata.halF   0x08003e80       0x10 c:/program files (x86)/atollic/truestudio for stm32 9.3.0/armtools/bin/../lib/gcc/arm-atollic-eabi/6.3.1/../../../../arm-atollic-eabi/lib/armv7-m\libm.a(lib_a-e_exp.o)
 .rodata.ln2HI  0x08003e90       0x10 c:/program files (x86)/atollic/truestudio for stm32 9.3.0/armtools/bin/../lib/gcc/arm-atollic-eabi/6.3.1/../../../../arm-atollic-eabi/lib/armv7-m\libm.a(lib_a-e_exp.o)
 .rodata.ln2LO  0x08003ea0       0x10 c:/program files (x86)/atollic/truestudio for stm32 9.3.0/armtools/bin/../lib/gcc/arm-atollic-eabi/6.3.1/../../../../arm-atollic-eabi/lib/armv7-m\libm.a(lib_a-e_exp.o)
 .rodata.__ieee754_pow.str1.1
                0x08003eb0        0x4 c:/program files (x86)/atollic/truestudio for stm32 9.3.0/armtools/bin/../lib/gcc/arm-atollic-eabi/6.3.1/../../../../arm-atollic-eabi/lib/armv7-m\libm.a(lib_a-e_pow.o)
                                  0x1 (size before relaxing)
 .rodata.bp     0x08003eb0       0x10 c:/program files (x86)/atollic/truestudio for stm32 9.3.0/armtools/bin/../lib/gcc/arm-atollic-eabi/6.3.1/../../../../arm-atollic-eabi/lib/armv7-m\libm.a(lib_a-e_pow.o)
 .rodata.dp_h   0x08003ec0       0x10 c:/program files (x86)/atollic/truestudio for stm32 9.3.0/armtools/bin/../lib/gcc/arm-atollic-eabi/6.3.1/../../../../arm-atollic-eabi/lib/armv7-m\libm.a(lib_a-e_pow.o)
 .rodata.dp_l   0x08003ed0       0x10 c:/program files (x86)/atollic/truestudio for stm32 9.3.0/armtools/bin/../lib/gcc/arm-atollic-eabi/6.3.1/../../../../arm-atollic-eabi/lib/armv7-m\libm.a(lib_a-e_pow.o)
 .rodata.TWO52  0x08003ee0       0x10 c:/program files (x86)/atollic/truestudio for stm32 9.3.0/armtools/bin/../lib/gcc/arm-atollic-eabi/6.3.1/../../../../arm-atollic-eabi/lib/armv7-m\libm.a(lib_a-s_rint.o)
                0x08003ef0                . = ALIGN (0x4)

.rel.dyn        0x08003ef0        0x0
 .rel.iplt      0x08003ef0        0x0 c:/program files (x86)/atollic/truestudio for stm32 9.3.0/armtools/bin/../lib/gcc/arm-atollic-eabi/6.3.1/armv7-m/crtbegin.o

.ARM.extab
 *(.ARM.extab* .gnu.linkonce.armextab.*)

.ARM            0x08003ef0        0x0
                0x08003ef0                __exidx_start = .
 *(.ARM.exidx*)
                0x08003ef0                __exidx_end = .

.preinit_array  0x08003ef0        0x0
                0x08003ef0                PROVIDE (__preinit_array_start, .)
 *(.preinit_array*)
                0x08003ef0                PROVIDE (__preinit_array_end, .)

.init_array     0x08003ef0        0x4
                0x08003ef0                PROVIDE (__init_array_start, .)
 *(SORT(.init_array.*))
 *(.init_array*)
 .init_array    0x08003ef0        0x4 c:/program files (x86)/atollic/truestudio for stm32 9.3.0/armtools/bin/../lib/gcc/arm-atollic-eabi/6.3.1/armv7-m/crtbegin.o
                0x08003ef4                PROVIDE (__init_array_end, .)

.fini_array     0x08003ef4        0x4
                [!provide]                PROVIDE (__fini_array_start, .)
 *(SORT(.fini_array.*))
 *(.fini_array*)
 .fini_array    0x08003ef4        0x4 c:/program files (x86)/atollic/truestudio for stm32 9.3.0/armtools/bin/../lib/gcc/arm-atollic-eabi/6.3.1/armv7-m/crtbegin.o
                [!provide]                PROVIDE (__fini_array_end, .)
                0x08003ef8                _sidata = LOADADDR (.data)

.data           0x20000000       0x6c load address 0x08003ef8
                0x20000000                . = ALIGN (0x4)
                0x20000000                _sdata = .
 *(.data)
 *(.data*)
 .data.SystemCoreClock
                0x20000000        0x4 src\system_stm32l1xx.o
                0x20000000                SystemCoreClock
 .data.__fdlib_version
                0x20000004        0x1 c:/program files (x86)/atollic/truestudio for stm32 9.3.0/armtools/bin/../lib/gcc/arm-atollic-eabi/6.3.1/../../../../arm-atollic-eabi/lib/armv7-m\libm.a(lib_a-s_lib_ver.o)
                0x20000004                __fdlib_version
 *fill*         0x20000005        0x3 
 .data._impure_ptr
                0x20000008        0x4 c:/program files (x86)/atollic/truestudio for stm32 9.3.0/armtools/bin/../lib/gcc/arm-atollic-eabi/6.3.1/../../../../arm-atollic-eabi/lib/armv7-m\libc_nano.a(lib_a-impure.o)
                0x20000008                _impure_ptr
 .data.impure_data
                0x2000000c       0x60 c:/program files (x86)/atollic/truestudio for stm32 9.3.0/armtools/bin/../lib/gcc/arm-atollic-eabi/6.3.1/../../../../arm-atollic-eabi/lib/armv7-m\libc_nano.a(lib_a-impure.o)
                0x2000006c                . = ALIGN (0x4)
                0x2000006c                _edata = .

.igot.plt       0x2000006c        0x0 load address 0x08003f64
 .igot.plt      0x2000006c        0x0 c:/program files (x86)/atollic/truestudio for stm32 9.3.0/armtools/bin/../lib/gcc/arm-atollic-eabi/6.3.1/armv7-m/crtbegin.o
                0x2000006c                . = ALIGN (0x4)

.bss            0x2000006c       0x1c load address 0x08003f64
                0x2000006c                _sbss = .
                0x2000006c                __bss_start__ = _sbss
 *(.bss)
 .bss           0x2000006c       0x1c c:/program files (x86)/atollic/truestudio for stm32 9.3.0/armtools/bin/../lib/gcc/arm-atollic-eabi/6.3.1/armv7-m/crtbegin.o
 *(.bss*)
 *(COMMON)
                0x20000088                . = ALIGN (0x4)
                0x20000088                _ebss = .
                0x20000088                __bss_end__ = _ebss

._user_heap_stack
                0x20000088      0x400 load address 0x08003f64
                0x20000088                . = ALIGN (0x4)
                [!provide]                PROVIDE (end, .)
                [!provide]                PROVIDE (_end, .)
                0x20000088                . = (. + _Min_Heap_Size)
                0x20000488                . = (. + _Min_Stack_Size)
 *fill*         0x20000088      0x400 
                0x20000488                . = ALIGN (0x4)

.memory_b1_text
 *(.mb1text)
 *(.mb1text*)
 *(.mb1rodata)
 *(.mb1rodata*)

/DISCARD/
 libc.a(*)
 libm.a(*)
 libgcc.a(*)

.ARM.attributes
                0x00000000       0x29
 *(.ARM.attributes)
 .ARM.attributes
                0x00000000       0x1d c:/program files (x86)/atollic/truestudio for stm32 9.3.0/armtools/bin/../lib/gcc/arm-atollic-eabi/6.3.1/armv7-m/crti.o
 .ARM.attributes
                0x0000001d       0x2d c:/program files (x86)/atollic/truestudio for stm32 9.3.0/armtools/bin/../lib/gcc/arm-atollic-eabi/6.3.1/armv7-m/crtbegin.o
 .ARM.attributes
                0x0000004a       0x33 src\i2c\i2c_functions.o
 .ARM.attributes
                0x0000007d       0x33 src\i2c\i2c_init.o
 .ARM.attributes
                0x000000b0       0x33 src\i2c\i2c_read_data.o
 .ARM.attributes
                0x000000e3       0x33 src\i2c\i2c_write_cmd.o
 .ARM.attributes
                0x00000116       0x33 src\main.o
 .ARM.attributes
                0x00000149       0x33 src\sensor\am2302\am2302.o
 .ARM.attributes
                0x0000017c       0x33 src\sensor\bmp085\bmp085_calcu_altitude.o
 .ARM.attributes
                0x000001af       0x33 src\sensor\bmp085\bmp085_calcu_press.o
 .ARM.attributes
                0x000001e2       0x33 src\sensor\bmp085\bmp085_calcu_temp.o
 .ARM.attributes
                0x00000215       0x33 src\sensor\bmp085\bmp085_get_cal_param.o
 .ARM.attributes
                0x00000248       0x33 src\sensor\bmp085\bmp085_get_up.o
 .ARM.attributes
                0x0000027b       0x33 src\sensor\bmp085\bmp085_get_ut.o
 .ARM.attributes
                0x000002ae       0x33 src\sensor\ds1621\ds1621.o
 .ARM.attributes
                0x000002e1       0x33 src\sensor\lcd1602\lcd1602.o
 .ARM.attributes
                0x00000314       0x33 src\sensor\sgp30\sgp30.o
 .ARM.attributes
                0x00000347       0x33 src\sensor\sgp30\sgp30_function.o
 .ARM.attributes
                0x0000037a       0x21 src\startup_stm32l152xe.o
 .ARM.attributes
                0x0000039b       0x33 src\system_clock\pllclk_32MHz.o
 .ARM.attributes
                0x000003ce       0x33 src\system_stm32l1xx.o
 .ARM.attributes
                0x00000401       0x33 src\timer\1_systick.o
 .ARM.attributes
                0x00000434       0x33 src\tiny_printf.o
 .ARM.attributes
                0x00000467       0x33 src\uart2\uart2.o
 .ARM.attributes
                0x0000049a       0x2d c:/program files (x86)/atollic/truestudio for stm32 9.3.0/armtools/bin/../lib/gcc/arm-atollic-eabi/6.3.1/../../../../arm-atollic-eabi/lib/armv7-m\libc_nano.a(lib_a-init.o)
 .ARM.attributes
                0x000004c7       0x2d c:/program files (x86)/atollic/truestudio for stm32 9.3.0/armtools/bin/../lib/gcc/arm-atollic-eabi/6.3.1/../../../../arm-atollic-eabi/lib/armv7-m\libc_nano.a(lib_a-memset.o)
 .ARM.attributes
                0x000004f4       0x2d c:/program files (x86)/atollic/truestudio for stm32 9.3.0/armtools/bin/../lib/gcc/arm-atollic-eabi/6.3.1/../../../../arm-atollic-eabi/lib/armv7-m\libm.a(lib_a-w_exp.o)
 .ARM.attributes
                0x00000521       0x2d c:/program files (x86)/atollic/truestudio for stm32 9.3.0/armtools/bin/../lib/gcc/arm-atollic-eabi/6.3.1/../../../../arm-atollic-eabi/lib/armv7-m\libm.a(lib_a-w_pow.o)
 .ARM.attributes
                0x0000054e       0x2d c:/program files (x86)/atollic/truestudio for stm32 9.3.0/armtools/bin/../lib/gcc/arm-atollic-eabi/6.3.1/../../../../arm-atollic-eabi/lib/armv7-m\libm.a(lib_a-e_exp.o)
 .ARM.attributes
                0x0000057b       0x2d c:/program files (x86)/atollic/truestudio for stm32 9.3.0/armtools/bin/../lib/gcc/arm-atollic-eabi/6.3.1/../../../../arm-atollic-eabi/lib/armv7-m\libm.a(lib_a-e_pow.o)
 .ARM.attributes
                0x000005a8       0x2d c:/program files (x86)/atollic/truestudio for stm32 9.3.0/armtools/bin/../lib/gcc/arm-atollic-eabi/6.3.1/../../../../arm-atollic-eabi/lib/armv7-m\libm.a(lib_a-e_sqrt.o)
 .ARM.attributes
                0x000005d5       0x2d c:/program files (x86)/atollic/truestudio for stm32 9.3.0/armtools/bin/../lib/gcc/arm-atollic-eabi/6.3.1/../../../../arm-atollic-eabi/lib/armv7-m\libm.a(lib_a-s_fabs.o)
 .ARM.attributes
                0x00000602       0x2d c:/program files (x86)/atollic/truestudio for stm32 9.3.0/armtools/bin/../lib/gcc/arm-atollic-eabi/6.3.1/../../../../arm-atollic-eabi/lib/armv7-m\libm.a(lib_a-s_finite.o)
 .ARM.attributes
                0x0000062f       0x2d c:/program files (x86)/atollic/truestudio for stm32 9.3.0/armtools/bin/../lib/gcc/arm-atollic-eabi/6.3.1/../../../../arm-atollic-eabi/lib/armv7-m\libm.a(lib_a-s_lib_ver.o)
 .ARM.attributes
                0x0000065c       0x2d c:/program files (x86)/atollic/truestudio for stm32 9.3.0/armtools/bin/../lib/gcc/arm-atollic-eabi/6.3.1/../../../../arm-atollic-eabi/lib/armv7-m\libm.a(lib_a-s_matherr.o)
 .ARM.attributes
                0x00000689       0x2d c:/program files (x86)/atollic/truestudio for stm32 9.3.0/armtools/bin/../lib/gcc/arm-atollic-eabi/6.3.1/../../../../arm-atollic-eabi/lib/armv7-m\libm.a(lib_a-s_nan.o)
 .ARM.attributes
                0x000006b6       0x2d c:/program files (x86)/atollic/truestudio for stm32 9.3.0/armtools/bin/../lib/gcc/arm-atollic-eabi/6.3.1/../../../../arm-atollic-eabi/lib/armv7-m\libm.a(lib_a-s_rint.o)
 .ARM.attributes
                0x000006e3       0x2d c:/program files (x86)/atollic/truestudio for stm32 9.3.0/armtools/bin/../lib/gcc/arm-atollic-eabi/6.3.1/../../../../arm-atollic-eabi/lib/armv7-m\libm.a(lib_a-s_scalbn.o)
 .ARM.attributes
                0x00000710       0x2d c:/program files (x86)/atollic/truestudio for stm32 9.3.0/armtools/bin/../lib/gcc/arm-atollic-eabi/6.3.1/../../../../arm-atollic-eabi/lib/armv7-m\libm.a(lib_a-s_copysign.o)
 .ARM.attributes
                0x0000073d       0x2d c:/program files (x86)/atollic/truestudio for stm32 9.3.0/armtools/bin/../lib/gcc/arm-atollic-eabi/6.3.1/../../../../arm-atollic-eabi/lib/armv7-m\libc_nano.a(lib_a-errno.o)
 .ARM.attributes
                0x0000076a       0x2d c:/program files (x86)/atollic/truestudio for stm32 9.3.0/armtools/bin/../lib/gcc/arm-atollic-eabi/6.3.1/../../../../arm-atollic-eabi/lib/armv7-m\libc_nano.a(lib_a-impure.o)
 .ARM.attributes
                0x00000797       0x1d c:/program files (x86)/atollic/truestudio for stm32 9.3.0/armtools/bin/../lib/gcc/arm-atollic-eabi/6.3.1/armv7-m\libgcc.a(_arm_addsubdf3.o)
 .ARM.attributes
                0x000007b4       0x1d c:/program files (x86)/atollic/truestudio for stm32 9.3.0/armtools/bin/../lib/gcc/arm-atollic-eabi/6.3.1/armv7-m\libgcc.a(_arm_muldivdf3.o)
 .ARM.attributes
                0x000007d1       0x1d c:/program files (x86)/atollic/truestudio for stm32 9.3.0/armtools/bin/../lib/gcc/arm-atollic-eabi/6.3.1/armv7-m\libgcc.a(_arm_cmpdf2.o)
 .ARM.attributes
                0x000007ee       0x1d c:/program files (x86)/atollic/truestudio for stm32 9.3.0/armtools/bin/../lib/gcc/arm-atollic-eabi/6.3.1/armv7-m\libgcc.a(_arm_unorddf2.o)
 .ARM.attributes
                0x0000080b       0x1d c:/program files (x86)/atollic/truestudio for stm32 9.3.0/armtools/bin/../lib/gcc/arm-atollic-eabi/6.3.1/armv7-m\libgcc.a(_arm_fixdfsi.o)
 .ARM.attributes
                0x00000828       0x1d c:/program files (x86)/atollic/truestudio for stm32 9.3.0/armtools/bin/../lib/gcc/arm-atollic-eabi/6.3.1/armv7-m\libgcc.a(_arm_truncdfsf2.o)
 .ARM.attributes
                0x00000845       0x1d c:/program files (x86)/atollic/truestudio for stm32 9.3.0/armtools/bin/../lib/gcc/arm-atollic-eabi/6.3.1/armv7-m\libgcc.a(_arm_muldivsf3.o)
 .ARM.attributes
                0x00000862       0x1d c:/program files (x86)/atollic/truestudio for stm32 9.3.0/armtools/bin/../lib/gcc/arm-atollic-eabi/6.3.1/armv7-m\libgcc.a(_arm_fixsfsi.o)
 .ARM.attributes
                0x0000087f       0x1d c:/program files (x86)/atollic/truestudio for stm32 9.3.0/armtools/bin/../lib/gcc/arm-atollic-eabi/6.3.1/armv7-m/crtn.o
OUTPUT(l152re_I2C_Serial.elf elf32-littlearm)

.debug_info     0x00000000     0xe812
 .debug_info    0x00000000      0xbdc src\i2c\i2c_functions.o
 .debug_info    0x00000bdc      0xc1f src\i2c\i2c_init.o
 .debug_info    0x000017fb      0xadd src\i2c\i2c_read_data.o
 .debug_info    0x000022d8      0xa46 src\i2c\i2c_write_cmd.o
 .debug_info    0x00002d1e      0xd93 src\main.o
 .debug_info    0x00003ab1      0xcbe src\sensor\am2302\am2302.o
 .debug_info    0x0000476f      0xa44 src\sensor\bmp085\bmp085_calcu_altitude.o
 .debug_info    0x000051b3      0xb21 src\sensor\bmp085\bmp085_calcu_press.o
 .debug_info    0x00005cd4      0xaf8 src\sensor\bmp085\bmp085_calcu_temp.o
 .debug_info    0x000067cc      0xb63 src\sensor\bmp085\bmp085_get_cal_param.o
 .debug_info    0x0000732f      0xa5b src\sensor\bmp085\bmp085_get_up.o
 .debug_info    0x00007d8a      0xa46 src\sensor\bmp085\bmp085_get_ut.o
 .debug_info    0x000087d0      0xb2c src\sensor\ds1621\ds1621.o
 .debug_info    0x000092fc      0xc7e src\sensor\lcd1602\lcd1602.o
 .debug_info    0x00009f7a      0xaf7 src\sensor\sgp30\sgp30.o
 .debug_info    0x0000aa71      0xa09 src\sensor\sgp30\sgp30_function.o
 .debug_info    0x0000b47a       0x79 src\startup_stm32l152xe.o
 .debug_info    0x0000b4f3      0xb80 src\system_clock\pllclk_32MHz.o
 .debug_info    0x0000c073      0x44b src\system_stm32l1xx.o
 .debug_info    0x0000c4be      0xa57 src\timer\1_systick.o
 .debug_info    0x0000cf15      0xc78 src\tiny_printf.o
 .debug_info    0x0000db8d      0xc85 src\uart2\uart2.o

.debug_abbrev   0x00000000     0x2828
 .debug_abbrev  0x00000000      0x257 src\i2c\i2c_functions.o
 .debug_abbrev  0x00000257      0x1b7 src\i2c\i2c_init.o
 .debug_abbrev  0x0000040e      0x1f1 src\i2c\i2c_read_data.o
 .debug_abbrev  0x000005ff      0x1cc src\i2c\i2c_write_cmd.o
 .debug_abbrev  0x000007cb      0x219 src\main.o
 .debug_abbrev  0x000009e4      0x1ef src\sensor\am2302\am2302.o
 .debug_abbrev  0x00000bd3      0x1cc src\sensor\bmp085\bmp085_calcu_altitude.o
 .debug_abbrev  0x00000d9f      0x1bd src\sensor\bmp085\bmp085_calcu_press.o
 .debug_abbrev  0x00000f5c      0x1e6 src\sensor\bmp085\bmp085_calcu_temp.o
 .debug_abbrev  0x00001142      0x1f5 src\sensor\bmp085\bmp085_get_cal_param.o
 .debug_abbrev  0x00001337      0x1e2 src\sensor\bmp085\bmp085_get_up.o
 .debug_abbrev  0x00001519      0x1d1 src\sensor\bmp085\bmp085_get_ut.o
 .debug_abbrev  0x000016ea      0x214 src\sensor\ds1621\ds1621.o
 .debug_abbrev  0x000018fe      0x207 src\sensor\lcd1602\lcd1602.o
 .debug_abbrev  0x00001b05      0x202 src\sensor\sgp30\sgp30.o
 .debug_abbrev  0x00001d07      0x1c6 src\sensor\sgp30\sgp30_function.o
 .debug_abbrev  0x00001ecd       0x12 src\startup_stm32l152xe.o
 .debug_abbrev  0x00001edf      0x1b7 src\system_clock\pllclk_32MHz.o
 .debug_abbrev  0x00002096      0x10e src\system_stm32l1xx.o
 .debug_abbrev  0x000021a4      0x1e9 src\timer\1_systick.o
 .debug_abbrev  0x0000238d      0x262 src\tiny_printf.o
 .debug_abbrev  0x000025ef      0x239 src\uart2\uart2.o

.debug_aranges  0x00000000      0x450
 .debug_aranges
                0x00000000       0x80 src\i2c\i2c_functions.o
 .debug_aranges
                0x00000080       0x28 src\i2c\i2c_init.o
 .debug_aranges
                0x000000a8       0x20 src\i2c\i2c_read_data.o
 .debug_aranges
                0x000000c8       0x20 src\i2c\i2c_write_cmd.o
 .debug_aranges
                0x000000e8       0x30 src\main.o
 .debug_aranges
                0x00000118       0x30 src\sensor\am2302\am2302.o
 .debug_aranges
                0x00000148       0x20 src\sensor\bmp085\bmp085_calcu_altitude.o
 .debug_aranges
                0x00000168       0x20 src\sensor\bmp085\bmp085_calcu_press.o
 .debug_aranges
                0x00000188       0x28 src\sensor\bmp085\bmp085_calcu_temp.o
 .debug_aranges
                0x000001b0       0x30 src\sensor\bmp085\bmp085_get_cal_param.o
 .debug_aranges
                0x000001e0       0x20 src\sensor\bmp085\bmp085_get_up.o
 .debug_aranges
                0x00000200       0x20 src\sensor\bmp085\bmp085_get_ut.o
 .debug_aranges
                0x00000220       0x38 src\sensor\ds1621\ds1621.o
 .debug_aranges
                0x00000258       0x68 src\sensor\lcd1602\lcd1602.o
 .debug_aranges
                0x000002c0       0x30 src\sensor\sgp30\sgp30.o
 .debug_aranges
                0x000002f0       0x20 src\sensor\sgp30\sgp30_function.o
 .debug_aranges
                0x00000310       0x28 src\startup_stm32l152xe.o
 .debug_aranges
                0x00000338       0x20 src\system_clock\pllclk_32MHz.o
 .debug_aranges
                0x00000358       0x28 src\system_stm32l1xx.o
 .debug_aranges
                0x00000380       0x28 src\timer\1_systick.o
 .debug_aranges
                0x000003a8       0x60 src\tiny_printf.o
 .debug_aranges
                0x00000408       0x48 src\uart2\uart2.o

.debug_ranges   0x00000000      0x2f8
 .debug_ranges  0x00000000       0x70 src\i2c\i2c_functions.o
 .debug_ranges  0x00000070       0x18 src\i2c\i2c_init.o
 .debug_ranges  0x00000088       0x10 src\i2c\i2c_read_data.o
 .debug_ranges  0x00000098       0x10 src\i2c\i2c_write_cmd.o
 .debug_ranges  0x000000a8       0x20 src\main.o
 .debug_ranges  0x000000c8       0x20 src\sensor\am2302\am2302.o
 .debug_ranges  0x000000e8       0x10 src\sensor\bmp085\bmp085_calcu_altitude.o
 .debug_ranges  0x000000f8       0x10 src\sensor\bmp085\bmp085_calcu_press.o
 .debug_ranges  0x00000108       0x18 src\sensor\bmp085\bmp085_calcu_temp.o
 .debug_ranges  0x00000120       0x20 src\sensor\bmp085\bmp085_get_cal_param.o
 .debug_ranges  0x00000140       0x10 src\sensor\bmp085\bmp085_get_up.o
 .debug_ranges  0x00000150       0x10 src\sensor\bmp085\bmp085_get_ut.o
 .debug_ranges  0x00000160       0x28 src\sensor\ds1621\ds1621.o
 .debug_ranges  0x00000188       0x58 src\sensor\lcd1602\lcd1602.o
 .debug_ranges  0x000001e0       0x20 src\sensor\sgp30\sgp30.o
 .debug_ranges  0x00000200       0x10 src\sensor\sgp30\sgp30_function.o
 .debug_ranges  0x00000210       0x20 src\startup_stm32l152xe.o
 .debug_ranges  0x00000230       0x10 src\system_clock\pllclk_32MHz.o
 .debug_ranges  0x00000240       0x18 src\system_stm32l1xx.o
 .debug_ranges  0x00000258       0x18 src\timer\1_systick.o
 .debug_ranges  0x00000270       0x50 src\tiny_printf.o
 .debug_ranges  0x000002c0       0x38 src\uart2\uart2.o

.debug_line     0x00000000     0x401c
 .debug_line    0x00000000      0x400 src\i2c\i2c_functions.o
 .debug_line    0x00000400      0x2e5 src\i2c\i2c_init.o
 .debug_line    0x000006e5      0x2ed src\i2c\i2c_read_data.o
 .debug_line    0x000009d2      0x2c5 src\i2c\i2c_write_cmd.o
 .debug_line    0x00000c97      0x439 src\main.o
 .debug_line    0x000010d0      0x3b6 src\sensor\am2302\am2302.o
 .debug_line    0x00001486      0x2b5 src\sensor\bmp085\bmp085_calcu_altitude.o
 .debug_line    0x0000173b      0x2c3 src\sensor\bmp085\bmp085_calcu_press.o
 .debug_line    0x000019fe      0x2c5 src\sensor\bmp085\bmp085_calcu_temp.o
 .debug_line    0x00001cc3      0x303 src\sensor\bmp085\bmp085_get_cal_param.o
 .debug_line    0x00001fc6      0x2ce src\sensor\bmp085\bmp085_get_up.o
 .debug_line    0x00002294      0x2c7 src\sensor\bmp085\bmp085_get_ut.o
 .debug_line    0x0000255b      0x346 src\sensor\ds1621\ds1621.o
 .debug_line    0x000028a1      0x3cf src\sensor\lcd1602\lcd1602.o
 .debug_line    0x00002c70      0x2f8 src\sensor\sgp30\sgp30.o
 .debug_line    0x00002f68      0x2ce src\sensor\sgp30\sgp30_function.o
 .debug_line    0x00003236       0x79 src\startup_stm32l152xe.o
 .debug_line    0x000032af      0x2e5 src\system_clock\pllclk_32MHz.o
 .debug_line    0x00003594      0x1df src\system_stm32l1xx.o
 .debug_line    0x00003773      0x2d5 src\timer\1_systick.o
 .debug_line    0x00003a48      0x2bf src\tiny_printf.o
 .debug_line    0x00003d07      0x315 src\uart2\uart2.o

.debug_str      0x00000000     0x1008
 .debug_str     0x00000000      0x771 src\i2c\i2c_functions.o
                                0x819 (size before relaxing)
 .debug_str     0x00000771       0xc6 src\i2c\i2c_init.o
                                0x7f9 (size before relaxing)
 .debug_str     0x00000837       0x2a src\i2c\i2c_read_data.o
                                0x767 (size before relaxing)
 .debug_str     0x00000861       0x33 src\i2c\i2c_write_cmd.o
                                0x74f (size before relaxing)
 .debug_str     0x00000894       0xa0 src\main.o
                                0x875 (size before relaxing)
 .debug_str     0x00000934       0x69 src\sensor\am2302\am2302.o
                                0x843 (size before relaxing)
 .debug_str     0x0000099d       0x56 src\sensor\bmp085\bmp085_calcu_altitude.o
                                0x6da (size before relaxing)
 .debug_str     0x000009f3       0x44 src\sensor\bmp085\bmp085_calcu_press.o
                                0x6fe (size before relaxing)
 .debug_str     0x00000a37       0x5a src\sensor\bmp085\bmp085_calcu_temp.o
                                0x719 (size before relaxing)
 .debug_str     0x00000a91       0x5f src\sensor\bmp085\bmp085_get_cal_param.o
                                0x7ba (size before relaxing)
 .debug_str     0x00000af0       0x33 src\sensor\bmp085\bmp085_get_up.o
                                0x74f (size before relaxing)
 .debug_str     0x00000b23       0x33 src\sensor\bmp085\bmp085_get_ut.o
                                0x763 (size before relaxing)
 .debug_str     0x00000b56       0x7a src\sensor\ds1621\ds1621.o
                                0x7b2 (size before relaxing)
 .debug_str     0x00000bd0       0xe8 src\sensor\lcd1602\lcd1602.o
                                0x78a (size before relaxing)
 .debug_str     0x00000cb8       0x42 src\sensor\sgp30\sgp30.o
                                0x78c (size before relaxing)
 .debug_str     0x00000cfa       0x2f src\sensor\sgp30\sgp30_function.o
                                0x6b5 (size before relaxing)
 .debug_str     0x00000d29       0x92 src\system_clock\pllclk_32MHz.o
                                0x772 (size before relaxing)
 .debug_str     0x00000dbb       0xba src\system_stm32l1xx.o
                                0x305 (size before relaxing)
 .debug_str     0x00000e75       0x5a src\timer\1_systick.o
                                0x6d5 (size before relaxing)
 .debug_str     0x00000ecf       0xa0 src\tiny_printf.o
                                0x667 (size before relaxing)
 .debug_str     0x00000f6f       0x99 src\uart2\uart2.o
                                0x7bf (size before relaxing)

.comment        0x00000000       0x7c
 .comment       0x00000000       0x7c src\i2c\i2c_functions.o
                                 0x7d (size before relaxing)
 .comment       0x0000007c       0x7d src\i2c\i2c_init.o
 .comment       0x0000007c       0x7d src\i2c\i2c_read_data.o
 .comment       0x0000007c       0x7d src\i2c\i2c_write_cmd.o
 .comment       0x0000007c       0x7d src\main.o
 .comment       0x0000007c       0x7d src\sensor\am2302\am2302.o
 .comment       0x0000007c       0x7d src\sensor\bmp085\bmp085_calcu_altitude.o
 .comment       0x0000007c       0x7d src\sensor\bmp085\bmp085_calcu_press.o
 .comment       0x0000007c       0x7d src\sensor\bmp085\bmp085_calcu_temp.o
 .comment       0x0000007c       0x7d src\sensor\bmp085\bmp085_get_cal_param.o
 .comment       0x0000007c       0x7d src\sensor\bmp085\bmp085_get_up.o
 .comment       0x0000007c       0x7d src\sensor\bmp085\bmp085_get_ut.o
 .comment       0x0000007c       0x7d src\sensor\ds1621\ds1621.o
 .comment       0x0000007c       0x7d src\sensor\lcd1602\lcd1602.o
 .comment       0x0000007c       0x7d src\sensor\sgp30\sgp30.o
 .comment       0x0000007c       0x7d src\sensor\sgp30\sgp30_function.o
 .comment       0x0000007c       0x7d src\system_clock\pllclk_32MHz.o
 .comment       0x0000007c       0x7d src\system_stm32l1xx.o
 .comment       0x0000007c       0x7d src\timer\1_systick.o
 .comment       0x0000007c       0x7d src\tiny_printf.o
 .comment       0x0000007c       0x7d src\uart2\uart2.o

.debug_frame    0x00000000     0x10b8
 .debug_frame   0x00000000      0x1c8 src\i2c\i2c_functions.o
 .debug_frame   0x000001c8       0x50 src\i2c\i2c_init.o
 .debug_frame   0x00000218       0x34 src\i2c\i2c_read_data.o
 .debug_frame   0x0000024c       0x34 src\i2c\i2c_write_cmd.o
 .debug_frame   0x00000280       0x74 src\main.o
 .debug_frame   0x000002f4       0x88 src\sensor\am2302\am2302.o
 .debug_frame   0x0000037c       0x38 src\sensor\bmp085\bmp085_calcu_altitude.o
 .debug_frame   0x000003b4       0x34 src\sensor\bmp085\bmp085_calcu_press.o
 .debug_frame   0x000003e8       0x5c src\sensor\bmp085\bmp085_calcu_temp.o
 .debug_frame   0x00000444       0x7c src\sensor\bmp085\bmp085_get_cal_param.o
 .debug_frame   0x000004c0       0x34 src\sensor\bmp085\bmp085_get_up.o
 .debug_frame   0x000004f4       0x34 src\sensor\bmp085\bmp085_get_ut.o
 .debug_frame   0x00000528       0xa0 src\sensor\ds1621\ds1621.o
 .debug_frame   0x000005c8      0x168 src\sensor\lcd1602\lcd1602.o
 .debug_frame   0x00000730       0x84 src\sensor\sgp30\sgp30.o
 .debug_frame   0x000007b4       0x38 src\sensor\sgp30\sgp30_function.o
 .debug_frame   0x000007ec       0x34 src\system_clock\pllclk_32MHz.o
 .debug_frame   0x00000820       0x58 src\system_stm32l1xx.o
 .debug_frame   0x00000878       0x60 src\timer\1_systick.o
 .debug_frame   0x000008d8      0x1bc src\tiny_printf.o
 .debug_frame   0x00000a94       0xe4 src\uart2\uart2.o
 .debug_frame   0x00000b78       0x2c c:/program files (x86)/atollic/truestudio for stm32 9.3.0/armtools/bin/../lib/gcc/arm-atollic-eabi/6.3.1/../../../../arm-atollic-eabi/lib/armv7-m\libc_nano.a(lib_a-init.o)
 .debug_frame   0x00000ba4       0x20 c:/program files (x86)/atollic/truestudio for stm32 9.3.0/armtools/bin/../lib/gcc/arm-atollic-eabi/6.3.1/../../../../arm-atollic-eabi/lib/armv7-m\libc_nano.a(lib_a-memset.o)
 .debug_frame   0x00000bc4       0x3c c:/program files (x86)/atollic/truestudio for stm32 9.3.0/armtools/bin/../lib/gcc/arm-atollic-eabi/6.3.1/../../../../arm-atollic-eabi/lib/armv7-m\libm.a(lib_a-w_exp.o)
 .debug_frame   0x00000c00       0x40 c:/program files (x86)/atollic/truestudio for stm32 9.3.0/armtools/bin/../lib/gcc/arm-atollic-eabi/6.3.1/../../../../arm-atollic-eabi/lib/armv7-m\libm.a(lib_a-w_pow.o)
 .debug_frame   0x00000c40       0x3c c:/program files (x86)/atollic/truestudio for stm32 9.3.0/armtools/bin/../lib/gcc/arm-atollic-eabi/6.3.1/../../../../arm-atollic-eabi/lib/armv7-m\libm.a(lib_a-e_exp.o)
 .debug_frame   0x00000c7c       0x64 c:/program files (x86)/atollic/truestudio for stm32 9.3.0/armtools/bin/../lib/gcc/arm-atollic-eabi/6.3.1/../../../../arm-atollic-eabi/lib/armv7-m\libm.a(lib_a-e_pow.o)
 .debug_frame   0x00000ce0       0x30 c:/program files (x86)/atollic/truestudio for stm32 9.3.0/armtools/bin/../lib/gcc/arm-atollic-eabi/6.3.1/../../../../arm-atollic-eabi/lib/armv7-m\libm.a(lib_a-e_sqrt.o)
 .debug_frame   0x00000d10       0x20 c:/program files (x86)/atollic/truestudio for stm32 9.3.0/armtools/bin/../lib/gcc/arm-atollic-eabi/6.3.1/../../../../arm-atollic-eabi/lib/armv7-m\libm.a(lib_a-s_fabs.o)
 .debug_frame   0x00000d30       0x20 c:/program files (x86)/atollic/truestudio for stm32 9.3.0/armtools/bin/../lib/gcc/arm-atollic-eabi/6.3.1/../../../../arm-atollic-eabi/lib/armv7-m\libm.a(lib_a-s_finite.o)
 .debug_frame   0x00000d50       0x20 c:/program files (x86)/atollic/truestudio for stm32 9.3.0/armtools/bin/../lib/gcc/arm-atollic-eabi/6.3.1/../../../../arm-atollic-eabi/lib/armv7-m\libm.a(lib_a-s_matherr.o)
 .debug_frame   0x00000d70       0x20 c:/program files (x86)/atollic/truestudio for stm32 9.3.0/armtools/bin/../lib/gcc/arm-atollic-eabi/6.3.1/../../../../arm-atollic-eabi/lib/armv7-m\libm.a(lib_a-s_nan.o)
 .debug_frame   0x00000d90       0x34 c:/program files (x86)/atollic/truestudio for stm32 9.3.0/armtools/bin/../lib/gcc/arm-atollic-eabi/6.3.1/../../../../arm-atollic-eabi/lib/armv7-m\libm.a(lib_a-s_rint.o)
 .debug_frame   0x00000dc4       0x30 c:/program files (x86)/atollic/truestudio for stm32 9.3.0/armtools/bin/../lib/gcc/arm-atollic-eabi/6.3.1/../../../../arm-atollic-eabi/lib/armv7-m\libm.a(lib_a-s_scalbn.o)
 .debug_frame   0x00000df4       0x20 c:/program files (x86)/atollic/truestudio for stm32 9.3.0/armtools/bin/../lib/gcc/arm-atollic-eabi/6.3.1/../../../../arm-atollic-eabi/lib/armv7-m\libm.a(lib_a-s_copysign.o)
 .debug_frame   0x00000e14       0x20 c:/program files (x86)/atollic/truestudio for stm32 9.3.0/armtools/bin/../lib/gcc/arm-atollic-eabi/6.3.1/../../../../arm-atollic-eabi/lib/armv7-m\libc_nano.a(lib_a-errno.o)
 .debug_frame   0x00000e34       0xac c:/program files (x86)/atollic/truestudio for stm32 9.3.0/armtools/bin/../lib/gcc/arm-atollic-eabi/6.3.1/armv7-m\libgcc.a(_arm_addsubdf3.o)
 .debug_frame   0x00000ee0       0x50 c:/program files (x86)/atollic/truestudio for stm32 9.3.0/armtools/bin/../lib/gcc/arm-atollic-eabi/6.3.1/armv7-m\libgcc.a(_arm_muldivdf3.o)
 .debug_frame   0x00000f30       0xc4 c:/program files (x86)/atollic/truestudio for stm32 9.3.0/armtools/bin/../lib/gcc/arm-atollic-eabi/6.3.1/armv7-m\libgcc.a(_arm_cmpdf2.o)
 .debug_frame   0x00000ff4       0x20 c:/program files (x86)/atollic/truestudio for stm32 9.3.0/armtools/bin/../lib/gcc/arm-atollic-eabi/6.3.1/armv7-m\libgcc.a(_arm_unorddf2.o)
 .debug_frame   0x00001014       0x24 c:/program files (x86)/atollic/truestudio for stm32 9.3.0/armtools/bin/../lib/gcc/arm-atollic-eabi/6.3.1/armv7-m\libgcc.a(_arm_fixdfsi.o)
 .debug_frame   0x00001038       0x24 c:/program files (x86)/atollic/truestudio for stm32 9.3.0/armtools/bin/../lib/gcc/arm-atollic-eabi/6.3.1/armv7-m\libgcc.a(_arm_truncdfsf2.o)
 .debug_frame   0x0000105c       0x38 c:/program files (x86)/atollic/truestudio for stm32 9.3.0/armtools/bin/../lib/gcc/arm-atollic-eabi/6.3.1/armv7-m\libgcc.a(_arm_muldivsf3.o)
 .debug_frame   0x00001094       0x24 c:/program files (x86)/atollic/truestudio for stm32 9.3.0/armtools/bin/../lib/gcc/arm-atollic-eabi/6.3.1/armv7-m\libgcc.a(_arm_fixsfsi.o)

.stabstr        0x00000000       0x3f
 .stabstr       0x00000000       0x3f c:/program files (x86)/atollic/truestudio for stm32 9.3.0/armtools/bin/../lib/gcc/arm-atollic-eabi/6.3.1/../../../../arm-atollic-eabi/lib/armv7-m\libnosys.a(write.o)

Cross Reference Table

Symbol                                            File
ADC1_IRQHandler                                   src\startup_stm32l152xe.o
AHBPrescTable                                     src\system_stm32l1xx.o
AM2302_Read_Data                                  src\sensor\am2302\am2302.o
                                                  src\main.o
APBPrescTable                                     src\system_stm32l1xx.o
BusFault_Handler                                  src\startup_stm32l152xe.o
COMP_ACQ_IRQHandler                               src\startup_stm32l152xe.o
COMP_IRQHandler                                   src\startup_stm32l152xe.o
DAC_IRQHandler                                    src\startup_stm32l152xe.o
DMA1_Channel1_IRQHandler                          src\startup_stm32l152xe.o
DMA1_Channel2_IRQHandler                          src\startup_stm32l152xe.o
DMA1_Channel3_IRQHandler                          src\startup_stm32l152xe.o
DMA1_Channel4_IRQHandler                          src\startup_stm32l152xe.o
DMA1_Channel5_IRQHandler                          src\startup_stm32l152xe.o
DMA1_Channel6_IRQHandler                          src\startup_stm32l152xe.o
DMA1_Channel7_IRQHandler                          src\startup_stm32l152xe.o
DMA2_Channel1_IRQHandler                          src\startup_stm32l152xe.o
DMA2_Channel2_IRQHandler                          src\startup_stm32l152xe.o
DMA2_Channel3_IRQHandler                          src\startup_stm32l152xe.o
DMA2_Channel4_IRQHandler                          src\startup_stm32l152xe.o
DMA2_Channel5_IRQHandler                          src\startup_stm32l152xe.o
DebugMon_Handler                                  src\startup_stm32l152xe.o
Default_Handler                                   src\startup_stm32l152xe.o
DisplayOnLCD                                      src\sensor\lcd1602\lcd1602.o
EXTI0_IRQHandler                                  src\startup_stm32l152xe.o
EXTI15_10_IRQHandler                              src\startup_stm32l152xe.o
EXTI1_IRQHandler                                  src\startup_stm32l152xe.o
EXTI2_IRQHandler                                  src\startup_stm32l152xe.o
EXTI3_IRQHandler                                  src\startup_stm32l152xe.o
EXTI4_IRQHandler                                  src\startup_stm32l152xe.o
EXTI9_5_IRQHandler                                src\startup_stm32l152xe.o
FLASH_IRQHandler                                  src\startup_stm32l152xe.o
HardFault_Handler                                 src\startup_stm32l152xe.o
I2C1_Bus_Test                                     src\i2c\i2c_functions.o
                                                  src\sensor\sgp30\sgp30.o
                                                  src\sensor\lcd1602\lcd1602.o
I2C1_ER_IRQHandler                                src\startup_stm32l152xe.o
I2C1_EV_IRQHandler                                src\startup_stm32l152xe.o
I2C1_GPIO_Init                                    src\i2c\i2c_init.o
                                                  src\main.o
I2C1_Init                                         src\i2c\i2c_init.o
                                                  src\main.o
I2C1_Write_LCD                                    src\sensor\lcd1602\lcd1602.o
I2C2_ER_IRQHandler                                src\startup_stm32l152xe.o
I2C2_EV_IRQHandler                                src\startup_stm32l152xe.o
I2C_Check_ACK_Failure                             src\i2c\i2c_functions.o
I2C_Check_Overrun                                 src\i2c\i2c_functions.o
I2C_Clear_AddrFlag                                src\i2c\i2c_functions.o
                                                  src\sensor\lcd1602\lcd1602.o
                                                  src\sensor\ds1621\ds1621.o
                                                  src\i2c\i2c_write_cmd.o
                                                  src\i2c\i2c_read_data.o
I2C_DI_ACK                                        src\i2c\i2c_functions.o
                                                  src\sensor\lcd1602\lcd1602.o
                                                  src\sensor\ds1621\ds1621.o
                                                  src\i2c\i2c_read_data.o
I2C_EN_ACK                                        src\i2c\i2c_functions.o
                                                  src\sensor\ds1621\ds1621.o
                                                  src\i2c\i2c_read_data.o
I2C_POS_Read                                      src\i2c\i2c_functions.o
I2C_Read_Data                                     src\i2c\i2c_functions.o
I2C_Read_nData                                    src\i2c\i2c_read_data.o
                                                  src\sensor\sgp30\sgp30.o
                                                  src\sensor\bmp085\bmp085_get_ut.o
                                                  src\sensor\bmp085\bmp085_get_up.o
                                                  src\sensor\bmp085\bmp085_get_cal_param.o
I2C_Start                                         src\i2c\i2c_functions.o
                                                  src\sensor\lcd1602\lcd1602.o
                                                  src\sensor\ds1621\ds1621.o
                                                  src\i2c\i2c_write_cmd.o
                                                  src\i2c\i2c_read_data.o
I2C_StopRead                                      src\i2c\i2c_functions.o
                                                  src\sensor\ds1621\ds1621.o
                                                  src\i2c\i2c_read_data.o
I2C_StopWrite                                     src\i2c\i2c_functions.o
                                                  src\sensor\sgp30\sgp30.o
                                                  src\sensor\lcd1602\lcd1602.o
                                                  src\sensor\ds1621\ds1621.o
                                                  src\i2c\i2c_write_cmd.o
I2C_WriteData                                     src\i2c\i2c_functions.o
                                                  src\sensor\sgp30\sgp30.o
                                                  src\sensor\ds1621\ds1621.o
                                                  src\i2c\i2c_write_cmd.o
I2C_Write_Addr                                    src\i2c\i2c_functions.o
                                                  src\sensor\lcd1602\lcd1602.o
                                                  src\sensor\ds1621\ds1621.o
                                                  src\i2c\i2c_write_cmd.o
                                                  src\i2c\i2c_read_data.o
I2C_Write_Cmd                                     src\i2c\i2c_write_cmd.o
                                                  src\sensor\sgp30\sgp30.o
                                                  src\sensor\bmp085\bmp085_get_ut.o
                                                  src\sensor\bmp085\bmp085_get_up.o
                                                  src\sensor\bmp085\bmp085_get_cal_param.o
I2C_Write_nData                                   src\i2c\i2c_write_data.o
Initial                                           src\main.o
LCD_ClearAll                                      src\sensor\lcd1602\lcd1602.o
                                                  src\main.o
LCD_ClearFromPos                                  src\sensor\lcd1602\lcd1602.o
LCD_GoToXY                                        src\sensor\lcd1602\lcd1602.o
                                                  src\main.o
LCD_I2C1_Write                                    src\sensor\lcd1602\lcd1602.o
LCD_IRQHandler                                    src\startup_stm32l152xe.o
LCD_Init                                          src\sensor\lcd1602\lcd1602.o
                                                  src\main.o
LCD_SendChar                                      src\sensor\lcd1602\lcd1602.o
LCD_SendCommand                                   src\sensor\lcd1602\lcd1602.o
LCD_SendString                                    src\sensor\lcd1602\lcd1602.o
                                                  src\main.o
LED_Toggle                                        src\main.o
MemManage_Handler                                 src\startup_stm32l152xe.o
NMI_Handler                                       src\startup_stm32l152xe.o
PLLMulTable                                       src\system_stm32l1xx.o
PVD_IRQHandler                                    src\startup_stm32l152xe.o
PendSV_Handler                                    src\startup_stm32l152xe.o
RCC_IRQHandler                                    src\startup_stm32l152xe.o
RTC_Alarm_IRQHandler                              src\startup_stm32l152xe.o
RTC_WKUP_IRQHandler                               src\startup_stm32l152xe.o
Reset_Handler                                     src\startup_stm32l152xe.o
SGP30_Init                                        src\sensor\sgp30\sgp30.o
                                                  src\main.o
SGP30_Measure                                     src\sensor\sgp30\sgp30.o
                                                  src\main.o
SGP30_SET_AH                                      src\sensor\sgp30\sgp30.o
                                                  src\main.o
SPI1_IRQHandler                                   src\startup_stm32l152xe.o
SPI2_IRQHandler                                   src\startup_stm32l152xe.o
SPI3_IRQHandler                                   src\startup_stm32l152xe.o
SVC_Handler                                       src\startup_stm32l152xe.o
SetSysClk                                         src\system_clock\pllclk_32MHz.o
                                                  src\main.o
SysTick_Handler                                   src\startup_stm32l152xe.o
SystemCoreClock                                   src\system_stm32l1xx.o
SystemCoreClockUpdate                             src\system_stm32l1xx.o
                                                  src\system_clock\pllclk_32MHz.o
                                                  src\main.o
SystemInit                                        src\system_stm32l1xx.o
                                                  src\startup_stm32l152xe.o
TAMPER_STAMP_IRQHandler                           src\startup_stm32l152xe.o
TIM10_IRQHandler                                  src\startup_stm32l152xe.o
TIM11_IRQHandler                                  src\startup_stm32l152xe.o
TIM2_IRQHandler                                   src\startup_stm32l152xe.o
TIM3_IRQHandler                                   src\startup_stm32l152xe.o
TIM4_IRQHandler                                   src\startup_stm32l152xe.o
TIM5_IRQHandler                                   src\startup_stm32l152xe.o
TIM6_IRQHandler                                   src\startup_stm32l152xe.o
TIM7_IRQHandler                                   src\startup_stm32l152xe.o
TIM9_IRQHandler                                   src\startup_stm32l152xe.o
UART4_IRQHandler                                  src\startup_stm32l152xe.o
UART5_IRQHandler                                  src\startup_stm32l152xe.o
USART1_IRQHandler                                 src\startup_stm32l152xe.o
USART2_IRQHandler                                 src\startup_stm32l152xe.o
USART3_IRQHandler                                 src\startup_stm32l152xe.o
USB_FS_WKUP_IRQHandler                            src\startup_stm32l152xe.o
USB_HP_IRQHandler                                 src\startup_stm32l152xe.o
USB_LP_IRQHandler                                 src\startup_stm32l152xe.o
UsageFault_Handler                                src\startup_stm32l152xe.o
WWDG_IRQHandler                                   src\startup_stm32l152xe.o
__adddf3                                          c:/program files (x86)/atollic/truestudio for stm32 9.3.0/armtools/bin/../lib/gcc/arm-atollic-eabi/6.3.1/armv7-m\libgcc.a(_arm_addsubdf3.o)
__aeabi_cdcmpeq                                   c:/program files (x86)/atollic/truestudio for stm32 9.3.0/armtools/bin/../lib/gcc/arm-atollic-eabi/6.3.1/armv7-m\libgcc.a(_arm_cmpdf2.o)
__aeabi_cdcmple                                   c:/program files (x86)/atollic/truestudio for stm32 9.3.0/armtools/bin/../lib/gcc/arm-atollic-eabi/6.3.1/armv7-m\libgcc.a(_arm_cmpdf2.o)
__aeabi_cdrcmple                                  c:/program files (x86)/atollic/truestudio for stm32 9.3.0/armtools/bin/../lib/gcc/arm-atollic-eabi/6.3.1/armv7-m\libgcc.a(_arm_cmpdf2.o)
__aeabi_d2f                                       c:/program files (x86)/atollic/truestudio for stm32 9.3.0/armtools/bin/../lib/gcc/arm-atollic-eabi/6.3.1/armv7-m\libgcc.a(_arm_truncdfsf2.o)
                                                  src\sensor\sgp30\sgp30.o
                                                  src\sensor\am2302\am2302.o
                                                  src\main.o
__aeabi_d2iz                                      c:/program files (x86)/atollic/truestudio for stm32 9.3.0/armtools/bin/../lib/gcc/arm-atollic-eabi/6.3.1/armv7-m\libgcc.a(_arm_fixdfsi.o)
                                                  c:/program files (x86)/atollic/truestudio for stm32 9.3.0/armtools/bin/../lib/gcc/arm-atollic-eabi/6.3.1/../../../../arm-atollic-eabi/lib/armv7-m\libm.a(lib_a-e_exp.o)
                                                  src\main.o
__aeabi_dadd                                      c:/program files (x86)/atollic/truestudio for stm32 9.3.0/armtools/bin/../lib/gcc/arm-atollic-eabi/6.3.1/armv7-m\libgcc.a(_arm_addsubdf3.o)
                                                  c:/program files (x86)/atollic/truestudio for stm32 9.3.0/armtools/bin/../lib/gcc/arm-atollic-eabi/6.3.1/../../../../arm-atollic-eabi/lib/armv7-m\libm.a(lib_a-s_scalbn.o)
                                                  c:/program files (x86)/atollic/truestudio for stm32 9.3.0/armtools/bin/../lib/gcc/arm-atollic-eabi/6.3.1/../../../../arm-atollic-eabi/lib/armv7-m\libm.a(lib_a-s_rint.o)
                                                  c:/program files (x86)/atollic/truestudio for stm32 9.3.0/armtools/bin/../lib/gcc/arm-atollic-eabi/6.3.1/../../../../arm-atollic-eabi/lib/armv7-m\libm.a(lib_a-e_sqrt.o)
                                                  c:/program files (x86)/atollic/truestudio for stm32 9.3.0/armtools/bin/../lib/gcc/arm-atollic-eabi/6.3.1/../../../../arm-atollic-eabi/lib/armv7-m\libm.a(lib_a-e_pow.o)
                                                  c:/program files (x86)/atollic/truestudio for stm32 9.3.0/armtools/bin/../lib/gcc/arm-atollic-eabi/6.3.1/../../../../arm-atollic-eabi/lib/armv7-m\libm.a(lib_a-e_exp.o)
                                                  src\sensor\sgp30\sgp30.o
                                                  src\main.o
__aeabi_dcmpeq                                    c:/program files (x86)/atollic/truestudio for stm32 9.3.0/armtools/bin/../lib/gcc/arm-atollic-eabi/6.3.1/armv7-m\libgcc.a(_arm_cmpdf2.o)
                                                  c:/program files (x86)/atollic/truestudio for stm32 9.3.0/armtools/bin/../lib/gcc/arm-atollic-eabi/6.3.1/../../../../arm-atollic-eabi/lib/armv7-m\libm.a(lib_a-w_pow.o)
__aeabi_dcmpge                                    c:/program files (x86)/atollic/truestudio for stm32 9.3.0/armtools/bin/../lib/gcc/arm-atollic-eabi/6.3.1/armv7-m\libgcc.a(_arm_cmpdf2.o)
__aeabi_dcmpgt                                    c:/program files (x86)/atollic/truestudio for stm32 9.3.0/armtools/bin/../lib/gcc/arm-atollic-eabi/6.3.1/armv7-m\libgcc.a(_arm_cmpdf2.o)
                                                  c:/program files (x86)/atollic/truestudio for stm32 9.3.0/armtools/bin/../lib/gcc/arm-atollic-eabi/6.3.1/../../../../arm-atollic-eabi/lib/armv7-m\libm.a(lib_a-e_pow.o)
                                                  c:/program files (x86)/atollic/truestudio for stm32 9.3.0/armtools/bin/../lib/gcc/arm-atollic-eabi/6.3.1/../../../../arm-atollic-eabi/lib/armv7-m\libm.a(lib_a-e_exp.o)
                                                  c:/program files (x86)/atollic/truestudio for stm32 9.3.0/armtools/bin/../lib/gcc/arm-atollic-eabi/6.3.1/../../../../arm-atollic-eabi/lib/armv7-m\libm.a(lib_a-w_exp.o)
__aeabi_dcmple                                    c:/program files (x86)/atollic/truestudio for stm32 9.3.0/armtools/bin/../lib/gcc/arm-atollic-eabi/6.3.1/armv7-m\libgcc.a(_arm_cmpdf2.o)
                                                  c:/program files (x86)/atollic/truestudio for stm32 9.3.0/armtools/bin/../lib/gcc/arm-atollic-eabi/6.3.1/../../../../arm-atollic-eabi/lib/armv7-m\libm.a(lib_a-e_pow.o)
__aeabi_dcmplt                                    c:/program files (x86)/atollic/truestudio for stm32 9.3.0/armtools/bin/../lib/gcc/arm-atollic-eabi/6.3.1/armv7-m\libgcc.a(_arm_cmpdf2.o)
                                                  c:/program files (x86)/atollic/truestudio for stm32 9.3.0/armtools/bin/../lib/gcc/arm-atollic-eabi/6.3.1/../../../../arm-atollic-eabi/lib/armv7-m\libm.a(lib_a-e_exp.o)
                                                  c:/program files (x86)/atollic/truestudio for stm32 9.3.0/armtools/bin/../lib/gcc/arm-atollic-eabi/6.3.1/../../../../arm-atollic-eabi/lib/armv7-m\libm.a(lib_a-w_pow.o)
                                                  c:/program files (x86)/atollic/truestudio for stm32 9.3.0/armtools/bin/../lib/gcc/arm-atollic-eabi/6.3.1/../../../../arm-atollic-eabi/lib/armv7-m\libm.a(lib_a-w_exp.o)
__aeabi_dcmpun                                    c:/program files (x86)/atollic/truestudio for stm32 9.3.0/armtools/bin/../lib/gcc/arm-atollic-eabi/6.3.1/armv7-m\libgcc.a(_arm_unorddf2.o)
                                                  c:/program files (x86)/atollic/truestudio for stm32 9.3.0/armtools/bin/../lib/gcc/arm-atollic-eabi/6.3.1/../../../../arm-atollic-eabi/lib/armv7-m\libm.a(lib_a-w_pow.o)
__aeabi_ddiv                                      c:/program files (x86)/atollic/truestudio for stm32 9.3.0/armtools/bin/../lib/gcc/arm-atollic-eabi/6.3.1/armv7-m\libgcc.a(_arm_muldivdf3.o)
                                                  c:/program files (x86)/atollic/truestudio for stm32 9.3.0/armtools/bin/../lib/gcc/arm-atollic-eabi/6.3.1/../../../../arm-atollic-eabi/lib/armv7-m\libm.a(lib_a-e_sqrt.o)
                                                  c:/program files (x86)/atollic/truestudio for stm32 9.3.0/armtools/bin/../lib/gcc/arm-atollic-eabi/6.3.1/../../../../arm-atollic-eabi/lib/armv7-m\libm.a(lib_a-e_pow.o)
                                                  c:/program files (x86)/atollic/truestudio for stm32 9.3.0/armtools/bin/../lib/gcc/arm-atollic-eabi/6.3.1/../../../../arm-atollic-eabi/lib/armv7-m\libm.a(lib_a-e_exp.o)
                                                  c:/program files (x86)/atollic/truestudio for stm32 9.3.0/armtools/bin/../lib/gcc/arm-atollic-eabi/6.3.1/../../../../arm-atollic-eabi/lib/armv7-m\libm.a(lib_a-w_pow.o)
                                                  src\sensor\sgp30\sgp30.o
                                                  src\sensor\bmp085\bmp085_calcu_altitude.o
                                                  src\sensor\am2302\am2302.o
                                                  src\main.o
__aeabi_dmul                                      c:/program files (x86)/atollic/truestudio for stm32 9.3.0/armtools/bin/../lib/gcc/arm-atollic-eabi/6.3.1/armv7-m\libgcc.a(_arm_muldivdf3.o)
                                                  c:/program files (x86)/atollic/truestudio for stm32 9.3.0/armtools/bin/../lib/gcc/arm-atollic-eabi/6.3.1/../../../../arm-atollic-eabi/lib/armv7-m\libm.a(lib_a-s_scalbn.o)
                                                  c:/program files (x86)/atollic/truestudio for stm32 9.3.0/armtools/bin/../lib/gcc/arm-atollic-eabi/6.3.1/../../../../arm-atollic-eabi/lib/armv7-m\libm.a(lib_a-e_sqrt.o)
                                                  c:/program files (x86)/atollic/truestudio for stm32 9.3.0/armtools/bin/../lib/gcc/arm-atollic-eabi/6.3.1/../../../../arm-atollic-eabi/lib/armv7-m\libm.a(lib_a-e_pow.o)
                                                  c:/program files (x86)/atollic/truestudio for stm32 9.3.0/armtools/bin/../lib/gcc/arm-atollic-eabi/6.3.1/../../../../arm-atollic-eabi/lib/armv7-m\libm.a(lib_a-e_exp.o)
                                                  c:/program files (x86)/atollic/truestudio for stm32 9.3.0/armtools/bin/../lib/gcc/arm-atollic-eabi/6.3.1/../../../../arm-atollic-eabi/lib/armv7-m\libm.a(lib_a-w_pow.o)
                                                  src\sensor\sgp30\sgp30.o
                                                  src\sensor\bmp085\bmp085_calcu_altitude.o
                                                  src\sensor\am2302\am2302.o
__aeabi_drsub                                     c:/program files (x86)/atollic/truestudio for stm32 9.3.0/armtools/bin/../lib/gcc/arm-atollic-eabi/6.3.1/armv7-m\libgcc.a(_arm_addsubdf3.o)
__aeabi_dsub                                      c:/program files (x86)/atollic/truestudio for stm32 9.3.0/armtools/bin/../lib/gcc/arm-atollic-eabi/6.3.1/armv7-m\libgcc.a(_arm_addsubdf3.o)
                                                  c:/program files (x86)/atollic/truestudio for stm32 9.3.0/armtools/bin/../lib/gcc/arm-atollic-eabi/6.3.1/../../../../arm-atollic-eabi/lib/armv7-m\libm.a(lib_a-s_rint.o)
                                                  c:/program files (x86)/atollic/truestudio for stm32 9.3.0/armtools/bin/../lib/gcc/arm-atollic-eabi/6.3.1/../../../../arm-atollic-eabi/lib/armv7-m\libm.a(lib_a-e_sqrt.o)
                                                  c:/program files (x86)/atollic/truestudio for stm32 9.3.0/armtools/bin/../lib/gcc/arm-atollic-eabi/6.3.1/../../../../arm-atollic-eabi/lib/armv7-m\libm.a(lib_a-e_pow.o)
                                                  c:/program files (x86)/atollic/truestudio for stm32 9.3.0/armtools/bin/../lib/gcc/arm-atollic-eabi/6.3.1/../../../../arm-atollic-eabi/lib/armv7-m\libm.a(lib_a-e_exp.o)
                                                  src\sensor\bmp085\bmp085_calcu_altitude.o
__aeabi_f2d                                       c:/program files (x86)/atollic/truestudio for stm32 9.3.0/armtools/bin/../lib/gcc/arm-atollic-eabi/6.3.1/armv7-m\libgcc.a(_arm_addsubdf3.o)
                                                  src\sensor\sgp30\sgp30.o
__aeabi_f2iz                                      c:/program files (x86)/atollic/truestudio for stm32 9.3.0/armtools/bin/../lib/gcc/arm-atollic-eabi/6.3.1/armv7-m\libgcc.a(_arm_fixsfsi.o)
                                                  src\main.o
__aeabi_fdiv                                      c:/program files (x86)/atollic/truestudio for stm32 9.3.0/armtools/bin/../lib/gcc/arm-atollic-eabi/6.3.1/armv7-m\libgcc.a(_arm_muldivsf3.o)
                                                  src\sensor\sgp30\sgp30.o
__aeabi_fmul                                      c:/program files (x86)/atollic/truestudio for stm32 9.3.0/armtools/bin/../lib/gcc/arm-atollic-eabi/6.3.1/armv7-m\libgcc.a(_arm_muldivsf3.o)
                                                  src\main.o
__aeabi_i2d                                       c:/program files (x86)/atollic/truestudio for stm32 9.3.0/armtools/bin/../lib/gcc/arm-atollic-eabi/6.3.1/armv7-m\libgcc.a(_arm_addsubdf3.o)
                                                  c:/program files (x86)/atollic/truestudio for stm32 9.3.0/armtools/bin/../lib/gcc/arm-atollic-eabi/6.3.1/../../../../arm-atollic-eabi/lib/armv7-m\libm.a(lib_a-e_pow.o)
                                                  c:/program files (x86)/atollic/truestudio for stm32 9.3.0/armtools/bin/../lib/gcc/arm-atollic-eabi/6.3.1/../../../../arm-atollic-eabi/lib/armv7-m\libm.a(lib_a-e_exp.o)
                                                  src\sensor\am2302\am2302.o
                                                  src\main.o
__aeabi_l2d                                       c:/program files (x86)/atollic/truestudio for stm32 9.3.0/armtools/bin/../lib/gcc/arm-atollic-eabi/6.3.1/armv7-m\libgcc.a(_arm_addsubdf3.o)
__aeabi_ui2d                                      c:/program files (x86)/atollic/truestudio for stm32 9.3.0/armtools/bin/../lib/gcc/arm-atollic-eabi/6.3.1/armv7-m\libgcc.a(_arm_addsubdf3.o)
                                                  src\sensor\bmp085\bmp085_calcu_altitude.o
__aeabi_ul2d                                      c:/program files (x86)/atollic/truestudio for stm32 9.3.0/armtools/bin/../lib/gcc/arm-atollic-eabi/6.3.1/armv7-m\libgcc.a(_arm_addsubdf3.o)
__cmpdf2                                          c:/program files (x86)/atollic/truestudio for stm32 9.3.0/armtools/bin/../lib/gcc/arm-atollic-eabi/6.3.1/armv7-m\libgcc.a(_arm_cmpdf2.o)
__deregister_frame_info                           c:/program files (x86)/atollic/truestudio for stm32 9.3.0/armtools/bin/../lib/gcc/arm-atollic-eabi/6.3.1/armv7-m/crtbegin.o
__divdf3                                          c:/program files (x86)/atollic/truestudio for stm32 9.3.0/armtools/bin/../lib/gcc/arm-atollic-eabi/6.3.1/armv7-m\libgcc.a(_arm_muldivdf3.o)
__divsf3                                          c:/program files (x86)/atollic/truestudio for stm32 9.3.0/armtools/bin/../lib/gcc/arm-atollic-eabi/6.3.1/armv7-m\libgcc.a(_arm_muldivsf3.o)
__dso_handle                                      c:/program files (x86)/atollic/truestudio for stm32 9.3.0/armtools/bin/../lib/gcc/arm-atollic-eabi/6.3.1/armv7-m/crtbegin.o
__eqdf2                                           c:/program files (x86)/atollic/truestudio for stm32 9.3.0/armtools/bin/../lib/gcc/arm-atollic-eabi/6.3.1/armv7-m\libgcc.a(_arm_cmpdf2.o)
__errno                                           c:/program files (x86)/atollic/truestudio for stm32 9.3.0/armtools/bin/../lib/gcc/arm-atollic-eabi/6.3.1/../../../../arm-atollic-eabi/lib/armv7-m\libc_nano.a(lib_a-errno.o)
                                                  c:/program files (x86)/atollic/truestudio for stm32 9.3.0/armtools/bin/../lib/gcc/arm-atollic-eabi/6.3.1/../../../../arm-atollic-eabi/lib/armv7-m\libm.a(lib_a-w_pow.o)
                                                  c:/program files (x86)/atollic/truestudio for stm32 9.3.0/armtools/bin/../lib/gcc/arm-atollic-eabi/6.3.1/../../../../arm-atollic-eabi/lib/armv7-m\libm.a(lib_a-w_exp.o)
__extendsfdf2                                     c:/program files (x86)/atollic/truestudio for stm32 9.3.0/armtools/bin/../lib/gcc/arm-atollic-eabi/6.3.1/armv7-m\libgcc.a(_arm_addsubdf3.o)
__fdlib_version                                   c:/program files (x86)/atollic/truestudio for stm32 9.3.0/armtools/bin/../lib/gcc/arm-atollic-eabi/6.3.1/../../../../arm-atollic-eabi/lib/armv7-m\libm.a(lib_a-s_lib_ver.o)
                                                  c:/program files (x86)/atollic/truestudio for stm32 9.3.0/armtools/bin/../lib/gcc/arm-atollic-eabi/6.3.1/../../../../arm-atollic-eabi/lib/armv7-m\libm.a(lib_a-w_pow.o)
                                                  c:/program files (x86)/atollic/truestudio for stm32 9.3.0/armtools/bin/../lib/gcc/arm-atollic-eabi/6.3.1/../../../../arm-atollic-eabi/lib/armv7-m\libm.a(lib_a-w_exp.o)
__fixdfsi                                         c:/program files (x86)/atollic/truestudio for stm32 9.3.0/armtools/bin/../lib/gcc/arm-atollic-eabi/6.3.1/armv7-m\libgcc.a(_arm_fixdfsi.o)
__fixsfsi                                         c:/program files (x86)/atollic/truestudio for stm32 9.3.0/armtools/bin/../lib/gcc/arm-atollic-eabi/6.3.1/armv7-m\libgcc.a(_arm_fixsfsi.o)
__floatdidf                                       c:/program files (x86)/atollic/truestudio for stm32 9.3.0/armtools/bin/../lib/gcc/arm-atollic-eabi/6.3.1/armv7-m\libgcc.a(_arm_addsubdf3.o)
__floatsidf                                       c:/program files (x86)/atollic/truestudio for stm32 9.3.0/armtools/bin/../lib/gcc/arm-atollic-eabi/6.3.1/armv7-m\libgcc.a(_arm_addsubdf3.o)
__floatundidf                                     c:/program files (x86)/atollic/truestudio for stm32 9.3.0/armtools/bin/../lib/gcc/arm-atollic-eabi/6.3.1/armv7-m\libgcc.a(_arm_addsubdf3.o)
__floatunsidf                                     c:/program files (x86)/atollic/truestudio for stm32 9.3.0/armtools/bin/../lib/gcc/arm-atollic-eabi/6.3.1/armv7-m\libgcc.a(_arm_addsubdf3.o)
__gedf2                                           c:/program files (x86)/atollic/truestudio for stm32 9.3.0/armtools/bin/../lib/gcc/arm-atollic-eabi/6.3.1/armv7-m\libgcc.a(_arm_cmpdf2.o)
__gtdf2                                           c:/program files (x86)/atollic/truestudio for stm32 9.3.0/armtools/bin/../lib/gcc/arm-atollic-eabi/6.3.1/armv7-m\libgcc.a(_arm_cmpdf2.o)
__ieee754_exp                                     c:/program files (x86)/atollic/truestudio for stm32 9.3.0/armtools/bin/../lib/gcc/arm-atollic-eabi/6.3.1/../../../../arm-atollic-eabi/lib/armv7-m\libm.a(lib_a-e_exp.o)
                                                  c:/program files (x86)/atollic/truestudio for stm32 9.3.0/armtools/bin/../lib/gcc/arm-atollic-eabi/6.3.1/../../../../arm-atollic-eabi/lib/armv7-m\libm.a(lib_a-w_exp.o)
__ieee754_pow                                     c:/program files (x86)/atollic/truestudio for stm32 9.3.0/armtools/bin/../lib/gcc/arm-atollic-eabi/6.3.1/../../../../arm-atollic-eabi/lib/armv7-m\libm.a(lib_a-e_pow.o)
                                                  c:/program files (x86)/atollic/truestudio for stm32 9.3.0/armtools/bin/../lib/gcc/arm-atollic-eabi/6.3.1/../../../../arm-atollic-eabi/lib/armv7-m\libm.a(lib_a-w_pow.o)
__ieee754_sqrt                                    c:/program files (x86)/atollic/truestudio for stm32 9.3.0/armtools/bin/../lib/gcc/arm-atollic-eabi/6.3.1/../../../../arm-atollic-eabi/lib/armv7-m\libm.a(lib_a-e_sqrt.o)
                                                  c:/program files (x86)/atollic/truestudio for stm32 9.3.0/armtools/bin/../lib/gcc/arm-atollic-eabi/6.3.1/../../../../arm-atollic-eabi/lib/armv7-m\libm.a(lib_a-e_pow.o)
__init_array_end                                  c:/program files (x86)/atollic/truestudio for stm32 9.3.0/armtools/bin/../lib/gcc/arm-atollic-eabi/6.3.1/../../../../arm-atollic-eabi/lib/armv7-m\libc_nano.a(lib_a-init.o)
__init_array_start                                c:/program files (x86)/atollic/truestudio for stm32 9.3.0/armtools/bin/../lib/gcc/arm-atollic-eabi/6.3.1/../../../../arm-atollic-eabi/lib/armv7-m\libc_nano.a(lib_a-init.o)
__ledf2                                           c:/program files (x86)/atollic/truestudio for stm32 9.3.0/armtools/bin/../lib/gcc/arm-atollic-eabi/6.3.1/armv7-m\libgcc.a(_arm_cmpdf2.o)
__libc_init_array                                 c:/program files (x86)/atollic/truestudio for stm32 9.3.0/armtools/bin/../lib/gcc/arm-atollic-eabi/6.3.1/../../../../arm-atollic-eabi/lib/armv7-m\libc_nano.a(lib_a-init.o)
                                                  src\startup_stm32l152xe.o
__ltdf2                                           c:/program files (x86)/atollic/truestudio for stm32 9.3.0/armtools/bin/../lib/gcc/arm-atollic-eabi/6.3.1/armv7-m\libgcc.a(_arm_cmpdf2.o)
__muldf3                                          c:/program files (x86)/atollic/truestudio for stm32 9.3.0/armtools/bin/../lib/gcc/arm-atollic-eabi/6.3.1/armv7-m\libgcc.a(_arm_muldivdf3.o)
__mulsf3                                          c:/program files (x86)/atollic/truestudio for stm32 9.3.0/armtools/bin/../lib/gcc/arm-atollic-eabi/6.3.1/armv7-m\libgcc.a(_arm_muldivsf3.o)
__nedf2                                           c:/program files (x86)/atollic/truestudio for stm32 9.3.0/armtools/bin/../lib/gcc/arm-atollic-eabi/6.3.1/armv7-m\libgcc.a(_arm_cmpdf2.o)
__preinit_array_end                               c:/program files (x86)/atollic/truestudio for stm32 9.3.0/armtools/bin/../lib/gcc/arm-atollic-eabi/6.3.1/../../../../arm-atollic-eabi/lib/armv7-m\libc_nano.a(lib_a-init.o)
__preinit_array_start                             c:/program files (x86)/atollic/truestudio for stm32 9.3.0/armtools/bin/../lib/gcc/arm-atollic-eabi/6.3.1/../../../../arm-atollic-eabi/lib/armv7-m\libc_nano.a(lib_a-init.o)
__register_frame_info                             c:/program files (x86)/atollic/truestudio for stm32 9.3.0/armtools/bin/../lib/gcc/arm-atollic-eabi/6.3.1/armv7-m/crtbegin.o
__sf_fake_stderr                                  c:/program files (x86)/atollic/truestudio for stm32 9.3.0/armtools/bin/../lib/gcc/arm-atollic-eabi/6.3.1/../../../../arm-atollic-eabi/lib/armv7-m\libc_nano.a(lib_a-impure.o)
__sf_fake_stdin                                   c:/program files (x86)/atollic/truestudio for stm32 9.3.0/armtools/bin/../lib/gcc/arm-atollic-eabi/6.3.1/../../../../arm-atollic-eabi/lib/armv7-m\libc_nano.a(lib_a-impure.o)
__sf_fake_stdout                                  c:/program files (x86)/atollic/truestudio for stm32 9.3.0/armtools/bin/../lib/gcc/arm-atollic-eabi/6.3.1/../../../../arm-atollic-eabi/lib/armv7-m\libc_nano.a(lib_a-impure.o)
__subdf3                                          c:/program files (x86)/atollic/truestudio for stm32 9.3.0/armtools/bin/../lib/gcc/arm-atollic-eabi/6.3.1/armv7-m\libgcc.a(_arm_addsubdf3.o)
__truncdfsf2                                      c:/program files (x86)/atollic/truestudio for stm32 9.3.0/armtools/bin/../lib/gcc/arm-atollic-eabi/6.3.1/armv7-m\libgcc.a(_arm_truncdfsf2.o)
__unorddf2                                        c:/program files (x86)/atollic/truestudio for stm32 9.3.0/armtools/bin/../lib/gcc/arm-atollic-eabi/6.3.1/armv7-m\libgcc.a(_arm_unorddf2.o)
_ebss                                             src\startup_stm32l152xe.o
_edata                                            src\startup_stm32l152xe.o
_estack                                           src\startup_stm32l152xe.o
_fini                                             c:/program files (x86)/atollic/truestudio for stm32 9.3.0/armtools/bin/../lib/gcc/arm-atollic-eabi/6.3.1/armv7-m/crti.o
_global_impure_ptr                                c:/program files (x86)/atollic/truestudio for stm32 9.3.0/armtools/bin/../lib/gcc/arm-atollic-eabi/6.3.1/../../../../arm-atollic-eabi/lib/armv7-m\libc_nano.a(lib_a-impure.o)
_impure_ptr                                       c:/program files (x86)/atollic/truestudio for stm32 9.3.0/armtools/bin/../lib/gcc/arm-atollic-eabi/6.3.1/../../../../arm-atollic-eabi/lib/armv7-m\libc_nano.a(lib_a-impure.o)
                                                  c:/program files (x86)/atollic/truestudio for stm32 9.3.0/armtools/bin/../lib/gcc/arm-atollic-eabi/6.3.1/../../../../arm-atollic-eabi/lib/armv7-m\libc_nano.a(lib_a-errno.o)
_init                                             c:/program files (x86)/atollic/truestudio for stm32 9.3.0/armtools/bin/../lib/gcc/arm-atollic-eabi/6.3.1/armv7-m/crti.o
                                                  c:/program files (x86)/atollic/truestudio for stm32 9.3.0/armtools/bin/../lib/gcc/arm-atollic-eabi/6.3.1/../../../../arm-atollic-eabi/lib/armv7-m\libc_nano.a(lib_a-init.o)
_sbss                                             src\startup_stm32l152xe.o
_sdata                                            src\startup_stm32l152xe.o
_sidata                                           src\startup_stm32l152xe.o
_write                                            c:/program files (x86)/atollic/truestudio for stm32 9.3.0/armtools/bin/../lib/gcc/arm-atollic-eabi/6.3.1/../../../../arm-atollic-eabi/lib/armv7-m\libnosys.a(write.o)
                                                  src\tiny_printf.o
am2302Request                                     src\sensor\am2302\am2302.o
                                                  src\main.o
am2302ShowUart2                                   src\sensor\am2302\am2302.o
bmp085_calculate_B5                               src\sensor\bmp085\bmp085_calcu_temp.o